[2026-06-29T18:59:15.808+0000] {local_task_job_runner.py:123} INFO - ::group::Pre task execution logs
[2026-06-29T18:59:15.836+0000] {taskinstance.py:2612} INFO - Dependencies all met for dep_context=non-requeueable deps ti=<TaskInstance: extract_raw_data_pipeline.create_raw_schema manual__2026-06-29T16:10:01.317181+00:00 [queued]>
[2026-06-29T18:59:15.849+0000] {taskinstance.py:2612} INFO - Dependencies all met for dep_context=requeueable deps ti=<TaskInstance: extract_raw_data_pipeline.create_raw_schema manual__2026-06-29T16:10:01.317181+00:00 [queued]>
[2026-06-29T18:59:15.852+0000] {taskinstance.py:2865} INFO - Starting attempt 1 of 1
[2026-06-29T18:59:15.884+0000] {taskinstance.py:2888} INFO - Executing <Task(SQLExecuteQueryOperator): create_raw_schema> on 2026-06-29 16:10:01.317181+00:00
[2026-06-29T18:59:15.894+0000] {warnings.py:112} WARNING - /home/***/.local/lib/python3.12/site-packages/***/task/task_runner/standard_task_runner.py:70: DeprecationWarning: This process (pid=192) is multi-threaded, use of fork() may lead to deadlocks in the child.
  pid = os.fork()

[2026-06-29T18:59:15.898+0000] {standard_task_runner.py:72} INFO - Started process 202 to run task
[2026-06-29T18:59:15.898+0000] {standard_task_runner.py:104} INFO - Running: ['***', 'tasks', 'run', 'extract_raw_data_pipeline', 'create_raw_schema', 'manual__2026-06-29T16:10:01.317181+00:00', '--job-id', '65', '--raw', '--subdir', 'DAGS_FOLDER/driven_data_pipeline.py', '--cfg-path', '/tmp/tmpgy9k6a47']
[2026-06-29T18:59:15.901+0000] {standard_task_runner.py:105} INFO - Job 65: Subtask create_raw_schema
[2026-06-29T18:59:16.016+0000] {task_command.py:467} INFO - Running <TaskInstance: extract_raw_data_pipeline.create_raw_schema manual__2026-06-29T16:10:01.317181+00:00 [running]> on host 172.18.0.5
[2026-06-29T18:59:16.169+0000] {taskinstance.py:3131} INFO - Exporting env vars: AIRFLOW_CTX_DAG_OWNER='***' AIRFLOW_CTX_DAG_ID='extract_raw_data_pipeline' AIRFLOW_CTX_TASK_ID='create_raw_schema' AIRFLOW_CTX_EXECUTION_DATE='2026-06-29T16:10:01.317181+00:00' AIRFLOW_CTX_TRY_NUMBER='1' AIRFLOW_CTX_DAG_RUN_ID='manual__2026-06-29T16:10:01.317181+00:00'
[2026-06-29T18:59:16.172+0000] {taskinstance.py:731} INFO - ::endgroup::
[2026-06-29T18:59:16.246+0000] {sql.py:266} INFO - Executing: CREATE SCHEMA IF NOT EXISTS driven_raw;
[2026-06-29T18:59:16.263+0000] {base.py:84} INFO - Retrieving connection 'postgres_conn'
[2026-06-29T18:59:16.290+0000] {base.py:84} INFO - Retrieving connection 'postgres_conn'
[2026-06-29T18:59:16.300+0000] {sql.py:509} INFO - Running statement: CREATE SCHEMA IF NOT EXISTS driven_raw;, parameters: None
[2026-06-29T18:59:16.333+0000] {taskinstance.py:340} INFO - ::group::Post task execution logs
[2026-06-29T18:59:16.335+0000] {taskinstance.py:352} INFO - Marking task as SUCCESS. dag_id=extract_raw_data_pipeline, task_id=create_raw_schema, run_id=manual__2026-06-29T16:10:01.317181+00:00, execution_date=20260629T161001, start_date=20260629T185915, end_date=20260629T185916
[2026-06-29T18:59:16.401+0000] {local_task_job_runner.py:266} INFO - Task exited with return code 0
[2026-06-29T18:59:16.440+0000] {taskinstance.py:3900} INFO - 0 downstream tasks scheduled from follow-on schedule check
[2026-06-29T18:59:16.445+0000] {local_task_job_runner.py:245} INFO - ::endgroup::
