[2026-06-29T19:42:53.649+0000] {local_task_job_runner.py:123} INFO - ::group::Pre task execution logs
[2026-06-29T19:42:53.691+0000] {taskinstance.py:2612} INFO - Dependencies all met for dep_context=non-requeueable deps ti=<TaskInstance: extract_raw_data_pipeline.run_dbt_staging manual__2026-06-29T16:10:01.317181+00:00 [queued]>
[2026-06-29T19:42:53.707+0000] {taskinstance.py:2612} INFO - Dependencies all met for dep_context=requeueable deps ti=<TaskInstance: extract_raw_data_pipeline.run_dbt_staging manual__2026-06-29T16:10:01.317181+00:00 [queued]>
[2026-06-29T19:42:53.709+0000] {taskinstance.py:2865} INFO - Starting attempt 2 of 2
[2026-06-29T19:42:53.745+0000] {taskinstance.py:2888} INFO - Executing <Task(BashOperator): run_dbt_staging> on 2026-06-29 16:10:01.317181+00:00
[2026-06-29T19:42:53.758+0000] {warnings.py:112} WARNING - /home/***/.local/lib/python3.12/site-packages/***/task/task_runner/standard_task_runner.py:70: DeprecationWarning: This process (pid=575) is multi-threaded, use of fork() may lead to deadlocks in the child.
  pid = os.fork()

[2026-06-29T19:42:53.762+0000] {standard_task_runner.py:104} INFO - Running: ['***', 'tasks', 'run', 'extract_raw_data_pipeline', 'run_dbt_staging', 'manual__2026-06-29T16:10:01.317181+00:00', '--job-id', '70', '--raw', '--subdir', 'DAGS_FOLDER/driven_data_pipeline.py', '--cfg-path', '/tmp/tmpjc6mtm00']
[2026-06-29T19:42:53.766+0000] {standard_task_runner.py:72} INFO - Started process 579 to run task
[2026-06-29T19:42:53.766+0000] {standard_task_runner.py:105} INFO - Job 70: Subtask run_dbt_staging
[2026-06-29T19:42:53.925+0000] {task_command.py:467} INFO - Running <TaskInstance: extract_raw_data_pipeline.run_dbt_staging manual__2026-06-29T16:10:01.317181+00:00 [running]> on host 172.18.0.5
[2026-06-29T19:42:54.030+0000] {taskinstance.py:3131} INFO - Exporting env vars: AIRFLOW_CTX_DAG_OWNER='***' AIRFLOW_CTX_DAG_ID='extract_raw_data_pipeline' AIRFLOW_CTX_TASK_ID='run_dbt_staging' AIRFLOW_CTX_EXECUTION_DATE='2026-06-29T16:10:01.317181+00:00' AIRFLOW_CTX_TRY_NUMBER='2' AIRFLOW_CTX_DAG_RUN_ID='manual__2026-06-29T16:10:01.317181+00:00'
[2026-06-29T19:42:54.032+0000] {taskinstance.py:731} INFO - ::endgroup::
[2026-06-29T19:42:54.051+0000] {subprocess.py:63} INFO - Tmp dir root location: /tmp
[2026-06-29T19:42:54.053+0000] {subprocess.py:75} INFO - Running command: ['/usr/bin/bash', '-c', 'set -x; cd /opt/***/dbt && dbt run --select tag:staging']
[2026-06-29T19:42:54.066+0000] {subprocess.py:86} INFO - Output:
[2026-06-29T19:42:54.068+0000] {subprocess.py:93} INFO - + cd /opt/***/dbt
[2026-06-29T19:42:54.069+0000] {subprocess.py:93} INFO - + dbt run --select tag:staging
[2026-06-29T19:42:56.991+0000] {subprocess.py:93} INFO - [0m19:42:56  Running with dbt=1.8.0
[2026-06-29T19:42:57.370+0000] {subprocess.py:93} INFO - [0m19:42:57  Registered adapter: postgres=1.8.2
[2026-06-29T19:42:58.942+0000] {subprocess.py:93} INFO - [0m19:42:58  Found 9 models, 10 sources, 428 macros
[2026-06-29T19:42:58.949+0000] {subprocess.py:93} INFO - [0m19:42:58
[2026-06-29T19:42:59.119+0000] {subprocess.py:93} INFO - [0m19:42:59  Concurrency: 1 threads (target='dev')
[2026-06-29T19:42:59.120+0000] {subprocess.py:93} INFO - [0m19:42:59
[2026-06-29T19:42:59.136+0000] {subprocess.py:93} INFO - [0m19:42:59  1 of 5 START sql table model driven_staging.dim_address ........................ [RUN]
[2026-06-29T19:42:59.355+0000] {subprocess.py:93} INFO - [0m19:42:59  1 of 5 OK created sql table model driven_staging.dim_address ................... [[32mSELECT 593[0m in 0.22s]
[2026-06-29T19:42:59.359+0000] {subprocess.py:93} INFO - [0m19:42:59  2 of 5 START sql table model driven_staging.dim_date ........................... [RUN]
[2026-06-29T19:42:59.459+0000] {subprocess.py:93} INFO - [0m19:42:59  2 of 5 OK created sql table model driven_staging.dim_date ...................... [[32mSELECT 593[0m in 0.10s]
[2026-06-29T19:42:59.463+0000] {subprocess.py:93} INFO - [0m19:42:59  3 of 5 START sql table model driven_staging.dim_finance ........................ [RUN]
[2026-06-29T19:42:59.562+0000] {subprocess.py:93} INFO - [0m19:42:59  3 of 5 OK created sql table model driven_staging.dim_finance ................... [[32mSELECT 593[0m in 0.10s]
[2026-06-29T19:42:59.566+0000] {subprocess.py:93} INFO - [0m19:42:59  4 of 5 START sql table model driven_staging.dim_person ......................... [RUN]
[2026-06-29T19:42:59.696+0000] {subprocess.py:93} INFO - [0m19:42:59  4 of 5 OK created sql table model driven_staging.dim_person .................... [[32mSELECT 593[0m in 0.13s]
[2026-06-29T19:42:59.700+0000] {subprocess.py:93} INFO - [0m19:42:59  5 of 5 START sql table model driven_staging.fact_network_usage ................. [RUN]
[2026-06-29T19:42:59.845+0000] {subprocess.py:93} INFO - [0m19:42:59  5 of 5 OK created sql table model driven_staging.fact_network_usage ............ [[32mSELECT 593[0m in 0.14s]
[2026-06-29T19:42:59.889+0000] {subprocess.py:93} INFO - [0m19:42:59
[2026-06-29T19:42:59.891+0000] {subprocess.py:93} INFO - [0m19:42:59  Finished running 5 table models in 0 hours 0 minutes and 0.94 seconds (0.94s).
[2026-06-29T19:42:59.974+0000] {subprocess.py:93} INFO - [0m19:42:59
[2026-06-29T19:42:59.975+0000] {subprocess.py:93} INFO - [0m19:42:59  [32mCompleted successfully[0m
[2026-06-29T19:42:59.976+0000] {subprocess.py:93} INFO - [0m19:42:59
[2026-06-29T19:42:59.977+0000] {subprocess.py:93} INFO - [0m19:42:59  Done. PASS=5 WARN=0 ERROR=0 SKIP=0 TOTAL=5
[2026-06-29T19:43:00.680+0000] {subprocess.py:97} INFO - Command exited with return code 0
[2026-06-29T19:43:00.712+0000] {taskinstance.py:340} INFO - ::group::Post task execution logs
[2026-06-29T19:43:00.713+0000] {taskinstance.py:352} INFO - Marking task as SUCCESS. dag_id=extract_raw_data_pipeline, task_id=run_dbt_staging, run_id=manual__2026-06-29T16:10:01.317181+00:00, execution_date=20260629T161001, start_date=20260629T194253, end_date=20260629T194300
[2026-06-29T19:43:00.769+0000] {local_task_job_runner.py:266} INFO - Task exited with return code 0
[2026-06-29T19:43:00.790+0000] {taskinstance.py:3900} INFO - 1 downstream tasks scheduled from follow-on schedule check
[2026-06-29T19:43:00.795+0000] {local_task_job_runner.py:245} INFO - ::endgroup::
