[2026-06-29T15:57:33.676+0000] {local_task_job_runner.py:123} INFO - ::group::Pre task execution logs
[2026-06-29T15:57:33.718+0000] {taskinstance.py:2612} INFO - Dependencies all met for dep_context=non-requeueable deps ti=<TaskInstance: extract_raw_data_pipeline.create_raw_chema scheduled__2026-06-29T07:58:00+00:00 [queued]>
[2026-06-29T15:57:33.736+0000] {taskinstance.py:2612} INFO - Dependencies all met for dep_context=requeueable deps ti=<TaskInstance: extract_raw_data_pipeline.create_raw_chema scheduled__2026-06-29T07:58:00+00:00 [queued]>
[2026-06-29T15:57:33.740+0000] {taskinstance.py:2865} INFO - Starting attempt 2 of 2
[2026-06-29T15:57:33.765+0000] {taskinstance.py:2888} INFO - Executing <Task(SQLExecuteQueryOperator): create_raw_chema> on 2026-06-29 07:58:00+00:00
[2026-06-29T15:57:33.787+0000] {warnings.py:112} WARNING - /home/***/.local/lib/python3.12/site-packages/***/task/task_runner/standard_task_runner.py:70: DeprecationWarning: This process (pid=293) is multi-threaded, use of fork() may lead to deadlocks in the child.
  pid = os.fork()

[2026-06-29T15:57:33.786+0000] {standard_task_runner.py:104} INFO - Running: ['***', 'tasks', 'run', 'extract_raw_data_pipeline', 'create_raw_chema', 'scheduled__2026-06-29T07:58:00+00:00', '--job-id', '53', '--raw', '--subdir', 'DAGS_FOLDER/driven_data_pipeline.py', '--cfg-path', '/tmp/tmp8o9f3ccl']
[2026-06-29T15:57:33.791+0000] {standard_task_runner.py:72} INFO - Started process 300 to run task
[2026-06-29T15:57:33.793+0000] {standard_task_runner.py:105} INFO - Job 53: Subtask create_raw_chema
[2026-06-29T15:57:34.054+0000] {task_command.py:467} INFO - Running <TaskInstance: extract_raw_data_pipeline.create_raw_chema scheduled__2026-06-29T07:58:00+00:00 [running]> on host 296d79d10479
[2026-06-29T15:57:34.392+0000] {taskinstance.py:3131} INFO - Exporting env vars: AIRFLOW_CTX_DAG_OWNER='***' AIRFLOW_CTX_DAG_ID='extract_raw_data_pipeline' AIRFLOW_CTX_TASK_ID='create_raw_chema' AIRFLOW_CTX_EXECUTION_DATE='2026-06-29T07:58:00+00:00' AIRFLOW_CTX_TRY_NUMBER='2' AIRFLOW_CTX_DAG_RUN_ID='scheduled__2026-06-29T07:58:00+00:00'
[2026-06-29T15:57:34.395+0000] {taskinstance.py:731} INFO - ::endgroup::
[2026-06-29T15:57:34.506+0000] {sql.py:266} INFO - Executing: CREATE SCHEMA IF NOT EXISTS driven_raw;
[2026-06-29T15:57:34.544+0000] {base.py:84} INFO - Retrieving connection 'postgres_conn'
[2026-06-29T15:57:34.642+0000] {base.py:84} INFO - Retrieving connection 'postgres_conn'
[2026-06-29T15:57:34.673+0000] {sql.py:509} INFO - Running statement: CREATE SCHEMA IF NOT EXISTS driven_raw;, parameters: None
[2026-06-29T15:57:34.779+0000] {taskinstance.py:340} INFO - ::group::Post task execution logs
[2026-06-29T15:57:34.782+0000] {taskinstance.py:352} INFO - Marking task as SUCCESS. dag_id=extract_raw_data_pipeline, task_id=create_raw_chema, run_id=scheduled__2026-06-29T07:58:00+00:00, execution_date=20260629T075800, start_date=20260629T155733, end_date=20260629T155734
[2026-06-29T15:57:35.061+0000] {local_task_job_runner.py:266} INFO - Task exited with return code 0
[2026-06-29T15:57:35.316+0000] {taskinstance.py:3900} INFO - 0 downstream tasks scheduled from follow-on schedule check
[2026-06-29T15:57:35.343+0000] {local_task_job_runner.py:245} INFO - ::endgroup::
