[2026-06-29T18:59:20.381+0000] {local_task_job_runner.py:123} INFO - ::group::Pre task execution logs
[2026-06-29T18:59:20.416+0000] {taskinstance.py:2612} INFO - Dependencies all met for dep_context=non-requeueable deps ti=<TaskInstance: extract_raw_data_pipeline.load_raw_data manual__2026-06-29T16:10:01.317181+00:00 [queued]>
[2026-06-29T18:59:20.437+0000] {taskinstance.py:2612} INFO - Dependencies all met for dep_context=requeueable deps ti=<TaskInstance: extract_raw_data_pipeline.load_raw_data manual__2026-06-29T16:10:01.317181+00:00 [queued]>
[2026-06-29T18:59:20.442+0000] {taskinstance.py:2865} INFO - Starting attempt 1 of 1
[2026-06-29T18:59:20.470+0000] {taskinstance.py:2888} INFO - Executing <Task(SQLExecuteQueryOperator): load_raw_data> on 2026-06-29 16:10:01.317181+00:00
[2026-06-29T18:59:20.479+0000] {warnings.py:112} WARNING - /home/***/.local/lib/python3.12/site-packages/***/task/task_runner/standard_task_runner.py:70: DeprecationWarning: This process (pid=247) is multi-threaded, use of fork() may lead to deadlocks in the child.
  pid = os.fork()

[2026-06-29T18:59:20.483+0000] {standard_task_runner.py:72} INFO - Started process 251 to run task
[2026-06-29T18:59:20.483+0000] {standard_task_runner.py:104} INFO - Running: ['***', 'tasks', 'run', 'extract_raw_data_pipeline', 'load_raw_data', 'manual__2026-06-29T16:10:01.317181+00:00', '--job-id', '68', '--raw', '--subdir', 'DAGS_FOLDER/driven_data_pipeline.py', '--cfg-path', '/tmp/tmpwqlcgqyc']
[2026-06-29T18:59:20.485+0000] {standard_task_runner.py:105} INFO - Job 68: Subtask load_raw_data
[2026-06-29T18:59:20.606+0000] {task_command.py:467} INFO - Running <TaskInstance: extract_raw_data_pipeline.load_raw_data manual__2026-06-29T16:10:01.317181+00:00 [running]> on host 172.18.0.5
[2026-06-29T18:59:20.745+0000] {taskinstance.py:3131} INFO - Exporting env vars: AIRFLOW_CTX_DAG_OWNER='***' AIRFLOW_CTX_DAG_ID='extract_raw_data_pipeline' AIRFLOW_CTX_TASK_ID='load_raw_data' AIRFLOW_CTX_EXECUTION_DATE='2026-06-29T16:10:01.317181+00:00' AIRFLOW_CTX_TRY_NUMBER='1' AIRFLOW_CTX_DAG_RUN_ID='manual__2026-06-29T16:10:01.317181+00:00'
[2026-06-29T18:59:20.748+0000] {taskinstance.py:731} INFO - ::endgroup::
[2026-06-29T18:59:20.773+0000] {sql.py:266} INFO - Executing: 
        COPY driven_raw.raw_batch_data(
            person_name, user_name, email, personal_number, birth_date,
            address, phone, mac_address, ip_address, clabe, accessed_at,
            session_duration, download_speed, upload_speed, consumed_traffic, unique_id
        )
        FROM '/opt/***/data/raw_data.csv'
        DELIMITER ','
        CSV HEADER;
    
[2026-06-29T18:59:20.789+0000] {base.py:84} INFO - Retrieving connection 'postgres_conn'
[2026-06-29T18:59:20.805+0000] {base.py:84} INFO - Retrieving connection 'postgres_conn'
[2026-06-29T18:59:20.812+0000] {sql.py:509} INFO - Running statement: 
        COPY driven_raw.raw_batch_data(
            person_name, user_name, email, personal_number, birth_date,
            address, phone, mac_address, ip_address, clabe, accessed_at,
            session_duration, download_speed, upload_speed, consumed_traffic, unique_id
        )
        FROM '/opt/***/data/raw_data.csv'
        DELIMITER ','
        CSV HEADER;
    , parameters: None
[2026-06-29T18:59:20.833+0000] {sql.py:518} INFO - Rows affected: 593
[2026-06-29T18:59:20.855+0000] {taskinstance.py:340} INFO - ::group::Post task execution logs
[2026-06-29T18:59:20.857+0000] {taskinstance.py:352} INFO - Marking task as SUCCESS. dag_id=extract_raw_data_pipeline, task_id=load_raw_data, run_id=manual__2026-06-29T16:10:01.317181+00:00, execution_date=20260629T161001, start_date=20260629T185920, end_date=20260629T185920
[2026-06-29T18:59:20.903+0000] {local_task_job_runner.py:266} INFO - Task exited with return code 0
[2026-06-29T18:59:20.942+0000] {taskinstance.py:3900} INFO - 1 downstream tasks scheduled from follow-on schedule check
[2026-06-29T18:59:20.946+0000] {local_task_job_runner.py:245} INFO - ::endgroup::
