[2026-06-18T22:41:27.378+0000] {processor.py:186} INFO - Started process (PID=99) to work on /home/airflow/.local/lib/python3.12/site-packages/airflow/example_dags/example_dataset_alias.py
[2026-06-18T22:41:27.380+0000] {processor.py:914} INFO - Processing file /home/airflow/.local/lib/python3.12/site-packages/airflow/example_dags/example_dataset_alias.py for tasks to queue
[2026-06-18T22:41:27.386+0000] {logging_mixin.py:190} INFO - [2026-06-18T22:41:27.385+0000] {dagbag.py:588} INFO - Filling up the DagBag from /home/airflow/.local/lib/python3.12/site-packages/airflow/example_dags/example_dataset_alias.py
[2026-06-18T22:41:27.844+0000] {processor.py:925} INFO - DAG(s) 'dataset_s3_bucket_consumer', 'dataset_alias_example_alias_consumer', 'dataset_alias_example_alias_producer', 'dataset_s3_bucket_producer' retrieved from /home/airflow/.local/lib/python3.12/site-packages/airflow/example_dags/example_dataset_alias.py
[2026-06-18T22:41:27.880+0000] {logging_mixin.py:190} INFO - [2026-06-18T22:41:27.880+0000] {dag.py:3239} INFO - Sync 4 DAGs
[2026-06-18T22:41:27.915+0000] {logging_mixin.py:190} INFO - [2026-06-18T22:41:27.915+0000] {dag.py:4180} INFO - Setting next_dagrun for dataset_alias_example_alias_consumer to None, run_after=None
[2026-06-18T22:41:27.919+0000] {logging_mixin.py:190} INFO - [2026-06-18T22:41:27.919+0000] {dag.py:4180} INFO - Setting next_dagrun for dataset_alias_example_alias_producer to None, run_after=None
[2026-06-18T22:41:27.921+0000] {logging_mixin.py:190} INFO - [2026-06-18T22:41:27.921+0000] {dag.py:4180} INFO - Setting next_dagrun for dataset_s3_bucket_consumer to None, run_after=None
[2026-06-18T22:41:27.925+0000] {logging_mixin.py:190} INFO - [2026-06-18T22:41:27.924+0000] {dag.py:4180} INFO - Setting next_dagrun for dataset_s3_bucket_producer to None, run_after=None
[2026-06-18T22:41:27.965+0000] {processor.py:208} INFO - Processing /home/airflow/.local/lib/python3.12/site-packages/airflow/example_dags/example_dataset_alias.py took 0.599 seconds
[2026-06-18T22:41:58.078+0000] {processor.py:186} INFO - Started process (PID=164) to work on /home/airflow/.local/lib/python3.12/site-packages/airflow/example_dags/example_dataset_alias.py
[2026-06-18T22:41:58.085+0000] {processor.py:914} INFO - Processing file /home/airflow/.local/lib/python3.12/site-packages/airflow/example_dags/example_dataset_alias.py for tasks to queue
[2026-06-18T22:41:58.089+0000] {logging_mixin.py:190} INFO - [2026-06-18T22:41:58.088+0000] {dagbag.py:588} INFO - Filling up the DagBag from /home/airflow/.local/lib/python3.12/site-packages/airflow/example_dags/example_dataset_alias.py
[2026-06-18T22:41:58.281+0000] {processor.py:925} INFO - DAG(s) 'dataset_alias_example_alias_producer', 'dataset_s3_bucket_consumer', 'dataset_alias_example_alias_consumer', 'dataset_s3_bucket_producer' retrieved from /home/airflow/.local/lib/python3.12/site-packages/airflow/example_dags/example_dataset_alias.py
[2026-06-18T22:41:58.310+0000] {logging_mixin.py:190} INFO - [2026-06-18T22:41:58.309+0000] {dag.py:3239} INFO - Sync 4 DAGs
[2026-06-18T22:41:58.343+0000] {logging_mixin.py:190} INFO - [2026-06-18T22:41:58.343+0000] {dag.py:4180} INFO - Setting next_dagrun for dataset_alias_example_alias_consumer to None, run_after=None
[2026-06-18T22:41:58.347+0000] {logging_mixin.py:190} INFO - [2026-06-18T22:41:58.347+0000] {dag.py:4180} INFO - Setting next_dagrun for dataset_alias_example_alias_producer to None, run_after=None
[2026-06-18T22:41:58.350+0000] {logging_mixin.py:190} INFO - [2026-06-18T22:41:58.350+0000] {dag.py:4180} INFO - Setting next_dagrun for dataset_s3_bucket_consumer to None, run_after=None
[2026-06-18T22:41:58.353+0000] {logging_mixin.py:190} INFO - [2026-06-18T22:41:58.352+0000] {dag.py:4180} INFO - Setting next_dagrun for dataset_s3_bucket_producer to None, run_after=None
[2026-06-18T22:41:58.396+0000] {processor.py:208} INFO - Processing /home/airflow/.local/lib/python3.12/site-packages/airflow/example_dags/example_dataset_alias.py took 0.326 seconds
[2026-06-18T22:42:29.131+0000] {processor.py:186} INFO - Started process (PID=228) to work on /home/airflow/.local/lib/python3.12/site-packages/airflow/example_dags/example_dataset_alias.py
[2026-06-18T22:42:29.132+0000] {processor.py:914} INFO - Processing file /home/airflow/.local/lib/python3.12/site-packages/airflow/example_dags/example_dataset_alias.py for tasks to queue
[2026-06-18T22:42:29.135+0000] {logging_mixin.py:190} INFO - [2026-06-18T22:42:29.135+0000] {dagbag.py:588} INFO - Filling up the DagBag from /home/airflow/.local/lib/python3.12/site-packages/airflow/example_dags/example_dataset_alias.py
[2026-06-18T22:42:29.274+0000] {processor.py:925} INFO - DAG(s) 'dataset_s3_bucket_producer', 'dataset_alias_example_alias_producer', 'dataset_alias_example_alias_consumer', 'dataset_s3_bucket_consumer' retrieved from /home/airflow/.local/lib/python3.12/site-packages/airflow/example_dags/example_dataset_alias.py
[2026-06-18T22:42:29.295+0000] {logging_mixin.py:190} INFO - [2026-06-18T22:42:29.294+0000] {dag.py:3239} INFO - Sync 4 DAGs
[2026-06-18T22:42:29.316+0000] {logging_mixin.py:190} INFO - [2026-06-18T22:42:29.316+0000] {dag.py:4180} INFO - Setting next_dagrun for dataset_alias_example_alias_consumer to None, run_after=None
[2026-06-18T22:42:29.319+0000] {logging_mixin.py:190} INFO - [2026-06-18T22:42:29.319+0000] {dag.py:4180} INFO - Setting next_dagrun for dataset_alias_example_alias_producer to None, run_after=None
[2026-06-18T22:42:29.320+0000] {logging_mixin.py:190} INFO - [2026-06-18T22:42:29.320+0000] {dag.py:4180} INFO - Setting next_dagrun for dataset_s3_bucket_consumer to None, run_after=None
[2026-06-18T22:42:29.322+0000] {logging_mixin.py:190} INFO - [2026-06-18T22:42:29.321+0000] {dag.py:4180} INFO - Setting next_dagrun for dataset_s3_bucket_producer to None, run_after=None
[2026-06-18T22:42:29.351+0000] {processor.py:208} INFO - Processing /home/airflow/.local/lib/python3.12/site-packages/airflow/example_dags/example_dataset_alias.py took 0.225 seconds
[2026-06-18T22:42:59.493+0000] {processor.py:186} INFO - Started process (PID=294) to work on /home/airflow/.local/lib/python3.12/site-packages/airflow/example_dags/example_dataset_alias.py
[2026-06-18T22:42:59.494+0000] {processor.py:914} INFO - Processing file /home/airflow/.local/lib/python3.12/site-packages/airflow/example_dags/example_dataset_alias.py for tasks to queue
[2026-06-18T22:42:59.497+0000] {logging_mixin.py:190} INFO - [2026-06-18T22:42:59.497+0000] {dagbag.py:588} INFO - Filling up the DagBag from /home/airflow/.local/lib/python3.12/site-packages/airflow/example_dags/example_dataset_alias.py
[2026-06-18T22:42:59.627+0000] {processor.py:925} INFO - DAG(s) 'dataset_s3_bucket_consumer', 'dataset_s3_bucket_producer', 'dataset_alias_example_alias_producer', 'dataset_alias_example_alias_consumer' retrieved from /home/airflow/.local/lib/python3.12/site-packages/airflow/example_dags/example_dataset_alias.py
[2026-06-18T22:42:59.648+0000] {logging_mixin.py:190} INFO - [2026-06-18T22:42:59.648+0000] {dag.py:3239} INFO - Sync 4 DAGs
[2026-06-18T22:42:59.672+0000] {logging_mixin.py:190} INFO - [2026-06-18T22:42:59.672+0000] {dag.py:4180} INFO - Setting next_dagrun for dataset_alias_example_alias_consumer to None, run_after=None
[2026-06-18T22:42:59.675+0000] {logging_mixin.py:190} INFO - [2026-06-18T22:42:59.675+0000] {dag.py:4180} INFO - Setting next_dagrun for dataset_alias_example_alias_producer to None, run_after=None
[2026-06-18T22:42:59.678+0000] {logging_mixin.py:190} INFO - [2026-06-18T22:42:59.678+0000] {dag.py:4180} INFO - Setting next_dagrun for dataset_s3_bucket_consumer to None, run_after=None
[2026-06-18T22:42:59.680+0000] {logging_mixin.py:190} INFO - [2026-06-18T22:42:59.680+0000] {dag.py:4180} INFO - Setting next_dagrun for dataset_s3_bucket_producer to None, run_after=None
[2026-06-18T22:42:59.708+0000] {processor.py:208} INFO - Processing /home/airflow/.local/lib/python3.12/site-packages/airflow/example_dags/example_dataset_alias.py took 0.220 seconds
[2026-06-18T22:43:30.188+0000] {processor.py:186} INFO - Started process (PID=356) to work on /home/airflow/.local/lib/python3.12/site-packages/airflow/example_dags/example_dataset_alias.py
[2026-06-18T22:43:30.190+0000] {processor.py:914} INFO - Processing file /home/airflow/.local/lib/python3.12/site-packages/airflow/example_dags/example_dataset_alias.py for tasks to queue
[2026-06-18T22:43:30.192+0000] {logging_mixin.py:190} INFO - [2026-06-18T22:43:30.192+0000] {dagbag.py:588} INFO - Filling up the DagBag from /home/airflow/.local/lib/python3.12/site-packages/airflow/example_dags/example_dataset_alias.py
[2026-06-18T22:43:30.315+0000] {processor.py:925} INFO - DAG(s) 'dataset_alias_example_alias_consumer', 'dataset_s3_bucket_consumer', 'dataset_alias_example_alias_producer', 'dataset_s3_bucket_producer' retrieved from /home/airflow/.local/lib/python3.12/site-packages/airflow/example_dags/example_dataset_alias.py
[2026-06-18T22:43:30.335+0000] {logging_mixin.py:190} INFO - [2026-06-18T22:43:30.335+0000] {dag.py:3239} INFO - Sync 4 DAGs
[2026-06-18T22:43:30.353+0000] {logging_mixin.py:190} INFO - [2026-06-18T22:43:30.353+0000] {dag.py:4180} INFO - Setting next_dagrun for dataset_alias_example_alias_consumer to None, run_after=None
[2026-06-18T22:43:30.356+0000] {logging_mixin.py:190} INFO - [2026-06-18T22:43:30.356+0000] {dag.py:4180} INFO - Setting next_dagrun for dataset_alias_example_alias_producer to None, run_after=None
[2026-06-18T22:43:30.358+0000] {logging_mixin.py:190} INFO - [2026-06-18T22:43:30.358+0000] {dag.py:4180} INFO - Setting next_dagrun for dataset_s3_bucket_consumer to None, run_after=None
[2026-06-18T22:43:30.359+0000] {logging_mixin.py:190} INFO - [2026-06-18T22:43:30.359+0000] {dag.py:4180} INFO - Setting next_dagrun for dataset_s3_bucket_producer to None, run_after=None
[2026-06-18T22:43:30.384+0000] {processor.py:208} INFO - Processing /home/airflow/.local/lib/python3.12/site-packages/airflow/example_dags/example_dataset_alias.py took 0.200 seconds
[2026-06-18T22:44:00.750+0000] {processor.py:186} INFO - Started process (PID=420) to work on /home/airflow/.local/lib/python3.12/site-packages/airflow/example_dags/example_dataset_alias.py
[2026-06-18T22:44:00.752+0000] {processor.py:914} INFO - Processing file /home/airflow/.local/lib/python3.12/site-packages/airflow/example_dags/example_dataset_alias.py for tasks to queue
[2026-06-18T22:44:00.756+0000] {logging_mixin.py:190} INFO - [2026-06-18T22:44:00.755+0000] {dagbag.py:588} INFO - Filling up the DagBag from /home/airflow/.local/lib/python3.12/site-packages/airflow/example_dags/example_dataset_alias.py
[2026-06-18T22:44:00.945+0000] {processor.py:925} INFO - DAG(s) 'dataset_s3_bucket_producer', 'dataset_s3_bucket_consumer', 'dataset_alias_example_alias_producer', 'dataset_alias_example_alias_consumer' retrieved from /home/airflow/.local/lib/python3.12/site-packages/airflow/example_dags/example_dataset_alias.py
[2026-06-18T22:44:00.966+0000] {logging_mixin.py:190} INFO - [2026-06-18T22:44:00.966+0000] {dag.py:3239} INFO - Sync 4 DAGs
[2026-06-18T22:44:00.990+0000] {logging_mixin.py:190} INFO - [2026-06-18T22:44:00.990+0000] {dag.py:4180} INFO - Setting next_dagrun for dataset_alias_example_alias_consumer to None, run_after=None
[2026-06-18T22:44:00.994+0000] {logging_mixin.py:190} INFO - [2026-06-18T22:44:00.994+0000] {dag.py:4180} INFO - Setting next_dagrun for dataset_alias_example_alias_producer to None, run_after=None
[2026-06-18T22:44:00.997+0000] {logging_mixin.py:190} INFO - [2026-06-18T22:44:00.996+0000] {dag.py:4180} INFO - Setting next_dagrun for dataset_s3_bucket_consumer to None, run_after=None
[2026-06-18T22:44:00.998+0000] {logging_mixin.py:190} INFO - [2026-06-18T22:44:00.998+0000] {dag.py:4180} INFO - Setting next_dagrun for dataset_s3_bucket_producer to None, run_after=None
[2026-06-18T22:44:01.022+0000] {processor.py:208} INFO - Processing /home/airflow/.local/lib/python3.12/site-packages/airflow/example_dags/example_dataset_alias.py took 0.279 seconds
[2026-06-18T22:44:31.875+0000] {processor.py:186} INFO - Started process (PID=484) to work on /home/airflow/.local/lib/python3.12/site-packages/airflow/example_dags/example_dataset_alias.py
[2026-06-18T22:44:31.877+0000] {processor.py:914} INFO - Processing file /home/airflow/.local/lib/python3.12/site-packages/airflow/example_dags/example_dataset_alias.py for tasks to queue
[2026-06-18T22:44:31.881+0000] {logging_mixin.py:190} INFO - [2026-06-18T22:44:31.880+0000] {dagbag.py:588} INFO - Filling up the DagBag from /home/airflow/.local/lib/python3.12/site-packages/airflow/example_dags/example_dataset_alias.py
[2026-06-18T22:44:32.049+0000] {processor.py:925} INFO - DAG(s) 'dataset_s3_bucket_consumer', 'dataset_s3_bucket_producer', 'dataset_alias_example_alias_producer', 'dataset_alias_example_alias_consumer' retrieved from /home/airflow/.local/lib/python3.12/site-packages/airflow/example_dags/example_dataset_alias.py
[2026-06-18T22:44:32.073+0000] {logging_mixin.py:190} INFO - [2026-06-18T22:44:32.073+0000] {dag.py:3239} INFO - Sync 4 DAGs
[2026-06-18T22:44:32.103+0000] {logging_mixin.py:190} INFO - [2026-06-18T22:44:32.103+0000] {dag.py:4180} INFO - Setting next_dagrun for dataset_alias_example_alias_consumer to None, run_after=None
[2026-06-18T22:44:32.107+0000] {logging_mixin.py:190} INFO - [2026-06-18T22:44:32.107+0000] {dag.py:4180} INFO - Setting next_dagrun for dataset_alias_example_alias_producer to None, run_after=None
[2026-06-18T22:44:32.110+0000] {logging_mixin.py:190} INFO - [2026-06-18T22:44:32.110+0000] {dag.py:4180} INFO - Setting next_dagrun for dataset_s3_bucket_consumer to None, run_after=None
[2026-06-18T22:44:32.112+0000] {logging_mixin.py:190} INFO - [2026-06-18T22:44:32.112+0000] {dag.py:4180} INFO - Setting next_dagrun for dataset_s3_bucket_producer to None, run_after=None
[2026-06-18T22:44:32.139+0000] {processor.py:208} INFO - Processing /home/airflow/.local/lib/python3.12/site-packages/airflow/example_dags/example_dataset_alias.py took 0.270 seconds
[2026-06-18T22:45:02.544+0000] {processor.py:186} INFO - Started process (PID=548) to work on /home/airflow/.local/lib/python3.12/site-packages/airflow/example_dags/example_dataset_alias.py
[2026-06-18T22:45:02.546+0000] {processor.py:914} INFO - Processing file /home/airflow/.local/lib/python3.12/site-packages/airflow/example_dags/example_dataset_alias.py for tasks to queue
[2026-06-18T22:45:02.548+0000] {logging_mixin.py:190} INFO - [2026-06-18T22:45:02.548+0000] {dagbag.py:588} INFO - Filling up the DagBag from /home/airflow/.local/lib/python3.12/site-packages/airflow/example_dags/example_dataset_alias.py
[2026-06-18T22:45:02.700+0000] {processor.py:925} INFO - DAG(s) 'dataset_alias_example_alias_producer', 'dataset_alias_example_alias_consumer', 'dataset_s3_bucket_producer', 'dataset_s3_bucket_consumer' retrieved from /home/airflow/.local/lib/python3.12/site-packages/airflow/example_dags/example_dataset_alias.py
[2026-06-18T22:45:02.724+0000] {logging_mixin.py:190} INFO - [2026-06-18T22:45:02.724+0000] {dag.py:3239} INFO - Sync 4 DAGs
[2026-06-18T22:45:02.746+0000] {logging_mixin.py:190} INFO - [2026-06-18T22:45:02.745+0000] {dag.py:4180} INFO - Setting next_dagrun for dataset_alias_example_alias_consumer to None, run_after=None
[2026-06-18T22:45:02.748+0000] {logging_mixin.py:190} INFO - [2026-06-18T22:45:02.748+0000] {dag.py:4180} INFO - Setting next_dagrun for dataset_alias_example_alias_producer to None, run_after=None
[2026-06-18T22:45:02.750+0000] {logging_mixin.py:190} INFO - [2026-06-18T22:45:02.750+0000] {dag.py:4180} INFO - Setting next_dagrun for dataset_s3_bucket_consumer to None, run_after=None
[2026-06-18T22:45:02.751+0000] {logging_mixin.py:190} INFO - [2026-06-18T22:45:02.751+0000] {dag.py:4180} INFO - Setting next_dagrun for dataset_s3_bucket_producer to None, run_after=None
[2026-06-18T22:45:02.773+0000] {processor.py:208} INFO - Processing /home/airflow/.local/lib/python3.12/site-packages/airflow/example_dags/example_dataset_alias.py took 0.234 seconds
[2026-06-18T22:45:33.449+0000] {processor.py:186} INFO - Started process (PID=614) to work on /home/airflow/.local/lib/python3.12/site-packages/airflow/example_dags/example_dataset_alias.py
[2026-06-18T22:45:33.451+0000] {processor.py:914} INFO - Processing file /home/airflow/.local/lib/python3.12/site-packages/airflow/example_dags/example_dataset_alias.py for tasks to queue
[2026-06-18T22:45:33.453+0000] {logging_mixin.py:190} INFO - [2026-06-18T22:45:33.452+0000] {dagbag.py:588} INFO - Filling up the DagBag from /home/airflow/.local/lib/python3.12/site-packages/airflow/example_dags/example_dataset_alias.py
[2026-06-18T22:45:33.592+0000] {processor.py:925} INFO - DAG(s) 'dataset_alias_example_alias_consumer', 'dataset_s3_bucket_producer', 'dataset_alias_example_alias_producer', 'dataset_s3_bucket_consumer' retrieved from /home/airflow/.local/lib/python3.12/site-packages/airflow/example_dags/example_dataset_alias.py
[2026-06-18T22:45:33.613+0000] {logging_mixin.py:190} INFO - [2026-06-18T22:45:33.613+0000] {dag.py:3239} INFO - Sync 4 DAGs
[2026-06-18T22:45:33.636+0000] {logging_mixin.py:190} INFO - [2026-06-18T22:45:33.636+0000] {dag.py:4180} INFO - Setting next_dagrun for dataset_alias_example_alias_consumer to None, run_after=None
[2026-06-18T22:45:33.640+0000] {logging_mixin.py:190} INFO - [2026-06-18T22:45:33.639+0000] {dag.py:4180} INFO - Setting next_dagrun for dataset_alias_example_alias_producer to None, run_after=None
[2026-06-18T22:45:33.641+0000] {logging_mixin.py:190} INFO - [2026-06-18T22:45:33.641+0000] {dag.py:4180} INFO - Setting next_dagrun for dataset_s3_bucket_consumer to None, run_after=None
[2026-06-18T22:45:33.643+0000] {logging_mixin.py:190} INFO - [2026-06-18T22:45:33.643+0000] {dag.py:4180} INFO - Setting next_dagrun for dataset_s3_bucket_producer to None, run_after=None
[2026-06-18T22:45:33.665+0000] {processor.py:208} INFO - Processing /home/airflow/.local/lib/python3.12/site-packages/airflow/example_dags/example_dataset_alias.py took 0.220 seconds
[2026-06-18T22:46:03.722+0000] {processor.py:186} INFO - Started process (PID=679) to work on /home/airflow/.local/lib/python3.12/site-packages/airflow/example_dags/example_dataset_alias.py
[2026-06-18T22:46:03.723+0000] {processor.py:914} INFO - Processing file /home/airflow/.local/lib/python3.12/site-packages/airflow/example_dags/example_dataset_alias.py for tasks to queue
[2026-06-18T22:46:03.726+0000] {logging_mixin.py:190} INFO - [2026-06-18T22:46:03.726+0000] {dagbag.py:588} INFO - Filling up the DagBag from /home/airflow/.local/lib/python3.12/site-packages/airflow/example_dags/example_dataset_alias.py
[2026-06-18T22:46:03.876+0000] {processor.py:925} INFO - DAG(s) 'dataset_alias_example_alias_producer', 'dataset_s3_bucket_consumer', 'dataset_s3_bucket_producer', 'dataset_alias_example_alias_consumer' retrieved from /home/airflow/.local/lib/python3.12/site-packages/airflow/example_dags/example_dataset_alias.py
[2026-06-18T22:46:03.897+0000] {logging_mixin.py:190} INFO - [2026-06-18T22:46:03.897+0000] {dag.py:3239} INFO - Sync 4 DAGs
[2026-06-18T22:46:03.919+0000] {logging_mixin.py:190} INFO - [2026-06-18T22:46:03.919+0000] {dag.py:4180} INFO - Setting next_dagrun for dataset_alias_example_alias_consumer to None, run_after=None
[2026-06-18T22:46:03.922+0000] {logging_mixin.py:190} INFO - [2026-06-18T22:46:03.922+0000] {dag.py:4180} INFO - Setting next_dagrun for dataset_alias_example_alias_producer to None, run_after=None
[2026-06-18T22:46:03.923+0000] {logging_mixin.py:190} INFO - [2026-06-18T22:46:03.923+0000] {dag.py:4180} INFO - Setting next_dagrun for dataset_s3_bucket_consumer to None, run_after=None
[2026-06-18T22:46:03.924+0000] {logging_mixin.py:190} INFO - [2026-06-18T22:46:03.924+0000] {dag.py:4180} INFO - Setting next_dagrun for dataset_s3_bucket_producer to None, run_after=None
[2026-06-18T22:46:03.952+0000] {processor.py:208} INFO - Processing /home/airflow/.local/lib/python3.12/site-packages/airflow/example_dags/example_dataset_alias.py took 0.235 seconds
