[2026-06-18T22:41:29.828+0000] {processor.py:186} INFO - Started process (PID=117) to work on /home/airflow/.local/lib/python3.12/site-packages/airflow/example_dags/example_outlet_event_extra.py
[2026-06-18T22:41:29.830+0000] {processor.py:914} INFO - Processing file /home/airflow/.local/lib/python3.12/site-packages/airflow/example_dags/example_outlet_event_extra.py for tasks to queue
[2026-06-18T22:41:29.834+0000] {logging_mixin.py:190} INFO - [2026-06-18T22:41:29.833+0000] {dagbag.py:588} INFO - Filling up the DagBag from /home/airflow/.local/lib/python3.12/site-packages/airflow/example_dags/example_outlet_event_extra.py
[2026-06-18T22:41:30.029+0000] {processor.py:925} INFO - DAG(s) 'dataset_with_extra_by_context', 'dataset_with_extra_from_classic_operator', 'dataset_with_extra_by_yield' retrieved from /home/airflow/.local/lib/python3.12/site-packages/airflow/example_dags/example_outlet_event_extra.py
[2026-06-18T22:41:30.068+0000] {logging_mixin.py:190} INFO - [2026-06-18T22:41:30.068+0000] {dag.py:3239} INFO - Sync 3 DAGs
[2026-06-18T22:41:30.103+0000] {logging_mixin.py:190} INFO - [2026-06-18T22:41:30.102+0000] {dag.py:4180} INFO - Setting next_dagrun for dataset_with_extra_by_context to 2026-06-17 00:00:00+00:00, run_after=2026-06-18 00:00:00+00:00
[2026-06-18T22:41:30.112+0000] {logging_mixin.py:190} INFO - [2026-06-18T22:41:30.112+0000] {dag.py:4180} INFO - Setting next_dagrun for dataset_with_extra_by_yield to 2026-06-17 00:00:00+00:00, run_after=2026-06-18 00:00:00+00:00
[2026-06-18T22:41:30.117+0000] {logging_mixin.py:190} INFO - [2026-06-18T22:41:30.117+0000] {dag.py:4180} INFO - Setting next_dagrun for dataset_with_extra_from_classic_operator to 2026-06-17 00:00:00+00:00, run_after=2026-06-18 00:00:00+00:00
[2026-06-18T22:41:30.165+0000] {processor.py:208} INFO - Processing /home/airflow/.local/lib/python3.12/site-packages/airflow/example_dags/example_outlet_event_extra.py took 0.344 seconds
[2026-06-18T22:42:00.453+0000] {processor.py:186} INFO - Started process (PID=181) to work on /home/airflow/.local/lib/python3.12/site-packages/airflow/example_dags/example_outlet_event_extra.py
[2026-06-18T22:42:00.461+0000] {processor.py:914} INFO - Processing file /home/airflow/.local/lib/python3.12/site-packages/airflow/example_dags/example_outlet_event_extra.py for tasks to queue
[2026-06-18T22:42:00.464+0000] {logging_mixin.py:190} INFO - [2026-06-18T22:42:00.464+0000] {dagbag.py:588} INFO - Filling up the DagBag from /home/airflow/.local/lib/python3.12/site-packages/airflow/example_dags/example_outlet_event_extra.py
[2026-06-18T22:42:00.626+0000] {processor.py:925} INFO - DAG(s) 'dataset_with_extra_by_context', 'dataset_with_extra_by_yield', 'dataset_with_extra_from_classic_operator' retrieved from /home/airflow/.local/lib/python3.12/site-packages/airflow/example_dags/example_outlet_event_extra.py
[2026-06-18T22:42:00.668+0000] {logging_mixin.py:190} INFO - [2026-06-18T22:42:00.668+0000] {dag.py:3239} INFO - Sync 3 DAGs
[2026-06-18T22:42:00.701+0000] {logging_mixin.py:190} INFO - [2026-06-18T22:42:00.701+0000] {dag.py:4180} INFO - Setting next_dagrun for dataset_with_extra_by_context to 2026-06-17 00:00:00+00:00, run_after=2026-06-18 00:00:00+00:00
[2026-06-18T22:42:00.707+0000] {logging_mixin.py:190} INFO - [2026-06-18T22:42:00.707+0000] {dag.py:4180} INFO - Setting next_dagrun for dataset_with_extra_by_yield to 2026-06-17 00:00:00+00:00, run_after=2026-06-18 00:00:00+00:00
[2026-06-18T22:42:00.711+0000] {logging_mixin.py:190} INFO - [2026-06-18T22:42:00.711+0000] {dag.py:4180} INFO - Setting next_dagrun for dataset_with_extra_from_classic_operator to 2026-06-17 00:00:00+00:00, run_after=2026-06-18 00:00:00+00:00
[2026-06-18T22:42:00.749+0000] {processor.py:208} INFO - Processing /home/airflow/.local/lib/python3.12/site-packages/airflow/example_dags/example_outlet_event_extra.py took 0.303 seconds
[2026-06-18T22:42:30.809+0000] {processor.py:186} INFO - Started process (PID=245) to work on /home/airflow/.local/lib/python3.12/site-packages/airflow/example_dags/example_outlet_event_extra.py
[2026-06-18T22:42:30.811+0000] {processor.py:914} INFO - Processing file /home/airflow/.local/lib/python3.12/site-packages/airflow/example_dags/example_outlet_event_extra.py for tasks to queue
[2026-06-18T22:42:30.814+0000] {logging_mixin.py:190} INFO - [2026-06-18T22:42:30.814+0000] {dagbag.py:588} INFO - Filling up the DagBag from /home/airflow/.local/lib/python3.12/site-packages/airflow/example_dags/example_outlet_event_extra.py
[2026-06-18T22:42:30.976+0000] {processor.py:925} INFO - DAG(s) 'dataset_with_extra_from_classic_operator', 'dataset_with_extra_by_context', 'dataset_with_extra_by_yield' retrieved from /home/airflow/.local/lib/python3.12/site-packages/airflow/example_dags/example_outlet_event_extra.py
[2026-06-18T22:42:31.005+0000] {logging_mixin.py:190} INFO - [2026-06-18T22:42:31.005+0000] {dag.py:3239} INFO - Sync 3 DAGs
[2026-06-18T22:42:31.033+0000] {logging_mixin.py:190} INFO - [2026-06-18T22:42:31.033+0000] {dag.py:4180} INFO - Setting next_dagrun for dataset_with_extra_by_context to 2026-06-17 00:00:00+00:00, run_after=2026-06-18 00:00:00+00:00
[2026-06-18T22:42:31.040+0000] {logging_mixin.py:190} INFO - [2026-06-18T22:42:31.039+0000] {dag.py:4180} INFO - Setting next_dagrun for dataset_with_extra_by_yield to 2026-06-17 00:00:00+00:00, run_after=2026-06-18 00:00:00+00:00
[2026-06-18T22:42:31.044+0000] {logging_mixin.py:190} INFO - [2026-06-18T22:42:31.043+0000] {dag.py:4180} INFO - Setting next_dagrun for dataset_with_extra_from_classic_operator to 2026-06-17 00:00:00+00:00, run_after=2026-06-18 00:00:00+00:00
[2026-06-18T22:42:31.079+0000] {processor.py:208} INFO - Processing /home/airflow/.local/lib/python3.12/site-packages/airflow/example_dags/example_outlet_event_extra.py took 0.277 seconds
[2026-06-18T22:43:01.471+0000] {processor.py:186} INFO - Started process (PID=309) to work on /home/airflow/.local/lib/python3.12/site-packages/airflow/example_dags/example_outlet_event_extra.py
[2026-06-18T22:43:01.472+0000] {processor.py:914} INFO - Processing file /home/airflow/.local/lib/python3.12/site-packages/airflow/example_dags/example_outlet_event_extra.py for tasks to queue
[2026-06-18T22:43:01.475+0000] {logging_mixin.py:190} INFO - [2026-06-18T22:43:01.474+0000] {dagbag.py:588} INFO - Filling up the DagBag from /home/airflow/.local/lib/python3.12/site-packages/airflow/example_dags/example_outlet_event_extra.py
[2026-06-18T22:43:01.591+0000] {processor.py:925} INFO - DAG(s) 'dataset_with_extra_by_context', 'dataset_with_extra_from_classic_operator', 'dataset_with_extra_by_yield' retrieved from /home/airflow/.local/lib/python3.12/site-packages/airflow/example_dags/example_outlet_event_extra.py
[2026-06-18T22:43:01.614+0000] {logging_mixin.py:190} INFO - [2026-06-18T22:43:01.614+0000] {dag.py:3239} INFO - Sync 3 DAGs
[2026-06-18T22:43:01.638+0000] {logging_mixin.py:190} INFO - [2026-06-18T22:43:01.638+0000] {dag.py:4180} INFO - Setting next_dagrun for dataset_with_extra_by_context to 2026-06-17 00:00:00+00:00, run_after=2026-06-18 00:00:00+00:00
[2026-06-18T22:43:01.643+0000] {logging_mixin.py:190} INFO - [2026-06-18T22:43:01.643+0000] {dag.py:4180} INFO - Setting next_dagrun for dataset_with_extra_by_yield to 2026-06-17 00:00:00+00:00, run_after=2026-06-18 00:00:00+00:00
[2026-06-18T22:43:01.646+0000] {logging_mixin.py:190} INFO - [2026-06-18T22:43:01.646+0000] {dag.py:4180} INFO - Setting next_dagrun for dataset_with_extra_from_classic_operator to 2026-06-17 00:00:00+00:00, run_after=2026-06-18 00:00:00+00:00
[2026-06-18T22:43:01.671+0000] {processor.py:208} INFO - Processing /home/airflow/.local/lib/python3.12/site-packages/airflow/example_dags/example_outlet_event_extra.py took 0.205 seconds
[2026-06-18T22:43:32.343+0000] {processor.py:186} INFO - Started process (PID=373) to work on /home/airflow/.local/lib/python3.12/site-packages/airflow/example_dags/example_outlet_event_extra.py
[2026-06-18T22:43:32.344+0000] {processor.py:914} INFO - Processing file /home/airflow/.local/lib/python3.12/site-packages/airflow/example_dags/example_outlet_event_extra.py for tasks to queue
[2026-06-18T22:43:32.347+0000] {logging_mixin.py:190} INFO - [2026-06-18T22:43:32.346+0000] {dagbag.py:588} INFO - Filling up the DagBag from /home/airflow/.local/lib/python3.12/site-packages/airflow/example_dags/example_outlet_event_extra.py
[2026-06-18T22:43:32.458+0000] {processor.py:925} INFO - DAG(s) 'dataset_with_extra_by_yield', 'dataset_with_extra_from_classic_operator', 'dataset_with_extra_by_context' retrieved from /home/airflow/.local/lib/python3.12/site-packages/airflow/example_dags/example_outlet_event_extra.py
[2026-06-18T22:43:32.480+0000] {logging_mixin.py:190} INFO - [2026-06-18T22:43:32.480+0000] {dag.py:3239} INFO - Sync 3 DAGs
[2026-06-18T22:43:32.501+0000] {logging_mixin.py:190} INFO - [2026-06-18T22:43:32.501+0000] {dag.py:4180} INFO - Setting next_dagrun for dataset_with_extra_by_context to 2026-06-17 00:00:00+00:00, run_after=2026-06-18 00:00:00+00:00
[2026-06-18T22:43:32.505+0000] {logging_mixin.py:190} INFO - [2026-06-18T22:43:32.505+0000] {dag.py:4180} INFO - Setting next_dagrun for dataset_with_extra_by_yield to 2026-06-17 00:00:00+00:00, run_after=2026-06-18 00:00:00+00:00
[2026-06-18T22:43:32.507+0000] {logging_mixin.py:190} INFO - [2026-06-18T22:43:32.507+0000] {dag.py:4180} INFO - Setting next_dagrun for dataset_with_extra_from_classic_operator to 2026-06-17 00:00:00+00:00, run_after=2026-06-18 00:00:00+00:00
[2026-06-18T22:43:32.529+0000] {processor.py:208} INFO - Processing /home/airflow/.local/lib/python3.12/site-packages/airflow/example_dags/example_outlet_event_extra.py took 0.195 seconds
[2026-06-18T22:44:03.042+0000] {processor.py:186} INFO - Started process (PID=437) to work on /home/airflow/.local/lib/python3.12/site-packages/airflow/example_dags/example_outlet_event_extra.py
[2026-06-18T22:44:03.044+0000] {processor.py:914} INFO - Processing file /home/airflow/.local/lib/python3.12/site-packages/airflow/example_dags/example_outlet_event_extra.py for tasks to queue
[2026-06-18T22:44:03.050+0000] {logging_mixin.py:190} INFO - [2026-06-18T22:44:03.049+0000] {dagbag.py:588} INFO - Filling up the DagBag from /home/airflow/.local/lib/python3.12/site-packages/airflow/example_dags/example_outlet_event_extra.py
[2026-06-18T22:44:03.197+0000] {processor.py:925} INFO - DAG(s) 'dataset_with_extra_by_yield', 'dataset_with_extra_by_context', 'dataset_with_extra_from_classic_operator' retrieved from /home/airflow/.local/lib/python3.12/site-packages/airflow/example_dags/example_outlet_event_extra.py
[2026-06-18T22:44:03.226+0000] {logging_mixin.py:190} INFO - [2026-06-18T22:44:03.226+0000] {dag.py:3239} INFO - Sync 3 DAGs
[2026-06-18T22:44:03.248+0000] {logging_mixin.py:190} INFO - [2026-06-18T22:44:03.248+0000] {dag.py:4180} INFO - Setting next_dagrun for dataset_with_extra_by_context to 2026-06-17 00:00:00+00:00, run_after=2026-06-18 00:00:00+00:00
[2026-06-18T22:44:03.252+0000] {logging_mixin.py:190} INFO - [2026-06-18T22:44:03.252+0000] {dag.py:4180} INFO - Setting next_dagrun for dataset_with_extra_by_yield to 2026-06-17 00:00:00+00:00, run_after=2026-06-18 00:00:00+00:00
[2026-06-18T22:44:03.255+0000] {logging_mixin.py:190} INFO - [2026-06-18T22:44:03.254+0000] {dag.py:4180} INFO - Setting next_dagrun for dataset_with_extra_from_classic_operator to 2026-06-17 00:00:00+00:00, run_after=2026-06-18 00:00:00+00:00
[2026-06-18T22:44:03.275+0000] {processor.py:208} INFO - Processing /home/airflow/.local/lib/python3.12/site-packages/airflow/example_dags/example_outlet_event_extra.py took 0.239 seconds
[2026-06-18T22:44:33.652+0000] {processor.py:186} INFO - Started process (PID=501) to work on /home/airflow/.local/lib/python3.12/site-packages/airflow/example_dags/example_outlet_event_extra.py
[2026-06-18T22:44:33.653+0000] {processor.py:914} INFO - Processing file /home/airflow/.local/lib/python3.12/site-packages/airflow/example_dags/example_outlet_event_extra.py for tasks to queue
[2026-06-18T22:44:33.656+0000] {logging_mixin.py:190} INFO - [2026-06-18T22:44:33.656+0000] {dagbag.py:588} INFO - Filling up the DagBag from /home/airflow/.local/lib/python3.12/site-packages/airflow/example_dags/example_outlet_event_extra.py
[2026-06-18T22:44:33.806+0000] {processor.py:925} INFO - DAG(s) 'dataset_with_extra_by_context', 'dataset_with_extra_by_yield', 'dataset_with_extra_from_classic_operator' retrieved from /home/airflow/.local/lib/python3.12/site-packages/airflow/example_dags/example_outlet_event_extra.py
[2026-06-18T22:44:33.838+0000] {logging_mixin.py:190} INFO - [2026-06-18T22:44:33.838+0000] {dag.py:3239} INFO - Sync 3 DAGs
[2026-06-18T22:44:33.874+0000] {logging_mixin.py:190} INFO - [2026-06-18T22:44:33.874+0000] {dag.py:4180} INFO - Setting next_dagrun for dataset_with_extra_by_context to 2026-06-17 00:00:00+00:00, run_after=2026-06-18 00:00:00+00:00
[2026-06-18T22:44:33.881+0000] {logging_mixin.py:190} INFO - [2026-06-18T22:44:33.881+0000] {dag.py:4180} INFO - Setting next_dagrun for dataset_with_extra_by_yield to 2026-06-17 00:00:00+00:00, run_after=2026-06-18 00:00:00+00:00
[2026-06-18T22:44:33.885+0000] {logging_mixin.py:190} INFO - [2026-06-18T22:44:33.885+0000] {dag.py:4180} INFO - Setting next_dagrun for dataset_with_extra_from_classic_operator to 2026-06-17 00:00:00+00:00, run_after=2026-06-18 00:00:00+00:00
[2026-06-18T22:44:33.908+0000] {processor.py:208} INFO - Processing /home/airflow/.local/lib/python3.12/site-packages/airflow/example_dags/example_outlet_event_extra.py took 0.263 seconds
[2026-06-18T22:45:03.994+0000] {processor.py:186} INFO - Started process (PID=565) to work on /home/airflow/.local/lib/python3.12/site-packages/airflow/example_dags/example_outlet_event_extra.py
[2026-06-18T22:45:03.995+0000] {processor.py:914} INFO - Processing file /home/airflow/.local/lib/python3.12/site-packages/airflow/example_dags/example_outlet_event_extra.py for tasks to queue
[2026-06-18T22:45:03.998+0000] {logging_mixin.py:190} INFO - [2026-06-18T22:45:03.997+0000] {dagbag.py:588} INFO - Filling up the DagBag from /home/airflow/.local/lib/python3.12/site-packages/airflow/example_dags/example_outlet_event_extra.py
[2026-06-18T22:45:04.157+0000] {processor.py:925} INFO - DAG(s) 'dataset_with_extra_by_yield', 'dataset_with_extra_from_classic_operator', 'dataset_with_extra_by_context' retrieved from /home/airflow/.local/lib/python3.12/site-packages/airflow/example_dags/example_outlet_event_extra.py
[2026-06-18T22:45:04.184+0000] {logging_mixin.py:190} INFO - [2026-06-18T22:45:04.184+0000] {dag.py:3239} INFO - Sync 3 DAGs
[2026-06-18T22:45:04.205+0000] {logging_mixin.py:190} INFO - [2026-06-18T22:45:04.204+0000] {dag.py:4180} INFO - Setting next_dagrun for dataset_with_extra_by_context to 2026-06-17 00:00:00+00:00, run_after=2026-06-18 00:00:00+00:00
[2026-06-18T22:45:04.208+0000] {logging_mixin.py:190} INFO - [2026-06-18T22:45:04.208+0000] {dag.py:4180} INFO - Setting next_dagrun for dataset_with_extra_by_yield to 2026-06-17 00:00:00+00:00, run_after=2026-06-18 00:00:00+00:00
[2026-06-18T22:45:04.212+0000] {logging_mixin.py:190} INFO - [2026-06-18T22:45:04.211+0000] {dag.py:4180} INFO - Setting next_dagrun for dataset_with_extra_from_classic_operator to 2026-06-17 00:00:00+00:00, run_after=2026-06-18 00:00:00+00:00
[2026-06-18T22:45:04.230+0000] {processor.py:208} INFO - Processing /home/airflow/.local/lib/python3.12/site-packages/airflow/example_dags/example_outlet_event_extra.py took 0.241 seconds
[2026-06-18T22:45:34.596+0000] {processor.py:186} INFO - Started process (PID=631) to work on /home/airflow/.local/lib/python3.12/site-packages/airflow/example_dags/example_outlet_event_extra.py
[2026-06-18T22:45:34.597+0000] {processor.py:914} INFO - Processing file /home/airflow/.local/lib/python3.12/site-packages/airflow/example_dags/example_outlet_event_extra.py for tasks to queue
[2026-06-18T22:45:34.600+0000] {logging_mixin.py:190} INFO - [2026-06-18T22:45:34.600+0000] {dagbag.py:588} INFO - Filling up the DagBag from /home/airflow/.local/lib/python3.12/site-packages/airflow/example_dags/example_outlet_event_extra.py
[2026-06-18T22:45:34.728+0000] {processor.py:925} INFO - DAG(s) 'dataset_with_extra_from_classic_operator', 'dataset_with_extra_by_context', 'dataset_with_extra_by_yield' retrieved from /home/airflow/.local/lib/python3.12/site-packages/airflow/example_dags/example_outlet_event_extra.py
[2026-06-18T22:45:34.751+0000] {logging_mixin.py:190} INFO - [2026-06-18T22:45:34.751+0000] {dag.py:3239} INFO - Sync 3 DAGs
[2026-06-18T22:45:34.772+0000] {logging_mixin.py:190} INFO - [2026-06-18T22:45:34.772+0000] {dag.py:4180} INFO - Setting next_dagrun for dataset_with_extra_by_context to 2026-06-17 00:00:00+00:00, run_after=2026-06-18 00:00:00+00:00
[2026-06-18T22:45:34.777+0000] {logging_mixin.py:190} INFO - [2026-06-18T22:45:34.776+0000] {dag.py:4180} INFO - Setting next_dagrun for dataset_with_extra_by_yield to 2026-06-17 00:00:00+00:00, run_after=2026-06-18 00:00:00+00:00
[2026-06-18T22:45:34.779+0000] {logging_mixin.py:190} INFO - [2026-06-18T22:45:34.779+0000] {dag.py:4180} INFO - Setting next_dagrun for dataset_with_extra_from_classic_operator to 2026-06-17 00:00:00+00:00, run_after=2026-06-18 00:00:00+00:00
[2026-06-18T22:45:34.802+0000] {processor.py:208} INFO - Processing /home/airflow/.local/lib/python3.12/site-packages/airflow/example_dags/example_outlet_event_extra.py took 0.212 seconds
[2026-06-18T22:46:04.996+0000] {processor.py:186} INFO - Started process (PID=695) to work on /home/airflow/.local/lib/python3.12/site-packages/airflow/example_dags/example_outlet_event_extra.py
[2026-06-18T22:46:04.997+0000] {processor.py:914} INFO - Processing file /home/airflow/.local/lib/python3.12/site-packages/airflow/example_dags/example_outlet_event_extra.py for tasks to queue
[2026-06-18T22:46:05.000+0000] {logging_mixin.py:190} INFO - [2026-06-18T22:46:04.999+0000] {dagbag.py:588} INFO - Filling up the DagBag from /home/airflow/.local/lib/python3.12/site-packages/airflow/example_dags/example_outlet_event_extra.py
[2026-06-18T22:46:05.117+0000] {processor.py:925} INFO - DAG(s) 'dataset_with_extra_by_context', 'dataset_with_extra_from_classic_operator', 'dataset_with_extra_by_yield' retrieved from /home/airflow/.local/lib/python3.12/site-packages/airflow/example_dags/example_outlet_event_extra.py
[2026-06-18T22:46:05.141+0000] {logging_mixin.py:190} INFO - [2026-06-18T22:46:05.141+0000] {dag.py:3239} INFO - Sync 3 DAGs
[2026-06-18T22:46:05.163+0000] {logging_mixin.py:190} INFO - [2026-06-18T22:46:05.163+0000] {dag.py:4180} INFO - Setting next_dagrun for dataset_with_extra_by_context to 2026-06-17 00:00:00+00:00, run_after=2026-06-18 00:00:00+00:00
[2026-06-18T22:46:05.168+0000] {logging_mixin.py:190} INFO - [2026-06-18T22:46:05.168+0000] {dag.py:4180} INFO - Setting next_dagrun for dataset_with_extra_by_yield to 2026-06-17 00:00:00+00:00, run_after=2026-06-18 00:00:00+00:00
[2026-06-18T22:46:05.170+0000] {logging_mixin.py:190} INFO - [2026-06-18T22:46:05.170+0000] {dag.py:4180} INFO - Setting next_dagrun for dataset_with_extra_from_classic_operator to 2026-06-17 00:00:00+00:00, run_after=2026-06-18 00:00:00+00:00
[2026-06-18T22:46:05.191+0000] {processor.py:208} INFO - Processing /home/airflow/.local/lib/python3.12/site-packages/airflow/example_dags/example_outlet_event_extra.py took 0.200 seconds
