[2026-06-18T22:41:20.881+0000] {processor.py:186} INFO - Started process (PID=63) to work on /home/airflow/.local/lib/python3.12/site-packages/airflow/example_dags/example_branch_day_of_week_operator.py
[2026-06-18T22:41:20.884+0000] {processor.py:914} INFO - Processing file /home/airflow/.local/lib/python3.12/site-packages/airflow/example_dags/example_branch_day_of_week_operator.py for tasks to queue
[2026-06-18T22:41:20.894+0000] {logging_mixin.py:190} INFO - [2026-06-18T22:41:20.893+0000] {dagbag.py:588} INFO - Filling up the DagBag from /home/airflow/.local/lib/python3.12/site-packages/airflow/example_dags/example_branch_day_of_week_operator.py
[2026-06-18T22:41:20.943+0000] {processor.py:925} INFO - DAG(s) 'example_weekday_branch_operator' retrieved from /home/airflow/.local/lib/python3.12/site-packages/airflow/example_dags/example_branch_day_of_week_operator.py
[2026-06-18T22:41:21.058+0000] {logging_mixin.py:190} INFO - [2026-06-18T22:41:21.056+0000] {dag.py:3239} INFO - Sync 1 DAGs
[2026-06-18T22:41:21.170+0000] {logging_mixin.py:190} INFO - [2026-06-18T22:41:21.169+0000] {dag.py:4180} INFO - Setting next_dagrun for example_weekday_branch_operator to 2026-06-17 00:00:00+00:00, run_after=2026-06-18 00:00:00+00:00
[2026-06-18T22:41:21.237+0000] {processor.py:208} INFO - Processing /home/airflow/.local/lib/python3.12/site-packages/airflow/example_dags/example_branch_day_of_week_operator.py took 0.374 seconds
[2026-06-18T22:41:51.526+0000] {processor.py:186} INFO - Started process (PID=127) to work on /home/airflow/.local/lib/python3.12/site-packages/airflow/example_dags/example_branch_day_of_week_operator.py
[2026-06-18T22:41:51.594+0000] {processor.py:914} INFO - Processing file /home/airflow/.local/lib/python3.12/site-packages/airflow/example_dags/example_branch_day_of_week_operator.py for tasks to queue
[2026-06-18T22:41:51.598+0000] {logging_mixin.py:190} INFO - [2026-06-18T22:41:51.597+0000] {dagbag.py:588} INFO - Filling up the DagBag from /home/airflow/.local/lib/python3.12/site-packages/airflow/example_dags/example_branch_day_of_week_operator.py
[2026-06-18T22:41:51.606+0000] {processor.py:925} INFO - DAG(s) 'example_weekday_branch_operator' retrieved from /home/airflow/.local/lib/python3.12/site-packages/airflow/example_dags/example_branch_day_of_week_operator.py
[2026-06-18T22:41:51.629+0000] {logging_mixin.py:190} INFO - [2026-06-18T22:41:51.628+0000] {dag.py:3239} INFO - Sync 1 DAGs
[2026-06-18T22:41:51.652+0000] {logging_mixin.py:190} INFO - [2026-06-18T22:41:51.651+0000] {dag.py:4180} INFO - Setting next_dagrun for example_weekday_branch_operator to 2026-06-17 00:00:00+00:00, run_after=2026-06-18 00:00:00+00:00
[2026-06-18T22:41:51.701+0000] {processor.py:208} INFO - Processing /home/airflow/.local/lib/python3.12/site-packages/airflow/example_dags/example_branch_day_of_week_operator.py took 0.181 seconds
[2026-06-18T22:42:22.535+0000] {processor.py:186} INFO - Started process (PID=197) to work on /home/airflow/.local/lib/python3.12/site-packages/airflow/example_dags/example_branch_day_of_week_operator.py
[2026-06-18T22:42:22.536+0000] {processor.py:914} INFO - Processing file /home/airflow/.local/lib/python3.12/site-packages/airflow/example_dags/example_branch_day_of_week_operator.py for tasks to queue
[2026-06-18T22:42:22.539+0000] {logging_mixin.py:190} INFO - [2026-06-18T22:42:22.539+0000] {dagbag.py:588} INFO - Filling up the DagBag from /home/airflow/.local/lib/python3.12/site-packages/airflow/example_dags/example_branch_day_of_week_operator.py
[2026-06-18T22:42:22.551+0000] {processor.py:925} INFO - DAG(s) 'example_weekday_branch_operator' retrieved from /home/airflow/.local/lib/python3.12/site-packages/airflow/example_dags/example_branch_day_of_week_operator.py
[2026-06-18T22:42:22.585+0000] {logging_mixin.py:190} INFO - [2026-06-18T22:42:22.585+0000] {dag.py:3239} INFO - Sync 1 DAGs
[2026-06-18T22:42:22.624+0000] {logging_mixin.py:190} INFO - [2026-06-18T22:42:22.623+0000] {dag.py:4180} INFO - Setting next_dagrun for example_weekday_branch_operator to 2026-06-17 00:00:00+00:00, run_after=2026-06-18 00:00:00+00:00
[2026-06-18T22:42:22.653+0000] {processor.py:208} INFO - Processing /home/airflow/.local/lib/python3.12/site-packages/airflow/example_dags/example_branch_day_of_week_operator.py took 0.126 seconds
[2026-06-18T22:42:52.864+0000] {processor.py:186} INFO - Started process (PID=261) to work on /home/airflow/.local/lib/python3.12/site-packages/airflow/example_dags/example_branch_day_of_week_operator.py
[2026-06-18T22:42:52.865+0000] {processor.py:914} INFO - Processing file /home/airflow/.local/lib/python3.12/site-packages/airflow/example_dags/example_branch_day_of_week_operator.py for tasks to queue
[2026-06-18T22:42:52.868+0000] {logging_mixin.py:190} INFO - [2026-06-18T22:42:52.868+0000] {dagbag.py:588} INFO - Filling up the DagBag from /home/airflow/.local/lib/python3.12/site-packages/airflow/example_dags/example_branch_day_of_week_operator.py
[2026-06-18T22:42:52.880+0000] {processor.py:925} INFO - DAG(s) 'example_weekday_branch_operator' retrieved from /home/airflow/.local/lib/python3.12/site-packages/airflow/example_dags/example_branch_day_of_week_operator.py
[2026-06-18T22:42:52.906+0000] {logging_mixin.py:190} INFO - [2026-06-18T22:42:52.906+0000] {dag.py:3239} INFO - Sync 1 DAGs
[2026-06-18T22:42:52.935+0000] {logging_mixin.py:190} INFO - [2026-06-18T22:42:52.934+0000] {dag.py:4180} INFO - Setting next_dagrun for example_weekday_branch_operator to 2026-06-17 00:00:00+00:00, run_after=2026-06-18 00:00:00+00:00
[2026-06-18T22:42:52.960+0000] {processor.py:208} INFO - Processing /home/airflow/.local/lib/python3.12/site-packages/airflow/example_dags/example_branch_day_of_week_operator.py took 0.101 seconds
[2026-06-18T22:43:23.234+0000] {processor.py:186} INFO - Started process (PID=325) to work on /home/airflow/.local/lib/python3.12/site-packages/airflow/example_dags/example_branch_day_of_week_operator.py
[2026-06-18T22:43:23.236+0000] {processor.py:914} INFO - Processing file /home/airflow/.local/lib/python3.12/site-packages/airflow/example_dags/example_branch_day_of_week_operator.py for tasks to queue
[2026-06-18T22:43:23.239+0000] {logging_mixin.py:190} INFO - [2026-06-18T22:43:23.238+0000] {dagbag.py:588} INFO - Filling up the DagBag from /home/airflow/.local/lib/python3.12/site-packages/airflow/example_dags/example_branch_day_of_week_operator.py
[2026-06-18T22:43:23.247+0000] {processor.py:925} INFO - DAG(s) 'example_weekday_branch_operator' retrieved from /home/airflow/.local/lib/python3.12/site-packages/airflow/example_dags/example_branch_day_of_week_operator.py
[2026-06-18T22:43:23.267+0000] {logging_mixin.py:190} INFO - [2026-06-18T22:43:23.267+0000] {dag.py:3239} INFO - Sync 1 DAGs
[2026-06-18T22:43:23.289+0000] {logging_mixin.py:190} INFO - [2026-06-18T22:43:23.289+0000] {dag.py:4180} INFO - Setting next_dagrun for example_weekday_branch_operator to 2026-06-17 00:00:00+00:00, run_after=2026-06-18 00:00:00+00:00
[2026-06-18T22:43:23.308+0000] {processor.py:208} INFO - Processing /home/airflow/.local/lib/python3.12/site-packages/airflow/example_dags/example_branch_day_of_week_operator.py took 0.079 seconds
[2026-06-18T22:43:53.372+0000] {processor.py:186} INFO - Started process (PID=389) to work on /home/airflow/.local/lib/python3.12/site-packages/airflow/example_dags/example_branch_day_of_week_operator.py
[2026-06-18T22:43:53.373+0000] {processor.py:914} INFO - Processing file /home/airflow/.local/lib/python3.12/site-packages/airflow/example_dags/example_branch_day_of_week_operator.py for tasks to queue
[2026-06-18T22:43:53.376+0000] {logging_mixin.py:190} INFO - [2026-06-18T22:43:53.375+0000] {dagbag.py:588} INFO - Filling up the DagBag from /home/airflow/.local/lib/python3.12/site-packages/airflow/example_dags/example_branch_day_of_week_operator.py
[2026-06-18T22:43:53.384+0000] {processor.py:925} INFO - DAG(s) 'example_weekday_branch_operator' retrieved from /home/airflow/.local/lib/python3.12/site-packages/airflow/example_dags/example_branch_day_of_week_operator.py
[2026-06-18T22:43:53.401+0000] {logging_mixin.py:190} INFO - [2026-06-18T22:43:53.401+0000] {dag.py:3239} INFO - Sync 1 DAGs
[2026-06-18T22:43:53.420+0000] {logging_mixin.py:190} INFO - [2026-06-18T22:43:53.420+0000] {dag.py:4180} INFO - Setting next_dagrun for example_weekday_branch_operator to 2026-06-17 00:00:00+00:00, run_after=2026-06-18 00:00:00+00:00
[2026-06-18T22:43:53.440+0000] {processor.py:208} INFO - Processing /home/airflow/.local/lib/python3.12/site-packages/airflow/example_dags/example_branch_day_of_week_operator.py took 0.073 seconds
[2026-06-18T22:44:23.921+0000] {processor.py:186} INFO - Started process (PID=453) to work on /home/airflow/.local/lib/python3.12/site-packages/airflow/example_dags/example_branch_day_of_week_operator.py
[2026-06-18T22:44:23.922+0000] {processor.py:914} INFO - Processing file /home/airflow/.local/lib/python3.12/site-packages/airflow/example_dags/example_branch_day_of_week_operator.py for tasks to queue
[2026-06-18T22:44:23.926+0000] {logging_mixin.py:190} INFO - [2026-06-18T22:44:23.925+0000] {dagbag.py:588} INFO - Filling up the DagBag from /home/airflow/.local/lib/python3.12/site-packages/airflow/example_dags/example_branch_day_of_week_operator.py
[2026-06-18T22:44:23.936+0000] {processor.py:925} INFO - DAG(s) 'example_weekday_branch_operator' retrieved from /home/airflow/.local/lib/python3.12/site-packages/airflow/example_dags/example_branch_day_of_week_operator.py
[2026-06-18T22:44:23.958+0000] {logging_mixin.py:190} INFO - [2026-06-18T22:44:23.958+0000] {dag.py:3239} INFO - Sync 1 DAGs
[2026-06-18T22:44:23.985+0000] {logging_mixin.py:190} INFO - [2026-06-18T22:44:23.985+0000] {dag.py:4180} INFO - Setting next_dagrun for example_weekday_branch_operator to 2026-06-17 00:00:00+00:00, run_after=2026-06-18 00:00:00+00:00
[2026-06-18T22:44:24.005+0000] {processor.py:208} INFO - Processing /home/airflow/.local/lib/python3.12/site-packages/airflow/example_dags/example_branch_day_of_week_operator.py took 0.090 seconds
[2026-06-18T22:44:54.590+0000] {processor.py:186} INFO - Started process (PID=517) to work on /home/airflow/.local/lib/python3.12/site-packages/airflow/example_dags/example_branch_day_of_week_operator.py
[2026-06-18T22:44:54.591+0000] {processor.py:914} INFO - Processing file /home/airflow/.local/lib/python3.12/site-packages/airflow/example_dags/example_branch_day_of_week_operator.py for tasks to queue
[2026-06-18T22:44:54.595+0000] {logging_mixin.py:190} INFO - [2026-06-18T22:44:54.594+0000] {dagbag.py:588} INFO - Filling up the DagBag from /home/airflow/.local/lib/python3.12/site-packages/airflow/example_dags/example_branch_day_of_week_operator.py
[2026-06-18T22:44:54.604+0000] {processor.py:925} INFO - DAG(s) 'example_weekday_branch_operator' retrieved from /home/airflow/.local/lib/python3.12/site-packages/airflow/example_dags/example_branch_day_of_week_operator.py
[2026-06-18T22:44:54.629+0000] {logging_mixin.py:190} INFO - [2026-06-18T22:44:54.629+0000] {dag.py:3239} INFO - Sync 1 DAGs
[2026-06-18T22:44:54.653+0000] {logging_mixin.py:190} INFO - [2026-06-18T22:44:54.653+0000] {dag.py:4180} INFO - Setting next_dagrun for example_weekday_branch_operator to 2026-06-17 00:00:00+00:00, run_after=2026-06-18 00:00:00+00:00
[2026-06-18T22:44:54.673+0000] {processor.py:208} INFO - Processing /home/airflow/.local/lib/python3.12/site-packages/airflow/example_dags/example_branch_day_of_week_operator.py took 0.090 seconds
[2026-06-18T22:45:25.054+0000] {processor.py:186} INFO - Started process (PID=581) to work on /home/airflow/.local/lib/python3.12/site-packages/airflow/example_dags/example_branch_day_of_week_operator.py
[2026-06-18T22:45:25.055+0000] {processor.py:914} INFO - Processing file /home/airflow/.local/lib/python3.12/site-packages/airflow/example_dags/example_branch_day_of_week_operator.py for tasks to queue
[2026-06-18T22:45:25.057+0000] {logging_mixin.py:190} INFO - [2026-06-18T22:45:25.057+0000] {dagbag.py:588} INFO - Filling up the DagBag from /home/airflow/.local/lib/python3.12/site-packages/airflow/example_dags/example_branch_day_of_week_operator.py
[2026-06-18T22:45:25.065+0000] {processor.py:925} INFO - DAG(s) 'example_weekday_branch_operator' retrieved from /home/airflow/.local/lib/python3.12/site-packages/airflow/example_dags/example_branch_day_of_week_operator.py
[2026-06-18T22:45:25.084+0000] {logging_mixin.py:190} INFO - [2026-06-18T22:45:25.084+0000] {dag.py:3239} INFO - Sync 1 DAGs
[2026-06-18T22:45:25.103+0000] {logging_mixin.py:190} INFO - [2026-06-18T22:45:25.103+0000] {dag.py:4180} INFO - Setting next_dagrun for example_weekday_branch_operator to 2026-06-17 00:00:00+00:00, run_after=2026-06-18 00:00:00+00:00
[2026-06-18T22:45:25.125+0000] {processor.py:208} INFO - Processing /home/airflow/.local/lib/python3.12/site-packages/airflow/example_dags/example_branch_day_of_week_operator.py took 0.076 seconds
[2026-06-18T22:45:55.349+0000] {processor.py:186} INFO - Started process (PID=646) to work on /home/airflow/.local/lib/python3.12/site-packages/airflow/example_dags/example_branch_day_of_week_operator.py
[2026-06-18T22:45:55.350+0000] {processor.py:914} INFO - Processing file /home/airflow/.local/lib/python3.12/site-packages/airflow/example_dags/example_branch_day_of_week_operator.py for tasks to queue
[2026-06-18T22:45:55.352+0000] {logging_mixin.py:190} INFO - [2026-06-18T22:45:55.352+0000] {dagbag.py:588} INFO - Filling up the DagBag from /home/airflow/.local/lib/python3.12/site-packages/airflow/example_dags/example_branch_day_of_week_operator.py
[2026-06-18T22:45:55.362+0000] {processor.py:925} INFO - DAG(s) 'example_weekday_branch_operator' retrieved from /home/airflow/.local/lib/python3.12/site-packages/airflow/example_dags/example_branch_day_of_week_operator.py
[2026-06-18T22:45:55.383+0000] {logging_mixin.py:190} INFO - [2026-06-18T22:45:55.383+0000] {dag.py:3239} INFO - Sync 1 DAGs
[2026-06-18T22:45:55.403+0000] {logging_mixin.py:190} INFO - [2026-06-18T22:45:55.403+0000] {dag.py:4180} INFO - Setting next_dagrun for example_weekday_branch_operator to 2026-06-17 00:00:00+00:00, run_after=2026-06-18 00:00:00+00:00
[2026-06-18T22:45:55.423+0000] {processor.py:208} INFO - Processing /home/airflow/.local/lib/python3.12/site-packages/airflow/example_dags/example_branch_day_of_week_operator.py took 0.080 seconds
