[2026-06-18T22:41:28.030+0000] {processor.py:186} INFO - Started process (PID=103) to work on /home/airflow/.local/lib/python3.12/site-packages/airflow/example_dags/example_external_task_marker_dag.py
[2026-06-18T22:41:28.032+0000] {processor.py:914} INFO - Processing file /home/airflow/.local/lib/python3.12/site-packages/airflow/example_dags/example_external_task_marker_dag.py for tasks to queue
[2026-06-18T22:41:28.037+0000] {logging_mixin.py:190} INFO - [2026-06-18T22:41:28.036+0000] {dagbag.py:588} INFO - Filling up the DagBag from /home/airflow/.local/lib/python3.12/site-packages/airflow/example_dags/example_external_task_marker_dag.py
[2026-06-18T22:41:28.049+0000] {processor.py:925} INFO - DAG(s) 'example_external_task_marker_child', 'example_external_task_marker_parent' retrieved from /home/airflow/.local/lib/python3.12/site-packages/airflow/example_dags/example_external_task_marker_dag.py
[2026-06-18T22:41:28.086+0000] {logging_mixin.py:190} INFO - [2026-06-18T22:41:28.085+0000] {dag.py:3239} INFO - Sync 2 DAGs
[2026-06-18T22:41:28.105+0000] {logging_mixin.py:190} INFO - [2026-06-18T22:41:28.105+0000] {dag.py:4180} INFO - Setting next_dagrun for example_external_task_marker_child to None, run_after=None
[2026-06-18T22:41:28.111+0000] {logging_mixin.py:190} INFO - [2026-06-18T22:41:28.110+0000] {dag.py:4180} INFO - Setting next_dagrun for example_external_task_marker_parent to None, run_after=None
[2026-06-18T22:41:28.135+0000] {processor.py:208} INFO - Processing /home/airflow/.local/lib/python3.12/site-packages/airflow/example_dags/example_external_task_marker_dag.py took 0.116 seconds
[2026-06-18T22:41:58.447+0000] {processor.py:186} INFO - Started process (PID=167) to work on /home/airflow/.local/lib/python3.12/site-packages/airflow/example_dags/example_external_task_marker_dag.py
[2026-06-18T22:41:58.449+0000] {processor.py:914} INFO - Processing file /home/airflow/.local/lib/python3.12/site-packages/airflow/example_dags/example_external_task_marker_dag.py for tasks to queue
[2026-06-18T22:41:58.454+0000] {logging_mixin.py:190} INFO - [2026-06-18T22:41:58.453+0000] {dagbag.py:588} INFO - Filling up the DagBag from /home/airflow/.local/lib/python3.12/site-packages/airflow/example_dags/example_external_task_marker_dag.py
[2026-06-18T22:41:58.472+0000] {processor.py:925} INFO - DAG(s) 'example_external_task_marker_parent', 'example_external_task_marker_child' retrieved from /home/airflow/.local/lib/python3.12/site-packages/airflow/example_dags/example_external_task_marker_dag.py
[2026-06-18T22:41:58.515+0000] {logging_mixin.py:190} INFO - [2026-06-18T22:41:58.514+0000] {dag.py:3239} INFO - Sync 2 DAGs
[2026-06-18T22:41:58.539+0000] {logging_mixin.py:190} INFO - [2026-06-18T22:41:58.539+0000] {dag.py:4180} INFO - Setting next_dagrun for example_external_task_marker_child to None, run_after=None
[2026-06-18T22:41:58.547+0000] {logging_mixin.py:190} INFO - [2026-06-18T22:41:58.546+0000] {dag.py:4180} INFO - Setting next_dagrun for example_external_task_marker_parent to None, run_after=None
[2026-06-18T22:41:58.576+0000] {processor.py:208} INFO - Processing /home/airflow/.local/lib/python3.12/site-packages/airflow/example_dags/example_external_task_marker_dag.py took 0.137 seconds
[2026-06-18T22:42:29.359+0000] {processor.py:186} INFO - Started process (PID=231) to work on /home/airflow/.local/lib/python3.12/site-packages/airflow/example_dags/example_external_task_marker_dag.py
[2026-06-18T22:42:29.360+0000] {processor.py:914} INFO - Processing file /home/airflow/.local/lib/python3.12/site-packages/airflow/example_dags/example_external_task_marker_dag.py for tasks to queue
[2026-06-18T22:42:29.362+0000] {logging_mixin.py:190} INFO - [2026-06-18T22:42:29.362+0000] {dagbag.py:588} INFO - Filling up the DagBag from /home/airflow/.local/lib/python3.12/site-packages/airflow/example_dags/example_external_task_marker_dag.py
[2026-06-18T22:42:29.370+0000] {processor.py:925} INFO - DAG(s) 'example_external_task_marker_parent', 'example_external_task_marker_child' retrieved from /home/airflow/.local/lib/python3.12/site-packages/airflow/example_dags/example_external_task_marker_dag.py
[2026-06-18T22:42:29.390+0000] {logging_mixin.py:190} INFO - [2026-06-18T22:42:29.390+0000] {dag.py:3239} INFO - Sync 2 DAGs
[2026-06-18T22:42:29.410+0000] {logging_mixin.py:190} INFO - [2026-06-18T22:42:29.409+0000] {dag.py:4180} INFO - Setting next_dagrun for example_external_task_marker_child to None, run_after=None
[2026-06-18T22:42:29.417+0000] {logging_mixin.py:190} INFO - [2026-06-18T22:42:29.417+0000] {dag.py:4180} INFO - Setting next_dagrun for example_external_task_marker_parent to None, run_after=None
[2026-06-18T22:42:29.444+0000] {processor.py:208} INFO - Processing /home/airflow/.local/lib/python3.12/site-packages/airflow/example_dags/example_external_task_marker_dag.py took 0.090 seconds
[2026-06-18T22:42:59.513+0000] {processor.py:186} INFO - Started process (PID=295) to work on /home/airflow/.local/lib/python3.12/site-packages/airflow/example_dags/example_external_task_marker_dag.py
[2026-06-18T22:42:59.514+0000] {processor.py:914} INFO - Processing file /home/airflow/.local/lib/python3.12/site-packages/airflow/example_dags/example_external_task_marker_dag.py for tasks to queue
[2026-06-18T22:42:59.516+0000] {logging_mixin.py:190} INFO - [2026-06-18T22:42:59.516+0000] {dagbag.py:588} INFO - Filling up the DagBag from /home/airflow/.local/lib/python3.12/site-packages/airflow/example_dags/example_external_task_marker_dag.py
[2026-06-18T22:42:59.523+0000] {processor.py:925} INFO - DAG(s) 'example_external_task_marker_parent', 'example_external_task_marker_child' retrieved from /home/airflow/.local/lib/python3.12/site-packages/airflow/example_dags/example_external_task_marker_dag.py
[2026-06-18T22:42:59.544+0000] {logging_mixin.py:190} INFO - [2026-06-18T22:42:59.544+0000] {dag.py:3239} INFO - Sync 2 DAGs
[2026-06-18T22:42:59.555+0000] {logging_mixin.py:190} INFO - [2026-06-18T22:42:59.555+0000] {dag.py:4180} INFO - Setting next_dagrun for example_external_task_marker_child to None, run_after=None
[2026-06-18T22:42:59.559+0000] {logging_mixin.py:190} INFO - [2026-06-18T22:42:59.559+0000] {dag.py:4180} INFO - Setting next_dagrun for example_external_task_marker_parent to None, run_after=None
[2026-06-18T22:42:59.578+0000] {processor.py:208} INFO - Processing /home/airflow/.local/lib/python3.12/site-packages/airflow/example_dags/example_external_task_marker_dag.py took 0.070 seconds
[2026-06-18T22:43:30.414+0000] {processor.py:186} INFO - Started process (PID=359) to work on /home/airflow/.local/lib/python3.12/site-packages/airflow/example_dags/example_external_task_marker_dag.py
[2026-06-18T22:43:30.415+0000] {processor.py:914} INFO - Processing file /home/airflow/.local/lib/python3.12/site-packages/airflow/example_dags/example_external_task_marker_dag.py for tasks to queue
[2026-06-18T22:43:30.418+0000] {logging_mixin.py:190} INFO - [2026-06-18T22:43:30.418+0000] {dagbag.py:588} INFO - Filling up the DagBag from /home/airflow/.local/lib/python3.12/site-packages/airflow/example_dags/example_external_task_marker_dag.py
[2026-06-18T22:43:30.426+0000] {processor.py:925} INFO - DAG(s) 'example_external_task_marker_parent', 'example_external_task_marker_child' retrieved from /home/airflow/.local/lib/python3.12/site-packages/airflow/example_dags/example_external_task_marker_dag.py
[2026-06-18T22:43:30.449+0000] {logging_mixin.py:190} INFO - [2026-06-18T22:43:30.448+0000] {dag.py:3239} INFO - Sync 2 DAGs
[2026-06-18T22:43:30.461+0000] {logging_mixin.py:190} INFO - [2026-06-18T22:43:30.461+0000] {dag.py:4180} INFO - Setting next_dagrun for example_external_task_marker_child to None, run_after=None
[2026-06-18T22:43:30.465+0000] {logging_mixin.py:190} INFO - [2026-06-18T22:43:30.465+0000] {dag.py:4180} INFO - Setting next_dagrun for example_external_task_marker_parent to None, run_after=None
[2026-06-18T22:43:30.480+0000] {processor.py:208} INFO - Processing /home/airflow/.local/lib/python3.12/site-packages/airflow/example_dags/example_external_task_marker_dag.py took 0.071 seconds
[2026-06-18T22:44:01.044+0000] {processor.py:186} INFO - Started process (PID=423) to work on /home/airflow/.local/lib/python3.12/site-packages/airflow/example_dags/example_external_task_marker_dag.py
[2026-06-18T22:44:01.046+0000] {processor.py:914} INFO - Processing file /home/airflow/.local/lib/python3.12/site-packages/airflow/example_dags/example_external_task_marker_dag.py for tasks to queue
[2026-06-18T22:44:01.049+0000] {logging_mixin.py:190} INFO - [2026-06-18T22:44:01.048+0000] {dagbag.py:588} INFO - Filling up the DagBag from /home/airflow/.local/lib/python3.12/site-packages/airflow/example_dags/example_external_task_marker_dag.py
[2026-06-18T22:44:01.057+0000] {processor.py:925} INFO - DAG(s) 'example_external_task_marker_parent', 'example_external_task_marker_child' retrieved from /home/airflow/.local/lib/python3.12/site-packages/airflow/example_dags/example_external_task_marker_dag.py
[2026-06-18T22:44:01.083+0000] {logging_mixin.py:190} INFO - [2026-06-18T22:44:01.083+0000] {dag.py:3239} INFO - Sync 2 DAGs
[2026-06-18T22:44:01.098+0000] {logging_mixin.py:190} INFO - [2026-06-18T22:44:01.098+0000] {dag.py:4180} INFO - Setting next_dagrun for example_external_task_marker_child to None, run_after=None
[2026-06-18T22:44:01.103+0000] {logging_mixin.py:190} INFO - [2026-06-18T22:44:01.102+0000] {dag.py:4180} INFO - Setting next_dagrun for example_external_task_marker_parent to None, run_after=None
[2026-06-18T22:44:01.126+0000] {processor.py:208} INFO - Processing /home/airflow/.local/lib/python3.12/site-packages/airflow/example_dags/example_external_task_marker_dag.py took 0.088 seconds
[2026-06-18T22:44:32.184+0000] {processor.py:186} INFO - Started process (PID=487) to work on /home/airflow/.local/lib/python3.12/site-packages/airflow/example_dags/example_external_task_marker_dag.py
[2026-06-18T22:44:32.185+0000] {processor.py:914} INFO - Processing file /home/airflow/.local/lib/python3.12/site-packages/airflow/example_dags/example_external_task_marker_dag.py for tasks to queue
[2026-06-18T22:44:32.188+0000] {logging_mixin.py:190} INFO - [2026-06-18T22:44:32.188+0000] {dagbag.py:588} INFO - Filling up the DagBag from /home/airflow/.local/lib/python3.12/site-packages/airflow/example_dags/example_external_task_marker_dag.py
[2026-06-18T22:44:32.196+0000] {processor.py:925} INFO - DAG(s) 'example_external_task_marker_parent', 'example_external_task_marker_child' retrieved from /home/airflow/.local/lib/python3.12/site-packages/airflow/example_dags/example_external_task_marker_dag.py
[2026-06-18T22:44:32.219+0000] {logging_mixin.py:190} INFO - [2026-06-18T22:44:32.218+0000] {dag.py:3239} INFO - Sync 2 DAGs
[2026-06-18T22:44:32.231+0000] {logging_mixin.py:190} INFO - [2026-06-18T22:44:32.231+0000] {dag.py:4180} INFO - Setting next_dagrun for example_external_task_marker_child to None, run_after=None
[2026-06-18T22:44:32.235+0000] {logging_mixin.py:190} INFO - [2026-06-18T22:44:32.234+0000] {dag.py:4180} INFO - Setting next_dagrun for example_external_task_marker_parent to None, run_after=None
[2026-06-18T22:44:32.252+0000] {processor.py:208} INFO - Processing /home/airflow/.local/lib/python3.12/site-packages/airflow/example_dags/example_external_task_marker_dag.py took 0.074 seconds
[2026-06-18T22:45:02.794+0000] {processor.py:186} INFO - Started process (PID=551) to work on /home/airflow/.local/lib/python3.12/site-packages/airflow/example_dags/example_external_task_marker_dag.py
[2026-06-18T22:45:02.795+0000] {processor.py:914} INFO - Processing file /home/airflow/.local/lib/python3.12/site-packages/airflow/example_dags/example_external_task_marker_dag.py for tasks to queue
[2026-06-18T22:45:02.798+0000] {logging_mixin.py:190} INFO - [2026-06-18T22:45:02.797+0000] {dagbag.py:588} INFO - Filling up the DagBag from /home/airflow/.local/lib/python3.12/site-packages/airflow/example_dags/example_external_task_marker_dag.py
[2026-06-18T22:45:02.804+0000] {processor.py:925} INFO - DAG(s) 'example_external_task_marker_parent', 'example_external_task_marker_child' retrieved from /home/airflow/.local/lib/python3.12/site-packages/airflow/example_dags/example_external_task_marker_dag.py
[2026-06-18T22:45:02.824+0000] {logging_mixin.py:190} INFO - [2026-06-18T22:45:02.824+0000] {dag.py:3239} INFO - Sync 2 DAGs
[2026-06-18T22:45:02.836+0000] {logging_mixin.py:190} INFO - [2026-06-18T22:45:02.836+0000] {dag.py:4180} INFO - Setting next_dagrun for example_external_task_marker_child to None, run_after=None
[2026-06-18T22:45:02.839+0000] {logging_mixin.py:190} INFO - [2026-06-18T22:45:02.839+0000] {dag.py:4180} INFO - Setting next_dagrun for example_external_task_marker_parent to None, run_after=None
[2026-06-18T22:45:02.856+0000] {processor.py:208} INFO - Processing /home/airflow/.local/lib/python3.12/site-packages/airflow/example_dags/example_external_task_marker_dag.py took 0.067 seconds
[2026-06-18T22:45:33.685+0000] {processor.py:186} INFO - Started process (PID=617) to work on /home/airflow/.local/lib/python3.12/site-packages/airflow/example_dags/example_external_task_marker_dag.py
[2026-06-18T22:45:33.686+0000] {processor.py:914} INFO - Processing file /home/airflow/.local/lib/python3.12/site-packages/airflow/example_dags/example_external_task_marker_dag.py for tasks to queue
[2026-06-18T22:45:33.689+0000] {logging_mixin.py:190} INFO - [2026-06-18T22:45:33.688+0000] {dagbag.py:588} INFO - Filling up the DagBag from /home/airflow/.local/lib/python3.12/site-packages/airflow/example_dags/example_external_task_marker_dag.py
[2026-06-18T22:45:33.696+0000] {processor.py:925} INFO - DAG(s) 'example_external_task_marker_child', 'example_external_task_marker_parent' retrieved from /home/airflow/.local/lib/python3.12/site-packages/airflow/example_dags/example_external_task_marker_dag.py
[2026-06-18T22:45:33.717+0000] {logging_mixin.py:190} INFO - [2026-06-18T22:45:33.717+0000] {dag.py:3239} INFO - Sync 2 DAGs
[2026-06-18T22:45:33.729+0000] {logging_mixin.py:190} INFO - [2026-06-18T22:45:33.728+0000] {dag.py:4180} INFO - Setting next_dagrun for example_external_task_marker_child to None, run_after=None
[2026-06-18T22:45:33.732+0000] {logging_mixin.py:190} INFO - [2026-06-18T22:45:33.732+0000] {dag.py:4180} INFO - Setting next_dagrun for example_external_task_marker_parent to None, run_after=None
[2026-06-18T22:45:33.749+0000] {processor.py:208} INFO - Processing /home/airflow/.local/lib/python3.12/site-packages/airflow/example_dags/example_external_task_marker_dag.py took 0.069 seconds
[2026-06-18T22:46:03.864+0000] {processor.py:186} INFO - Started process (PID=681) to work on /home/airflow/.local/lib/python3.12/site-packages/airflow/example_dags/example_external_task_marker_dag.py
[2026-06-18T22:46:03.865+0000] {processor.py:914} INFO - Processing file /home/airflow/.local/lib/python3.12/site-packages/airflow/example_dags/example_external_task_marker_dag.py for tasks to queue
[2026-06-18T22:46:03.868+0000] {logging_mixin.py:190} INFO - [2026-06-18T22:46:03.867+0000] {dagbag.py:588} INFO - Filling up the DagBag from /home/airflow/.local/lib/python3.12/site-packages/airflow/example_dags/example_external_task_marker_dag.py
[2026-06-18T22:46:03.874+0000] {processor.py:925} INFO - DAG(s) 'example_external_task_marker_child', 'example_external_task_marker_parent' retrieved from /home/airflow/.local/lib/python3.12/site-packages/airflow/example_dags/example_external_task_marker_dag.py
[2026-06-18T22:46:03.899+0000] {logging_mixin.py:190} INFO - [2026-06-18T22:46:03.899+0000] {dag.py:3239} INFO - Sync 2 DAGs
[2026-06-18T22:46:03.914+0000] {logging_mixin.py:190} INFO - [2026-06-18T22:46:03.914+0000] {dag.py:4180} INFO - Setting next_dagrun for example_external_task_marker_child to None, run_after=None
[2026-06-18T22:46:03.919+0000] {logging_mixin.py:190} INFO - [2026-06-18T22:46:03.918+0000] {dag.py:4180} INFO - Setting next_dagrun for example_external_task_marker_parent to None, run_after=None
[2026-06-18T22:46:03.938+0000] {processor.py:208} INFO - Processing /home/airflow/.local/lib/python3.12/site-packages/airflow/example_dags/example_external_task_marker_dag.py took 0.080 seconds
