[2026-06-18T22:41:27.978+0000] {processor.py:186} INFO - Started process (PID=102) to work on /home/airflow/.local/lib/python3.12/site-packages/airflow/example_dags/example_latest_only_with_trigger.py
[2026-06-18T22:41:27.981+0000] {processor.py:914} INFO - Processing file /home/airflow/.local/lib/python3.12/site-packages/airflow/example_dags/example_latest_only_with_trigger.py for tasks to queue
[2026-06-18T22:41:27.985+0000] {logging_mixin.py:190} INFO - [2026-06-18T22:41:27.985+0000] {dagbag.py:588} INFO - Filling up the DagBag from /home/airflow/.local/lib/python3.12/site-packages/airflow/example_dags/example_latest_only_with_trigger.py
[2026-06-18T22:41:28.000+0000] {processor.py:925} INFO - DAG(s) 'latest_only_with_trigger' retrieved from /home/airflow/.local/lib/python3.12/site-packages/airflow/example_dags/example_latest_only_with_trigger.py
[2026-06-18T22:41:28.043+0000] {logging_mixin.py:190} INFO - [2026-06-18T22:41:28.043+0000] {dag.py:3239} INFO - Sync 1 DAGs
[2026-06-18T22:41:28.078+0000] {logging_mixin.py:190} INFO - [2026-06-18T22:41:28.078+0000] {dag.py:4180} INFO - Setting next_dagrun for latest_only_with_trigger to 2026-06-18 16:00:00+00:00, run_after=2026-06-18 20:00:00+00:00
[2026-06-18T22:41:28.109+0000] {processor.py:208} INFO - Processing /home/airflow/.local/lib/python3.12/site-packages/airflow/example_dags/example_latest_only_with_trigger.py took 0.141 seconds
[2026-06-18T22:41:58.272+0000] {processor.py:186} INFO - Started process (PID=166) to work on /home/airflow/.local/lib/python3.12/site-packages/airflow/example_dags/example_latest_only_with_trigger.py
[2026-06-18T22:41:58.287+0000] {processor.py:914} INFO - Processing file /home/airflow/.local/lib/python3.12/site-packages/airflow/example_dags/example_latest_only_with_trigger.py for tasks to queue
[2026-06-18T22:41:58.291+0000] {logging_mixin.py:190} INFO - [2026-06-18T22:41:58.290+0000] {dagbag.py:588} INFO - Filling up the DagBag from /home/airflow/.local/lib/python3.12/site-packages/airflow/example_dags/example_latest_only_with_trigger.py
[2026-06-18T22:41:58.300+0000] {processor.py:925} INFO - DAG(s) 'latest_only_with_trigger' retrieved from /home/airflow/.local/lib/python3.12/site-packages/airflow/example_dags/example_latest_only_with_trigger.py
[2026-06-18T22:41:58.335+0000] {logging_mixin.py:190} INFO - [2026-06-18T22:41:58.335+0000] {dag.py:3239} INFO - Sync 1 DAGs
[2026-06-18T22:41:58.372+0000] {logging_mixin.py:190} INFO - [2026-06-18T22:41:58.372+0000] {dag.py:4180} INFO - Setting next_dagrun for latest_only_with_trigger to 2026-06-18 16:00:00+00:00, run_after=2026-06-18 20:00:00+00:00
[2026-06-18T22:41:58.417+0000] {processor.py:208} INFO - Processing /home/airflow/.local/lib/python3.12/site-packages/airflow/example_dags/example_latest_only_with_trigger.py took 0.151 seconds
[2026-06-18T22:42:29.257+0000] {processor.py:186} INFO - Started process (PID=230) to work on /home/airflow/.local/lib/python3.12/site-packages/airflow/example_dags/example_latest_only_with_trigger.py
[2026-06-18T22:42:29.258+0000] {processor.py:914} INFO - Processing file /home/airflow/.local/lib/python3.12/site-packages/airflow/example_dags/example_latest_only_with_trigger.py for tasks to queue
[2026-06-18T22:42:29.261+0000] {logging_mixin.py:190} INFO - [2026-06-18T22:42:29.260+0000] {dagbag.py:588} INFO - Filling up the DagBag from /home/airflow/.local/lib/python3.12/site-packages/airflow/example_dags/example_latest_only_with_trigger.py
[2026-06-18T22:42:29.267+0000] {processor.py:925} INFO - DAG(s) 'latest_only_with_trigger' retrieved from /home/airflow/.local/lib/python3.12/site-packages/airflow/example_dags/example_latest_only_with_trigger.py
[2026-06-18T22:42:29.287+0000] {logging_mixin.py:190} INFO - [2026-06-18T22:42:29.286+0000] {dag.py:3239} INFO - Sync 1 DAGs
[2026-06-18T22:42:29.307+0000] {logging_mixin.py:190} INFO - [2026-06-18T22:42:29.307+0000] {dag.py:4180} INFO - Setting next_dagrun for latest_only_with_trigger to 2026-06-18 16:00:00+00:00, run_after=2026-06-18 20:00:00+00:00
[2026-06-18T22:42:29.327+0000] {processor.py:208} INFO - Processing /home/airflow/.local/lib/python3.12/site-packages/airflow/example_dags/example_latest_only_with_trigger.py took 0.076 seconds
[2026-06-18T22:42:59.391+0000] {processor.py:186} INFO - Started process (PID=293) to work on /home/airflow/.local/lib/python3.12/site-packages/airflow/example_dags/example_latest_only_with_trigger.py
[2026-06-18T22:42:59.392+0000] {processor.py:914} INFO - Processing file /home/airflow/.local/lib/python3.12/site-packages/airflow/example_dags/example_latest_only_with_trigger.py for tasks to queue
[2026-06-18T22:42:59.394+0000] {logging_mixin.py:190} INFO - [2026-06-18T22:42:59.394+0000] {dagbag.py:588} INFO - Filling up the DagBag from /home/airflow/.local/lib/python3.12/site-packages/airflow/example_dags/example_latest_only_with_trigger.py
[2026-06-18T22:42:59.401+0000] {processor.py:925} INFO - DAG(s) 'latest_only_with_trigger' retrieved from /home/airflow/.local/lib/python3.12/site-packages/airflow/example_dags/example_latest_only_with_trigger.py
[2026-06-18T22:42:59.421+0000] {logging_mixin.py:190} INFO - [2026-06-18T22:42:59.421+0000] {dag.py:3239} INFO - Sync 1 DAGs
[2026-06-18T22:42:59.440+0000] {logging_mixin.py:190} INFO - [2026-06-18T22:42:59.440+0000] {dag.py:4180} INFO - Setting next_dagrun for latest_only_with_trigger to 2026-06-18 16:00:00+00:00, run_after=2026-06-18 20:00:00+00:00
[2026-06-18T22:42:59.457+0000] {processor.py:208} INFO - Processing /home/airflow/.local/lib/python3.12/site-packages/airflow/example_dags/example_latest_only_with_trigger.py took 0.072 seconds
[2026-06-18T22:43:30.303+0000] {processor.py:186} INFO - Started process (PID=358) to work on /home/airflow/.local/lib/python3.12/site-packages/airflow/example_dags/example_latest_only_with_trigger.py
[2026-06-18T22:43:30.304+0000] {processor.py:914} INFO - Processing file /home/airflow/.local/lib/python3.12/site-packages/airflow/example_dags/example_latest_only_with_trigger.py for tasks to queue
[2026-06-18T22:43:30.306+0000] {logging_mixin.py:190} INFO - [2026-06-18T22:43:30.306+0000] {dagbag.py:588} INFO - Filling up the DagBag from /home/airflow/.local/lib/python3.12/site-packages/airflow/example_dags/example_latest_only_with_trigger.py
[2026-06-18T22:43:30.313+0000] {processor.py:925} INFO - DAG(s) 'latest_only_with_trigger' retrieved from /home/airflow/.local/lib/python3.12/site-packages/airflow/example_dags/example_latest_only_with_trigger.py
[2026-06-18T22:43:30.334+0000] {logging_mixin.py:190} INFO - [2026-06-18T22:43:30.333+0000] {dag.py:3239} INFO - Sync 1 DAGs
[2026-06-18T22:43:30.354+0000] {logging_mixin.py:190} INFO - [2026-06-18T22:43:30.353+0000] {dag.py:4180} INFO - Setting next_dagrun for latest_only_with_trigger to 2026-06-18 16:00:00+00:00, run_after=2026-06-18 20:00:00+00:00
[2026-06-18T22:43:30.373+0000] {processor.py:208} INFO - Processing /home/airflow/.local/lib/python3.12/site-packages/airflow/example_dags/example_latest_only_with_trigger.py took 0.075 seconds
[2026-06-18T22:44:00.925+0000] {processor.py:186} INFO - Started process (PID=422) to work on /home/airflow/.local/lib/python3.12/site-packages/airflow/example_dags/example_latest_only_with_trigger.py
[2026-06-18T22:44:00.926+0000] {processor.py:914} INFO - Processing file /home/airflow/.local/lib/python3.12/site-packages/airflow/example_dags/example_latest_only_with_trigger.py for tasks to queue
[2026-06-18T22:44:00.929+0000] {logging_mixin.py:190} INFO - [2026-06-18T22:44:00.929+0000] {dagbag.py:588} INFO - Filling up the DagBag from /home/airflow/.local/lib/python3.12/site-packages/airflow/example_dags/example_latest_only_with_trigger.py
[2026-06-18T22:44:00.937+0000] {processor.py:925} INFO - DAG(s) 'latest_only_with_trigger' retrieved from /home/airflow/.local/lib/python3.12/site-packages/airflow/example_dags/example_latest_only_with_trigger.py
[2026-06-18T22:44:00.958+0000] {logging_mixin.py:190} INFO - [2026-06-18T22:44:00.958+0000] {dag.py:3239} INFO - Sync 1 DAGs
[2026-06-18T22:44:00.983+0000] {logging_mixin.py:190} INFO - [2026-06-18T22:44:00.983+0000] {dag.py:4180} INFO - Setting next_dagrun for latest_only_with_trigger to 2026-06-18 16:00:00+00:00, run_after=2026-06-18 20:00:00+00:00
[2026-06-18T22:44:01.008+0000] {processor.py:208} INFO - Processing /home/airflow/.local/lib/python3.12/site-packages/airflow/example_dags/example_latest_only_with_trigger.py took 0.088 seconds
[2026-06-18T22:44:32.048+0000] {processor.py:186} INFO - Started process (PID=486) to work on /home/airflow/.local/lib/python3.12/site-packages/airflow/example_dags/example_latest_only_with_trigger.py
[2026-06-18T22:44:32.050+0000] {processor.py:914} INFO - Processing file /home/airflow/.local/lib/python3.12/site-packages/airflow/example_dags/example_latest_only_with_trigger.py for tasks to queue
[2026-06-18T22:44:32.052+0000] {logging_mixin.py:190} INFO - [2026-06-18T22:44:32.052+0000] {dagbag.py:588} INFO - Filling up the DagBag from /home/airflow/.local/lib/python3.12/site-packages/airflow/example_dags/example_latest_only_with_trigger.py
[2026-06-18T22:44:32.059+0000] {processor.py:925} INFO - DAG(s) 'latest_only_with_trigger' retrieved from /home/airflow/.local/lib/python3.12/site-packages/airflow/example_dags/example_latest_only_with_trigger.py
[2026-06-18T22:44:32.081+0000] {logging_mixin.py:190} INFO - [2026-06-18T22:44:32.081+0000] {dag.py:3239} INFO - Sync 1 DAGs
[2026-06-18T22:44:32.109+0000] {logging_mixin.py:190} INFO - [2026-06-18T22:44:32.108+0000] {dag.py:4180} INFO - Setting next_dagrun for latest_only_with_trigger to 2026-06-18 16:00:00+00:00, run_after=2026-06-18 20:00:00+00:00
[2026-06-18T22:44:32.137+0000] {processor.py:208} INFO - Processing /home/airflow/.local/lib/python3.12/site-packages/airflow/example_dags/example_latest_only_with_trigger.py took 0.096 seconds
[2026-06-18T22:45:02.684+0000] {processor.py:186} INFO - Started process (PID=550) to work on /home/airflow/.local/lib/python3.12/site-packages/airflow/example_dags/example_latest_only_with_trigger.py
[2026-06-18T22:45:02.686+0000] {processor.py:914} INFO - Processing file /home/airflow/.local/lib/python3.12/site-packages/airflow/example_dags/example_latest_only_with_trigger.py for tasks to queue
[2026-06-18T22:45:02.689+0000] {logging_mixin.py:190} INFO - [2026-06-18T22:45:02.688+0000] {dagbag.py:588} INFO - Filling up the DagBag from /home/airflow/.local/lib/python3.12/site-packages/airflow/example_dags/example_latest_only_with_trigger.py
[2026-06-18T22:45:02.697+0000] {processor.py:925} INFO - DAG(s) 'latest_only_with_trigger' retrieved from /home/airflow/.local/lib/python3.12/site-packages/airflow/example_dags/example_latest_only_with_trigger.py
[2026-06-18T22:45:02.722+0000] {logging_mixin.py:190} INFO - [2026-06-18T22:45:02.722+0000] {dag.py:3239} INFO - Sync 1 DAGs
[2026-06-18T22:45:02.743+0000] {logging_mixin.py:190} INFO - [2026-06-18T22:45:02.743+0000] {dag.py:4180} INFO - Setting next_dagrun for latest_only_with_trigger to 2026-06-18 16:00:00+00:00, run_after=2026-06-18 20:00:00+00:00
[2026-06-18T22:45:02.761+0000] {processor.py:208} INFO - Processing /home/airflow/.local/lib/python3.12/site-packages/airflow/example_dags/example_latest_only_with_trigger.py took 0.083 seconds
[2026-06-18T22:45:33.576+0000] {processor.py:186} INFO - Started process (PID=616) to work on /home/airflow/.local/lib/python3.12/site-packages/airflow/example_dags/example_latest_only_with_trigger.py
[2026-06-18T22:45:33.577+0000] {processor.py:914} INFO - Processing file /home/airflow/.local/lib/python3.12/site-packages/airflow/example_dags/example_latest_only_with_trigger.py for tasks to queue
[2026-06-18T22:45:33.580+0000] {logging_mixin.py:190} INFO - [2026-06-18T22:45:33.580+0000] {dagbag.py:588} INFO - Filling up the DagBag from /home/airflow/.local/lib/python3.12/site-packages/airflow/example_dags/example_latest_only_with_trigger.py
[2026-06-18T22:45:33.587+0000] {processor.py:925} INFO - DAG(s) 'latest_only_with_trigger' retrieved from /home/airflow/.local/lib/python3.12/site-packages/airflow/example_dags/example_latest_only_with_trigger.py
[2026-06-18T22:45:33.607+0000] {logging_mixin.py:190} INFO - [2026-06-18T22:45:33.606+0000] {dag.py:3239} INFO - Sync 1 DAGs
[2026-06-18T22:45:33.630+0000] {logging_mixin.py:190} INFO - [2026-06-18T22:45:33.630+0000] {dag.py:4180} INFO - Setting next_dagrun for latest_only_with_trigger to 2026-06-18 16:00:00+00:00, run_after=2026-06-18 20:00:00+00:00
[2026-06-18T22:45:33.651+0000] {processor.py:208} INFO - Processing /home/airflow/.local/lib/python3.12/site-packages/airflow/example_dags/example_latest_only_with_trigger.py took 0.082 seconds
[2026-06-18T22:46:03.752+0000] {processor.py:186} INFO - Started process (PID=680) to work on /home/airflow/.local/lib/python3.12/site-packages/airflow/example_dags/example_latest_only_with_trigger.py
[2026-06-18T22:46:03.753+0000] {processor.py:914} INFO - Processing file /home/airflow/.local/lib/python3.12/site-packages/airflow/example_dags/example_latest_only_with_trigger.py for tasks to queue
[2026-06-18T22:46:03.756+0000] {logging_mixin.py:190} INFO - [2026-06-18T22:46:03.755+0000] {dagbag.py:588} INFO - Filling up the DagBag from /home/airflow/.local/lib/python3.12/site-packages/airflow/example_dags/example_latest_only_with_trigger.py
[2026-06-18T22:46:03.762+0000] {processor.py:925} INFO - DAG(s) 'latest_only_with_trigger' retrieved from /home/airflow/.local/lib/python3.12/site-packages/airflow/example_dags/example_latest_only_with_trigger.py
[2026-06-18T22:46:03.782+0000] {logging_mixin.py:190} INFO - [2026-06-18T22:46:03.782+0000] {dag.py:3239} INFO - Sync 1 DAGs
[2026-06-18T22:46:03.803+0000] {logging_mixin.py:190} INFO - [2026-06-18T22:46:03.803+0000] {dag.py:4180} INFO - Setting next_dagrun for latest_only_with_trigger to 2026-06-18 16:00:00+00:00, run_after=2026-06-18 20:00:00+00:00
[2026-06-18T22:46:03.825+0000] {processor.py:208} INFO - Processing /home/airflow/.local/lib/python3.12/site-packages/airflow/example_dags/example_latest_only_with_trigger.py took 0.078 seconds
