[2026-06-18T22:41:29.294+0000] {processor.py:186} INFO - Started process (PID=111) to work on /home/airflow/.local/lib/python3.12/site-packages/airflow/example_dags/example_sensors.py
[2026-06-18T22:41:29.296+0000] {processor.py:914} INFO - Processing file /home/airflow/.local/lib/python3.12/site-packages/airflow/example_dags/example_sensors.py for tasks to queue
[2026-06-18T22:41:29.300+0000] {logging_mixin.py:190} INFO - [2026-06-18T22:41:29.299+0000] {dagbag.py:588} INFO - Filling up the DagBag from /home/airflow/.local/lib/python3.12/site-packages/airflow/example_dags/example_sensors.py
[2026-06-18T22:41:29.313+0000] {processor.py:925} INFO - DAG(s) 'example_sensors' retrieved from /home/airflow/.local/lib/python3.12/site-packages/airflow/example_dags/example_sensors.py
[2026-06-18T22:41:29.342+0000] {logging_mixin.py:190} INFO - [2026-06-18T22:41:29.342+0000] {dag.py:3239} INFO - Sync 1 DAGs
[2026-06-18T22:41:29.357+0000] {logging_mixin.py:190} INFO - [2026-06-18T22:41:29.357+0000] {dag.py:4180} INFO - Setting next_dagrun for example_sensors to None, run_after=None
[2026-06-18T22:41:29.380+0000] {processor.py:208} INFO - Processing /home/airflow/.local/lib/python3.12/site-packages/airflow/example_dags/example_sensors.py took 0.092 seconds
[2026-06-18T22:41:59.843+0000] {processor.py:186} INFO - Started process (PID=175) to work on /home/airflow/.local/lib/python3.12/site-packages/airflow/example_dags/example_sensors.py
[2026-06-18T22:41:59.853+0000] {processor.py:914} INFO - Processing file /home/airflow/.local/lib/python3.12/site-packages/airflow/example_dags/example_sensors.py for tasks to queue
[2026-06-18T22:41:59.857+0000] {logging_mixin.py:190} INFO - [2026-06-18T22:41:59.856+0000] {dagbag.py:588} INFO - Filling up the DagBag from /home/airflow/.local/lib/python3.12/site-packages/airflow/example_dags/example_sensors.py
[2026-06-18T22:41:59.871+0000] {processor.py:925} INFO - DAG(s) 'example_sensors' retrieved from /home/airflow/.local/lib/python3.12/site-packages/airflow/example_dags/example_sensors.py
[2026-06-18T22:41:59.904+0000] {logging_mixin.py:190} INFO - [2026-06-18T22:41:59.904+0000] {dag.py:3239} INFO - Sync 1 DAGs
[2026-06-18T22:41:59.921+0000] {logging_mixin.py:190} INFO - [2026-06-18T22:41:59.920+0000] {dag.py:4180} INFO - Setting next_dagrun for example_sensors to None, run_after=None
[2026-06-18T22:41:59.960+0000] {processor.py:208} INFO - Processing /home/airflow/.local/lib/python3.12/site-packages/airflow/example_dags/example_sensors.py took 0.124 seconds
[2026-06-18T22:42:30.287+0000] {processor.py:186} INFO - Started process (PID=239) to work on /home/airflow/.local/lib/python3.12/site-packages/airflow/example_dags/example_sensors.py
[2026-06-18T22:42:30.289+0000] {processor.py:914} INFO - Processing file /home/airflow/.local/lib/python3.12/site-packages/airflow/example_dags/example_sensors.py for tasks to queue
[2026-06-18T22:42:30.293+0000] {logging_mixin.py:190} INFO - [2026-06-18T22:42:30.292+0000] {dagbag.py:588} INFO - Filling up the DagBag from /home/airflow/.local/lib/python3.12/site-packages/airflow/example_dags/example_sensors.py
[2026-06-18T22:42:30.308+0000] {processor.py:925} INFO - DAG(s) 'example_sensors' retrieved from /home/airflow/.local/lib/python3.12/site-packages/airflow/example_dags/example_sensors.py
[2026-06-18T22:42:30.340+0000] {logging_mixin.py:190} INFO - [2026-06-18T22:42:30.339+0000] {dag.py:3239} INFO - Sync 1 DAGs
[2026-06-18T22:42:30.360+0000] {logging_mixin.py:190} INFO - [2026-06-18T22:42:30.360+0000] {dag.py:4180} INFO - Setting next_dagrun for example_sensors to None, run_after=None
[2026-06-18T22:42:30.403+0000] {processor.py:208} INFO - Processing /home/airflow/.local/lib/python3.12/site-packages/airflow/example_dags/example_sensors.py took 0.124 seconds
[2026-06-18T22:43:01.139+0000] {processor.py:186} INFO - Started process (PID=303) to work on /home/airflow/.local/lib/python3.12/site-packages/airflow/example_dags/example_sensors.py
[2026-06-18T22:43:01.141+0000] {processor.py:914} INFO - Processing file /home/airflow/.local/lib/python3.12/site-packages/airflow/example_dags/example_sensors.py for tasks to queue
[2026-06-18T22:43:01.145+0000] {logging_mixin.py:190} INFO - [2026-06-18T22:43:01.144+0000] {dagbag.py:588} INFO - Filling up the DagBag from /home/airflow/.local/lib/python3.12/site-packages/airflow/example_dags/example_sensors.py
[2026-06-18T22:43:01.157+0000] {processor.py:925} INFO - DAG(s) 'example_sensors' retrieved from /home/airflow/.local/lib/python3.12/site-packages/airflow/example_dags/example_sensors.py
[2026-06-18T22:43:01.190+0000] {logging_mixin.py:190} INFO - [2026-06-18T22:43:01.190+0000] {dag.py:3239} INFO - Sync 1 DAGs
[2026-06-18T22:43:01.207+0000] {logging_mixin.py:190} INFO - [2026-06-18T22:43:01.207+0000] {dag.py:4180} INFO - Setting next_dagrun for example_sensors to None, run_after=None
[2026-06-18T22:43:01.234+0000] {processor.py:208} INFO - Processing /home/airflow/.local/lib/python3.12/site-packages/airflow/example_dags/example_sensors.py took 0.103 seconds
[2026-06-18T22:43:31.913+0000] {processor.py:186} INFO - Started process (PID=367) to work on /home/airflow/.local/lib/python3.12/site-packages/airflow/example_dags/example_sensors.py
[2026-06-18T22:43:31.914+0000] {processor.py:914} INFO - Processing file /home/airflow/.local/lib/python3.12/site-packages/airflow/example_dags/example_sensors.py for tasks to queue
[2026-06-18T22:43:31.916+0000] {logging_mixin.py:190} INFO - [2026-06-18T22:43:31.916+0000] {dagbag.py:588} INFO - Filling up the DagBag from /home/airflow/.local/lib/python3.12/site-packages/airflow/example_dags/example_sensors.py
[2026-06-18T22:43:31.925+0000] {processor.py:925} INFO - DAG(s) 'example_sensors' retrieved from /home/airflow/.local/lib/python3.12/site-packages/airflow/example_dags/example_sensors.py
[2026-06-18T22:43:31.948+0000] {logging_mixin.py:190} INFO - [2026-06-18T22:43:31.947+0000] {dag.py:3239} INFO - Sync 1 DAGs
[2026-06-18T22:43:31.960+0000] {logging_mixin.py:190} INFO - [2026-06-18T22:43:31.960+0000] {dag.py:4180} INFO - Setting next_dagrun for example_sensors to None, run_after=None
[2026-06-18T22:43:31.975+0000] {processor.py:208} INFO - Processing /home/airflow/.local/lib/python3.12/site-packages/airflow/example_dags/example_sensors.py took 0.067 seconds
[2026-06-18T22:44:02.653+0000] {processor.py:186} INFO - Started process (PID=431) to work on /home/airflow/.local/lib/python3.12/site-packages/airflow/example_dags/example_sensors.py
[2026-06-18T22:44:02.654+0000] {processor.py:914} INFO - Processing file /home/airflow/.local/lib/python3.12/site-packages/airflow/example_dags/example_sensors.py for tasks to queue
[2026-06-18T22:44:02.657+0000] {logging_mixin.py:190} INFO - [2026-06-18T22:44:02.656+0000] {dagbag.py:588} INFO - Filling up the DagBag from /home/airflow/.local/lib/python3.12/site-packages/airflow/example_dags/example_sensors.py
[2026-06-18T22:44:02.670+0000] {processor.py:925} INFO - DAG(s) 'example_sensors' retrieved from /home/airflow/.local/lib/python3.12/site-packages/airflow/example_dags/example_sensors.py
[2026-06-18T22:44:02.700+0000] {logging_mixin.py:190} INFO - [2026-06-18T22:44:02.700+0000] {dag.py:3239} INFO - Sync 1 DAGs
[2026-06-18T22:44:02.717+0000] {logging_mixin.py:190} INFO - [2026-06-18T22:44:02.717+0000] {dag.py:4180} INFO - Setting next_dagrun for example_sensors to None, run_after=None
[2026-06-18T22:44:02.741+0000] {processor.py:208} INFO - Processing /home/airflow/.local/lib/python3.12/site-packages/airflow/example_dags/example_sensors.py took 0.093 seconds
[2026-06-18T22:44:33.196+0000] {processor.py:186} INFO - Started process (PID=495) to work on /home/airflow/.local/lib/python3.12/site-packages/airflow/example_dags/example_sensors.py
[2026-06-18T22:44:33.197+0000] {processor.py:914} INFO - Processing file /home/airflow/.local/lib/python3.12/site-packages/airflow/example_dags/example_sensors.py for tasks to queue
[2026-06-18T22:44:33.200+0000] {logging_mixin.py:190} INFO - [2026-06-18T22:44:33.200+0000] {dagbag.py:588} INFO - Filling up the DagBag from /home/airflow/.local/lib/python3.12/site-packages/airflow/example_dags/example_sensors.py
[2026-06-18T22:44:33.215+0000] {processor.py:925} INFO - DAG(s) 'example_sensors' retrieved from /home/airflow/.local/lib/python3.12/site-packages/airflow/example_dags/example_sensors.py
[2026-06-18T22:44:33.245+0000] {logging_mixin.py:190} INFO - [2026-06-18T22:44:33.245+0000] {dag.py:3239} INFO - Sync 1 DAGs
[2026-06-18T22:44:33.261+0000] {logging_mixin.py:190} INFO - [2026-06-18T22:44:33.261+0000] {dag.py:4180} INFO - Setting next_dagrun for example_sensors to None, run_after=None
[2026-06-18T22:44:33.284+0000] {processor.py:208} INFO - Processing /home/airflow/.local/lib/python3.12/site-packages/airflow/example_dags/example_sensors.py took 0.095 seconds
[2026-06-18T22:45:03.444+0000] {processor.py:186} INFO - Started process (PID=559) to work on /home/airflow/.local/lib/python3.12/site-packages/airflow/example_dags/example_sensors.py
[2026-06-18T22:45:03.445+0000] {processor.py:914} INFO - Processing file /home/airflow/.local/lib/python3.12/site-packages/airflow/example_dags/example_sensors.py for tasks to queue
[2026-06-18T22:45:03.447+0000] {logging_mixin.py:190} INFO - [2026-06-18T22:45:03.447+0000] {dagbag.py:588} INFO - Filling up the DagBag from /home/airflow/.local/lib/python3.12/site-packages/airflow/example_dags/example_sensors.py
[2026-06-18T22:45:03.455+0000] {processor.py:925} INFO - DAG(s) 'example_sensors' retrieved from /home/airflow/.local/lib/python3.12/site-packages/airflow/example_dags/example_sensors.py
[2026-06-18T22:45:03.476+0000] {logging_mixin.py:190} INFO - [2026-06-18T22:45:03.476+0000] {dag.py:3239} INFO - Sync 1 DAGs
[2026-06-18T22:45:03.488+0000] {logging_mixin.py:190} INFO - [2026-06-18T22:45:03.487+0000] {dag.py:4180} INFO - Setting next_dagrun for example_sensors to None, run_after=None
[2026-06-18T22:45:03.510+0000] {processor.py:208} INFO - Processing /home/airflow/.local/lib/python3.12/site-packages/airflow/example_dags/example_sensors.py took 0.071 seconds
[2026-06-18T22:45:34.122+0000] {processor.py:186} INFO - Started process (PID=625) to work on /home/airflow/.local/lib/python3.12/site-packages/airflow/example_dags/example_sensors.py
[2026-06-18T22:45:34.123+0000] {processor.py:914} INFO - Processing file /home/airflow/.local/lib/python3.12/site-packages/airflow/example_dags/example_sensors.py for tasks to queue
[2026-06-18T22:45:34.127+0000] {logging_mixin.py:190} INFO - [2026-06-18T22:45:34.127+0000] {dagbag.py:588} INFO - Filling up the DagBag from /home/airflow/.local/lib/python3.12/site-packages/airflow/example_dags/example_sensors.py
[2026-06-18T22:45:34.137+0000] {processor.py:925} INFO - DAG(s) 'example_sensors' retrieved from /home/airflow/.local/lib/python3.12/site-packages/airflow/example_dags/example_sensors.py
[2026-06-18T22:45:34.160+0000] {logging_mixin.py:190} INFO - [2026-06-18T22:45:34.160+0000] {dag.py:3239} INFO - Sync 1 DAGs
[2026-06-18T22:45:34.171+0000] {logging_mixin.py:190} INFO - [2026-06-18T22:45:34.171+0000] {dag.py:4180} INFO - Setting next_dagrun for example_sensors to None, run_after=None
[2026-06-18T22:45:34.196+0000] {processor.py:208} INFO - Processing /home/airflow/.local/lib/python3.12/site-packages/airflow/example_dags/example_sensors.py took 0.079 seconds
[2026-06-18T22:46:04.439+0000] {processor.py:186} INFO - Started process (PID=688) to work on /home/airflow/.local/lib/python3.12/site-packages/airflow/example_dags/example_sensors.py
[2026-06-18T22:46:04.441+0000] {processor.py:914} INFO - Processing file /home/airflow/.local/lib/python3.12/site-packages/airflow/example_dags/example_sensors.py for tasks to queue
[2026-06-18T22:46:04.444+0000] {logging_mixin.py:190} INFO - [2026-06-18T22:46:04.443+0000] {dagbag.py:588} INFO - Filling up the DagBag from /home/airflow/.local/lib/python3.12/site-packages/airflow/example_dags/example_sensors.py
[2026-06-18T22:46:04.455+0000] {processor.py:925} INFO - DAG(s) 'example_sensors' retrieved from /home/airflow/.local/lib/python3.12/site-packages/airflow/example_dags/example_sensors.py
[2026-06-18T22:46:04.482+0000] {logging_mixin.py:190} INFO - [2026-06-18T22:46:04.482+0000] {dag.py:3239} INFO - Sync 1 DAGs
[2026-06-18T22:46:04.497+0000] {logging_mixin.py:190} INFO - [2026-06-18T22:46:04.497+0000] {dag.py:4180} INFO - Setting next_dagrun for example_sensors to None, run_after=None
[2026-06-18T22:46:04.520+0000] {processor.py:208} INFO - Processing /home/airflow/.local/lib/python3.12/site-packages/airflow/example_dags/example_sensors.py took 0.086 seconds
