[2026-06-18T22:41:28.184+0000] {processor.py:186} INFO - Started process (PID=105) to work on /home/airflow/.local/lib/python3.12/site-packages/airflow/example_dags/example_python_decorator.py
[2026-06-18T22:41:28.186+0000] {processor.py:914} INFO - Processing file /home/airflow/.local/lib/python3.12/site-packages/airflow/example_dags/example_python_decorator.py for tasks to queue
[2026-06-18T22:41:28.190+0000] {logging_mixin.py:190} INFO - [2026-06-18T22:41:28.189+0000] {dagbag.py:588} INFO - Filling up the DagBag from /home/airflow/.local/lib/python3.12/site-packages/airflow/example_dags/example_python_decorator.py
[2026-06-18T22:41:28.212+0000] {processor.py:925} INFO - DAG(s) 'example_python_decorator' retrieved from /home/airflow/.local/lib/python3.12/site-packages/airflow/example_dags/example_python_decorator.py
[2026-06-18T22:41:28.400+0000] {logging_mixin.py:190} INFO - [2026-06-18T22:41:28.399+0000] {dag.py:3239} INFO - Sync 1 DAGs
[2026-06-18T22:41:28.421+0000] {logging_mixin.py:190} INFO - [2026-06-18T22:41:28.420+0000] {dag.py:4180} INFO - Setting next_dagrun for example_python_decorator to None, run_after=None
[2026-06-18T22:41:28.458+0000] {processor.py:208} INFO - Processing /home/airflow/.local/lib/python3.12/site-packages/airflow/example_dags/example_python_decorator.py took 0.281 seconds
[2026-06-18T22:41:58.644+0000] {processor.py:186} INFO - Started process (PID=169) to work on /home/airflow/.local/lib/python3.12/site-packages/airflow/example_dags/example_python_decorator.py
[2026-06-18T22:41:58.658+0000] {processor.py:914} INFO - Processing file /home/airflow/.local/lib/python3.12/site-packages/airflow/example_dags/example_python_decorator.py for tasks to queue
[2026-06-18T22:41:58.664+0000] {logging_mixin.py:190} INFO - [2026-06-18T22:41:58.663+0000] {dagbag.py:588} INFO - Filling up the DagBag from /home/airflow/.local/lib/python3.12/site-packages/airflow/example_dags/example_python_decorator.py
[2026-06-18T22:41:58.695+0000] {processor.py:925} INFO - DAG(s) 'example_python_decorator' retrieved from /home/airflow/.local/lib/python3.12/site-packages/airflow/example_dags/example_python_decorator.py
[2026-06-18T22:41:58.739+0000] {logging_mixin.py:190} INFO - [2026-06-18T22:41:58.739+0000] {dag.py:3239} INFO - Sync 1 DAGs
[2026-06-18T22:41:58.769+0000] {logging_mixin.py:190} INFO - [2026-06-18T22:41:58.768+0000] {dag.py:4180} INFO - Setting next_dagrun for example_python_decorator to None, run_after=None
[2026-06-18T22:41:58.809+0000] {processor.py:208} INFO - Processing /home/airflow/.local/lib/python3.12/site-packages/airflow/example_dags/example_python_decorator.py took 0.177 seconds
[2026-06-18T22:42:29.485+0000] {processor.py:186} INFO - Started process (PID=233) to work on /home/airflow/.local/lib/python3.12/site-packages/airflow/example_dags/example_python_decorator.py
[2026-06-18T22:42:29.486+0000] {processor.py:914} INFO - Processing file /home/airflow/.local/lib/python3.12/site-packages/airflow/example_dags/example_python_decorator.py for tasks to queue
[2026-06-18T22:42:29.489+0000] {logging_mixin.py:190} INFO - [2026-06-18T22:42:29.488+0000] {dagbag.py:588} INFO - Filling up the DagBag from /home/airflow/.local/lib/python3.12/site-packages/airflow/example_dags/example_python_decorator.py
[2026-06-18T22:42:29.504+0000] {processor.py:925} INFO - DAG(s) 'example_python_decorator' retrieved from /home/airflow/.local/lib/python3.12/site-packages/airflow/example_dags/example_python_decorator.py
[2026-06-18T22:42:29.532+0000] {logging_mixin.py:190} INFO - [2026-06-18T22:42:29.531+0000] {dag.py:3239} INFO - Sync 1 DAGs
[2026-06-18T22:42:29.547+0000] {logging_mixin.py:190} INFO - [2026-06-18T22:42:29.547+0000] {dag.py:4180} INFO - Setting next_dagrun for example_python_decorator to None, run_after=None
[2026-06-18T22:42:29.582+0000] {processor.py:208} INFO - Processing /home/airflow/.local/lib/python3.12/site-packages/airflow/example_dags/example_python_decorator.py took 0.102 seconds
[2026-06-18T22:42:59.734+0000] {processor.py:186} INFO - Started process (PID=297) to work on /home/airflow/.local/lib/python3.12/site-packages/airflow/example_dags/example_python_decorator.py
[2026-06-18T22:42:59.736+0000] {processor.py:914} INFO - Processing file /home/airflow/.local/lib/python3.12/site-packages/airflow/example_dags/example_python_decorator.py for tasks to queue
[2026-06-18T22:42:59.739+0000] {logging_mixin.py:190} INFO - [2026-06-18T22:42:59.739+0000] {dagbag.py:588} INFO - Filling up the DagBag from /home/airflow/.local/lib/python3.12/site-packages/airflow/example_dags/example_python_decorator.py
[2026-06-18T22:42:59.755+0000] {processor.py:925} INFO - DAG(s) 'example_python_decorator' retrieved from /home/airflow/.local/lib/python3.12/site-packages/airflow/example_dags/example_python_decorator.py
[2026-06-18T22:42:59.778+0000] {logging_mixin.py:190} INFO - [2026-06-18T22:42:59.777+0000] {dag.py:3239} INFO - Sync 1 DAGs
[2026-06-18T22:42:59.791+0000] {logging_mixin.py:190} INFO - [2026-06-18T22:42:59.791+0000] {dag.py:4180} INFO - Setting next_dagrun for example_python_decorator to None, run_after=None
[2026-06-18T22:42:59.811+0000] {processor.py:208} INFO - Processing /home/airflow/.local/lib/python3.12/site-packages/airflow/example_dags/example_python_decorator.py took 0.083 seconds
[2026-06-18T22:43:30.521+0000] {processor.py:186} INFO - Started process (PID=361) to work on /home/airflow/.local/lib/python3.12/site-packages/airflow/example_dags/example_python_decorator.py
[2026-06-18T22:43:30.522+0000] {processor.py:914} INFO - Processing file /home/airflow/.local/lib/python3.12/site-packages/airflow/example_dags/example_python_decorator.py for tasks to queue
[2026-06-18T22:43:30.524+0000] {logging_mixin.py:190} INFO - [2026-06-18T22:43:30.524+0000] {dagbag.py:588} INFO - Filling up the DagBag from /home/airflow/.local/lib/python3.12/site-packages/airflow/example_dags/example_python_decorator.py
[2026-06-18T22:43:30.535+0000] {processor.py:925} INFO - DAG(s) 'example_python_decorator' retrieved from /home/airflow/.local/lib/python3.12/site-packages/airflow/example_dags/example_python_decorator.py
[2026-06-18T22:43:30.552+0000] {logging_mixin.py:190} INFO - [2026-06-18T22:43:30.552+0000] {dag.py:3239} INFO - Sync 1 DAGs
[2026-06-18T22:43:30.564+0000] {logging_mixin.py:190} INFO - [2026-06-18T22:43:30.564+0000] {dag.py:4180} INFO - Setting next_dagrun for example_python_decorator to None, run_after=None
[2026-06-18T22:43:30.579+0000] {processor.py:208} INFO - Processing /home/airflow/.local/lib/python3.12/site-packages/airflow/example_dags/example_python_decorator.py took 0.064 seconds
[2026-06-18T22:44:01.167+0000] {processor.py:186} INFO - Started process (PID=425) to work on /home/airflow/.local/lib/python3.12/site-packages/airflow/example_dags/example_python_decorator.py
[2026-06-18T22:44:01.168+0000] {processor.py:914} INFO - Processing file /home/airflow/.local/lib/python3.12/site-packages/airflow/example_dags/example_python_decorator.py for tasks to queue
[2026-06-18T22:44:01.172+0000] {logging_mixin.py:190} INFO - [2026-06-18T22:44:01.172+0000] {dagbag.py:588} INFO - Filling up the DagBag from /home/airflow/.local/lib/python3.12/site-packages/airflow/example_dags/example_python_decorator.py
[2026-06-18T22:44:01.195+0000] {processor.py:925} INFO - DAG(s) 'example_python_decorator' retrieved from /home/airflow/.local/lib/python3.12/site-packages/airflow/example_dags/example_python_decorator.py
[2026-06-18T22:44:01.234+0000] {logging_mixin.py:190} INFO - [2026-06-18T22:44:01.233+0000] {dag.py:3239} INFO - Sync 1 DAGs
[2026-06-18T22:44:01.260+0000] {logging_mixin.py:190} INFO - [2026-06-18T22:44:01.260+0000] {dag.py:4180} INFO - Setting next_dagrun for example_python_decorator to None, run_after=None
[2026-06-18T22:44:01.288+0000] {processor.py:208} INFO - Processing /home/airflow/.local/lib/python3.12/site-packages/airflow/example_dags/example_python_decorator.py took 0.127 seconds
[2026-06-18T22:44:32.298+0000] {processor.py:186} INFO - Started process (PID=489) to work on /home/airflow/.local/lib/python3.12/site-packages/airflow/example_dags/example_python_decorator.py
[2026-06-18T22:44:32.299+0000] {processor.py:914} INFO - Processing file /home/airflow/.local/lib/python3.12/site-packages/airflow/example_dags/example_python_decorator.py for tasks to queue
[2026-06-18T22:44:32.302+0000] {logging_mixin.py:190} INFO - [2026-06-18T22:44:32.302+0000] {dagbag.py:588} INFO - Filling up the DagBag from /home/airflow/.local/lib/python3.12/site-packages/airflow/example_dags/example_python_decorator.py
[2026-06-18T22:44:32.331+0000] {processor.py:925} INFO - DAG(s) 'example_python_decorator' retrieved from /home/airflow/.local/lib/python3.12/site-packages/airflow/example_dags/example_python_decorator.py
[2026-06-18T22:44:32.369+0000] {logging_mixin.py:190} INFO - [2026-06-18T22:44:32.369+0000] {dag.py:3239} INFO - Sync 1 DAGs
[2026-06-18T22:44:32.388+0000] {logging_mixin.py:190} INFO - [2026-06-18T22:44:32.388+0000] {dag.py:4180} INFO - Setting next_dagrun for example_python_decorator to None, run_after=None
[2026-06-18T22:44:32.425+0000] {processor.py:208} INFO - Processing /home/airflow/.local/lib/python3.12/site-packages/airflow/example_dags/example_python_decorator.py took 0.135 seconds
[2026-06-18T22:45:02.897+0000] {processor.py:186} INFO - Started process (PID=553) to work on /home/airflow/.local/lib/python3.12/site-packages/airflow/example_dags/example_python_decorator.py
[2026-06-18T22:45:02.898+0000] {processor.py:914} INFO - Processing file /home/airflow/.local/lib/python3.12/site-packages/airflow/example_dags/example_python_decorator.py for tasks to queue
[2026-06-18T22:45:02.900+0000] {logging_mixin.py:190} INFO - [2026-06-18T22:45:02.900+0000] {dagbag.py:588} INFO - Filling up the DagBag from /home/airflow/.local/lib/python3.12/site-packages/airflow/example_dags/example_python_decorator.py
[2026-06-18T22:45:02.917+0000] {processor.py:925} INFO - DAG(s) 'example_python_decorator' retrieved from /home/airflow/.local/lib/python3.12/site-packages/airflow/example_dags/example_python_decorator.py
[2026-06-18T22:45:02.944+0000] {logging_mixin.py:190} INFO - [2026-06-18T22:45:02.944+0000] {dag.py:3239} INFO - Sync 1 DAGs
[2026-06-18T22:45:02.965+0000] {logging_mixin.py:190} INFO - [2026-06-18T22:45:02.964+0000] {dag.py:4180} INFO - Setting next_dagrun for example_python_decorator to None, run_after=None
[2026-06-18T22:45:03.002+0000] {processor.py:208} INFO - Processing /home/airflow/.local/lib/python3.12/site-packages/airflow/example_dags/example_python_decorator.py took 0.110 seconds
[2026-06-18T22:45:33.789+0000] {processor.py:186} INFO - Started process (PID=619) to work on /home/airflow/.local/lib/python3.12/site-packages/airflow/example_dags/example_python_decorator.py
[2026-06-18T22:45:33.790+0000] {processor.py:914} INFO - Processing file /home/airflow/.local/lib/python3.12/site-packages/airflow/example_dags/example_python_decorator.py for tasks to queue
[2026-06-18T22:45:33.792+0000] {logging_mixin.py:190} INFO - [2026-06-18T22:45:33.792+0000] {dagbag.py:588} INFO - Filling up the DagBag from /home/airflow/.local/lib/python3.12/site-packages/airflow/example_dags/example_python_decorator.py
[2026-06-18T22:45:33.804+0000] {processor.py:925} INFO - DAG(s) 'example_python_decorator' retrieved from /home/airflow/.local/lib/python3.12/site-packages/airflow/example_dags/example_python_decorator.py
[2026-06-18T22:45:33.821+0000] {logging_mixin.py:190} INFO - [2026-06-18T22:45:33.821+0000] {dag.py:3239} INFO - Sync 1 DAGs
[2026-06-18T22:45:33.832+0000] {logging_mixin.py:190} INFO - [2026-06-18T22:45:33.832+0000] {dag.py:4180} INFO - Setting next_dagrun for example_python_decorator to None, run_after=None
[2026-06-18T22:45:33.850+0000] {processor.py:208} INFO - Processing /home/airflow/.local/lib/python3.12/site-packages/airflow/example_dags/example_python_decorator.py took 0.066 seconds
[2026-06-18T22:46:03.993+0000] {processor.py:186} INFO - Started process (PID=683) to work on /home/airflow/.local/lib/python3.12/site-packages/airflow/example_dags/example_python_decorator.py
[2026-06-18T22:46:03.994+0000] {processor.py:914} INFO - Processing file /home/airflow/.local/lib/python3.12/site-packages/airflow/example_dags/example_python_decorator.py for tasks to queue
[2026-06-18T22:46:03.997+0000] {logging_mixin.py:190} INFO - [2026-06-18T22:46:03.997+0000] {dagbag.py:588} INFO - Filling up the DagBag from /home/airflow/.local/lib/python3.12/site-packages/airflow/example_dags/example_python_decorator.py
[2026-06-18T22:46:04.008+0000] {processor.py:925} INFO - DAG(s) 'example_python_decorator' retrieved from /home/airflow/.local/lib/python3.12/site-packages/airflow/example_dags/example_python_decorator.py
[2026-06-18T22:46:04.029+0000] {logging_mixin.py:190} INFO - [2026-06-18T22:46:04.029+0000] {dag.py:3239} INFO - Sync 1 DAGs
[2026-06-18T22:46:04.041+0000] {logging_mixin.py:190} INFO - [2026-06-18T22:46:04.041+0000] {dag.py:4180} INFO - Setting next_dagrun for example_python_decorator to None, run_after=None
[2026-06-18T22:46:04.060+0000] {processor.py:208} INFO - Processing /home/airflow/.local/lib/python3.12/site-packages/airflow/example_dags/example_python_decorator.py took 0.072 seconds
