[2026-06-18T22:41:27.084+0000] {processor.py:186} INFO - Started process (PID=98) to work on /home/airflow/.local/lib/python3.12/site-packages/airflow/example_dags/example_branch_python_dop_operator_3.py
[2026-06-18T22:41:27.087+0000] {processor.py:914} INFO - Processing file /home/airflow/.local/lib/python3.12/site-packages/airflow/example_dags/example_branch_python_dop_operator_3.py for tasks to queue
[2026-06-18T22:41:27.093+0000] {logging_mixin.py:190} INFO - [2026-06-18T22:41:27.092+0000] {dagbag.py:588} INFO - Filling up the DagBag from /home/airflow/.local/lib/python3.12/site-packages/airflow/example_dags/example_branch_python_dop_operator_3.py
[2026-06-18T22:41:27.121+0000] {processor.py:925} INFO - DAG(s) 'example_branch_dop_operator_v3' retrieved from /home/airflow/.local/lib/python3.12/site-packages/airflow/example_dags/example_branch_python_dop_operator_3.py
[2026-06-18T22:41:27.189+0000] {logging_mixin.py:190} INFO - [2026-06-18T22:41:27.188+0000] {dag.py:3239} INFO - Sync 1 DAGs
[2026-06-18T22:41:27.256+0000] {logging_mixin.py:190} INFO - [2026-06-18T22:41:27.256+0000] {dag.py:4180} INFO - Setting next_dagrun for example_branch_dop_operator_v3 to 2026-06-18 22:40:00+00:00, run_after=2026-06-18 22:41:00+00:00
[2026-06-18T22:41:27.305+0000] {processor.py:208} INFO - Processing /home/airflow/.local/lib/python3.12/site-packages/airflow/example_dags/example_branch_python_dop_operator_3.py took 0.232 seconds
[2026-06-18T22:41:57.747+0000] {processor.py:186} INFO - Started process (PID=162) to work on /home/airflow/.local/lib/python3.12/site-packages/airflow/example_dags/example_branch_python_dop_operator_3.py
[2026-06-18T22:41:57.749+0000] {processor.py:914} INFO - Processing file /home/airflow/.local/lib/python3.12/site-packages/airflow/example_dags/example_branch_python_dop_operator_3.py for tasks to queue
[2026-06-18T22:41:57.752+0000] {logging_mixin.py:190} INFO - [2026-06-18T22:41:57.752+0000] {dagbag.py:588} INFO - Filling up the DagBag from /home/airflow/.local/lib/python3.12/site-packages/airflow/example_dags/example_branch_python_dop_operator_3.py
[2026-06-18T22:41:57.765+0000] {processor.py:925} INFO - DAG(s) 'example_branch_dop_operator_v3' retrieved from /home/airflow/.local/lib/python3.12/site-packages/airflow/example_dags/example_branch_python_dop_operator_3.py
[2026-06-18T22:41:57.799+0000] {logging_mixin.py:190} INFO - [2026-06-18T22:41:57.798+0000] {dag.py:3239} INFO - Sync 1 DAGs
[2026-06-18T22:41:57.837+0000] {logging_mixin.py:190} INFO - [2026-06-18T22:41:57.837+0000] {dag.py:4180} INFO - Setting next_dagrun for example_branch_dop_operator_v3 to 2026-06-18 22:40:00+00:00, run_after=2026-06-18 22:41:00+00:00
[2026-06-18T22:41:57.872+0000] {processor.py:208} INFO - Processing /home/airflow/.local/lib/python3.12/site-packages/airflow/example_dags/example_branch_python_dop_operator_3.py took 0.131 seconds
[2026-06-18T22:42:27.983+0000] {processor.py:186} INFO - Started process (PID=226) to work on /home/airflow/.local/lib/python3.12/site-packages/airflow/example_dags/example_branch_python_dop_operator_3.py
[2026-06-18T22:42:27.985+0000] {processor.py:914} INFO - Processing file /home/airflow/.local/lib/python3.12/site-packages/airflow/example_dags/example_branch_python_dop_operator_3.py for tasks to queue
[2026-06-18T22:42:27.987+0000] {logging_mixin.py:190} INFO - [2026-06-18T22:42:27.987+0000] {dagbag.py:588} INFO - Filling up the DagBag from /home/airflow/.local/lib/python3.12/site-packages/airflow/example_dags/example_branch_python_dop_operator_3.py
[2026-06-18T22:42:27.998+0000] {processor.py:925} INFO - DAG(s) 'example_branch_dop_operator_v3' retrieved from /home/airflow/.local/lib/python3.12/site-packages/airflow/example_dags/example_branch_python_dop_operator_3.py
[2026-06-18T22:42:28.017+0000] {logging_mixin.py:190} INFO - [2026-06-18T22:42:28.017+0000] {dag.py:3239} INFO - Sync 1 DAGs
[2026-06-18T22:42:28.044+0000] {logging_mixin.py:190} INFO - [2026-06-18T22:42:28.044+0000] {dag.py:4180} INFO - Setting next_dagrun for example_branch_dop_operator_v3 to 2026-06-18 22:41:00+00:00, run_after=2026-06-18 22:42:00+00:00
[2026-06-18T22:42:28.069+0000] {processor.py:208} INFO - Processing /home/airflow/.local/lib/python3.12/site-packages/airflow/example_dags/example_branch_python_dop_operator_3.py took 0.091 seconds
[2026-06-18T22:42:58.250+0000] {processor.py:186} INFO - Started process (PID=290) to work on /home/airflow/.local/lib/python3.12/site-packages/airflow/example_dags/example_branch_python_dop_operator_3.py
[2026-06-18T22:42:58.252+0000] {processor.py:914} INFO - Processing file /home/airflow/.local/lib/python3.12/site-packages/airflow/example_dags/example_branch_python_dop_operator_3.py for tasks to queue
[2026-06-18T22:42:58.255+0000] {logging_mixin.py:190} INFO - [2026-06-18T22:42:58.255+0000] {dagbag.py:588} INFO - Filling up the DagBag from /home/airflow/.local/lib/python3.12/site-packages/airflow/example_dags/example_branch_python_dop_operator_3.py
[2026-06-18T22:42:58.265+0000] {processor.py:925} INFO - DAG(s) 'example_branch_dop_operator_v3' retrieved from /home/airflow/.local/lib/python3.12/site-packages/airflow/example_dags/example_branch_python_dop_operator_3.py
[2026-06-18T22:42:58.285+0000] {logging_mixin.py:190} INFO - [2026-06-18T22:42:58.285+0000] {dag.py:3239} INFO - Sync 1 DAGs
[2026-06-18T22:42:58.309+0000] {logging_mixin.py:190} INFO - [2026-06-18T22:42:58.308+0000] {dag.py:4180} INFO - Setting next_dagrun for example_branch_dop_operator_v3 to 2026-06-18 22:41:00+00:00, run_after=2026-06-18 22:42:00+00:00
[2026-06-18T22:42:58.331+0000] {processor.py:208} INFO - Processing /home/airflow/.local/lib/python3.12/site-packages/airflow/example_dags/example_branch_python_dop_operator_3.py took 0.087 seconds
[2026-06-18T22:43:29.074+0000] {processor.py:186} INFO - Started process (PID=354) to work on /home/airflow/.local/lib/python3.12/site-packages/airflow/example_dags/example_branch_python_dop_operator_3.py
[2026-06-18T22:43:29.076+0000] {processor.py:914} INFO - Processing file /home/airflow/.local/lib/python3.12/site-packages/airflow/example_dags/example_branch_python_dop_operator_3.py for tasks to queue
[2026-06-18T22:43:29.079+0000] {logging_mixin.py:190} INFO - [2026-06-18T22:43:29.078+0000] {dagbag.py:588} INFO - Filling up the DagBag from /home/airflow/.local/lib/python3.12/site-packages/airflow/example_dags/example_branch_python_dop_operator_3.py
[2026-06-18T22:43:29.087+0000] {processor.py:925} INFO - DAG(s) 'example_branch_dop_operator_v3' retrieved from /home/airflow/.local/lib/python3.12/site-packages/airflow/example_dags/example_branch_python_dop_operator_3.py
[2026-06-18T22:43:29.104+0000] {logging_mixin.py:190} INFO - [2026-06-18T22:43:29.103+0000] {dag.py:3239} INFO - Sync 1 DAGs
[2026-06-18T22:43:29.122+0000] {logging_mixin.py:190} INFO - [2026-06-18T22:43:29.122+0000] {dag.py:4180} INFO - Setting next_dagrun for example_branch_dop_operator_v3 to 2026-06-18 22:42:00+00:00, run_after=2026-06-18 22:43:00+00:00
[2026-06-18T22:43:29.141+0000] {processor.py:208} INFO - Processing /home/airflow/.local/lib/python3.12/site-packages/airflow/example_dags/example_branch_python_dop_operator_3.py took 0.071 seconds
[2026-06-18T22:43:59.577+0000] {processor.py:186} INFO - Started process (PID=418) to work on /home/airflow/.local/lib/python3.12/site-packages/airflow/example_dags/example_branch_python_dop_operator_3.py
[2026-06-18T22:43:59.578+0000] {processor.py:914} INFO - Processing file /home/airflow/.local/lib/python3.12/site-packages/airflow/example_dags/example_branch_python_dop_operator_3.py for tasks to queue
[2026-06-18T22:43:59.582+0000] {logging_mixin.py:190} INFO - [2026-06-18T22:43:59.581+0000] {dagbag.py:588} INFO - Filling up the DagBag from /home/airflow/.local/lib/python3.12/site-packages/airflow/example_dags/example_branch_python_dop_operator_3.py
[2026-06-18T22:43:59.594+0000] {processor.py:925} INFO - DAG(s) 'example_branch_dop_operator_v3' retrieved from /home/airflow/.local/lib/python3.12/site-packages/airflow/example_dags/example_branch_python_dop_operator_3.py
[2026-06-18T22:43:59.624+0000] {logging_mixin.py:190} INFO - [2026-06-18T22:43:59.624+0000] {dag.py:3239} INFO - Sync 1 DAGs
[2026-06-18T22:43:59.671+0000] {logging_mixin.py:190} INFO - [2026-06-18T22:43:59.670+0000] {dag.py:4180} INFO - Setting next_dagrun for example_branch_dop_operator_v3 to 2026-06-18 22:42:00+00:00, run_after=2026-06-18 22:43:00+00:00
[2026-06-18T22:43:59.708+0000] {processor.py:208} INFO - Processing /home/airflow/.local/lib/python3.12/site-packages/airflow/example_dags/example_branch_python_dop_operator_3.py took 0.139 seconds
[2026-06-18T22:44:29.758+0000] {processor.py:186} INFO - Started process (PID=483) to work on /home/airflow/.local/lib/python3.12/site-packages/airflow/example_dags/example_branch_python_dop_operator_3.py
[2026-06-18T22:44:29.760+0000] {processor.py:914} INFO - Processing file /home/airflow/.local/lib/python3.12/site-packages/airflow/example_dags/example_branch_python_dop_operator_3.py for tasks to queue
[2026-06-18T22:44:29.763+0000] {logging_mixin.py:190} INFO - [2026-06-18T22:44:29.763+0000] {dagbag.py:588} INFO - Filling up the DagBag from /home/airflow/.local/lib/python3.12/site-packages/airflow/example_dags/example_branch_python_dop_operator_3.py
[2026-06-18T22:44:29.772+0000] {processor.py:925} INFO - DAG(s) 'example_branch_dop_operator_v3' retrieved from /home/airflow/.local/lib/python3.12/site-packages/airflow/example_dags/example_branch_python_dop_operator_3.py
[2026-06-18T22:44:29.789+0000] {logging_mixin.py:190} INFO - [2026-06-18T22:44:29.789+0000] {dag.py:3239} INFO - Sync 1 DAGs
[2026-06-18T22:44:29.812+0000] {logging_mixin.py:190} INFO - [2026-06-18T22:44:29.812+0000] {dag.py:4180} INFO - Setting next_dagrun for example_branch_dop_operator_v3 to 2026-06-18 22:43:00+00:00, run_after=2026-06-18 22:44:00+00:00
[2026-06-18T22:44:29.829+0000] {processor.py:208} INFO - Processing /home/airflow/.local/lib/python3.12/site-packages/airflow/example_dags/example_branch_python_dop_operator_3.py took 0.076 seconds
[2026-06-18T22:45:00.418+0000] {processor.py:186} INFO - Started process (PID=546) to work on /home/airflow/.local/lib/python3.12/site-packages/airflow/example_dags/example_branch_python_dop_operator_3.py
[2026-06-18T22:45:00.419+0000] {processor.py:914} INFO - Processing file /home/airflow/.local/lib/python3.12/site-packages/airflow/example_dags/example_branch_python_dop_operator_3.py for tasks to queue
[2026-06-18T22:45:00.422+0000] {logging_mixin.py:190} INFO - [2026-06-18T22:45:00.421+0000] {dagbag.py:588} INFO - Filling up the DagBag from /home/airflow/.local/lib/python3.12/site-packages/airflow/example_dags/example_branch_python_dop_operator_3.py
[2026-06-18T22:45:00.429+0000] {processor.py:925} INFO - DAG(s) 'example_branch_dop_operator_v3' retrieved from /home/airflow/.local/lib/python3.12/site-packages/airflow/example_dags/example_branch_python_dop_operator_3.py
[2026-06-18T22:45:00.446+0000] {logging_mixin.py:190} INFO - [2026-06-18T22:45:00.446+0000] {dag.py:3239} INFO - Sync 1 DAGs
[2026-06-18T22:45:00.464+0000] {logging_mixin.py:190} INFO - [2026-06-18T22:45:00.464+0000] {dag.py:4180} INFO - Setting next_dagrun for example_branch_dop_operator_v3 to 2026-06-18 22:44:00+00:00, run_after=2026-06-18 22:45:00+00:00
[2026-06-18T22:45:00.482+0000] {processor.py:208} INFO - Processing /home/airflow/.local/lib/python3.12/site-packages/airflow/example_dags/example_branch_python_dop_operator_3.py took 0.068 seconds
[2026-06-18T22:45:31.287+0000] {processor.py:186} INFO - Started process (PID=612) to work on /home/airflow/.local/lib/python3.12/site-packages/airflow/example_dags/example_branch_python_dop_operator_3.py
[2026-06-18T22:45:31.288+0000] {processor.py:914} INFO - Processing file /home/airflow/.local/lib/python3.12/site-packages/airflow/example_dags/example_branch_python_dop_operator_3.py for tasks to queue
[2026-06-18T22:45:31.291+0000] {logging_mixin.py:190} INFO - [2026-06-18T22:45:31.291+0000] {dagbag.py:588} INFO - Filling up the DagBag from /home/airflow/.local/lib/python3.12/site-packages/airflow/example_dags/example_branch_python_dop_operator_3.py
[2026-06-18T22:45:31.306+0000] {processor.py:925} INFO - DAG(s) 'example_branch_dop_operator_v3' retrieved from /home/airflow/.local/lib/python3.12/site-packages/airflow/example_dags/example_branch_python_dop_operator_3.py
[2026-06-18T22:45:31.332+0000] {logging_mixin.py:190} INFO - [2026-06-18T22:45:31.331+0000] {dag.py:3239} INFO - Sync 1 DAGs
[2026-06-18T22:45:31.362+0000] {logging_mixin.py:190} INFO - [2026-06-18T22:45:31.361+0000] {dag.py:4180} INFO - Setting next_dagrun for example_branch_dop_operator_v3 to 2026-06-18 22:44:00+00:00, run_after=2026-06-18 22:45:00+00:00
[2026-06-18T22:45:31.385+0000] {processor.py:208} INFO - Processing /home/airflow/.local/lib/python3.12/site-packages/airflow/example_dags/example_branch_python_dop_operator_3.py took 0.105 seconds
[2026-06-18T22:46:01.491+0000] {processor.py:186} INFO - Started process (PID=676) to work on /home/airflow/.local/lib/python3.12/site-packages/airflow/example_dags/example_branch_python_dop_operator_3.py
[2026-06-18T22:46:01.493+0000] {processor.py:914} INFO - Processing file /home/airflow/.local/lib/python3.12/site-packages/airflow/example_dags/example_branch_python_dop_operator_3.py for tasks to queue
[2026-06-18T22:46:01.495+0000] {logging_mixin.py:190} INFO - [2026-06-18T22:46:01.495+0000] {dagbag.py:588} INFO - Filling up the DagBag from /home/airflow/.local/lib/python3.12/site-packages/airflow/example_dags/example_branch_python_dop_operator_3.py
[2026-06-18T22:46:01.504+0000] {processor.py:925} INFO - DAG(s) 'example_branch_dop_operator_v3' retrieved from /home/airflow/.local/lib/python3.12/site-packages/airflow/example_dags/example_branch_python_dop_operator_3.py
[2026-06-18T22:46:01.521+0000] {logging_mixin.py:190} INFO - [2026-06-18T22:46:01.521+0000] {dag.py:3239} INFO - Sync 1 DAGs
[2026-06-18T22:46:01.541+0000] {logging_mixin.py:190} INFO - [2026-06-18T22:46:01.541+0000] {dag.py:4180} INFO - Setting next_dagrun for example_branch_dop_operator_v3 to 2026-06-18 22:45:00+00:00, run_after=2026-06-18 22:46:00+00:00
[2026-06-18T22:46:01.559+0000] {processor.py:208} INFO - Processing /home/airflow/.local/lib/python3.12/site-packages/airflow/example_dags/example_branch_python_dop_operator_3.py took 0.073 seconds
