[2026-06-18T22:41:29.944+0000] {processor.py:186} INFO - Started process (PID=118) to work on /home/airflow/.local/lib/python3.12/site-packages/airflow/example_dags/example_inlet_event_extra.py
[2026-06-18T22:41:29.946+0000] {processor.py:914} INFO - Processing file /home/airflow/.local/lib/python3.12/site-packages/airflow/example_dags/example_inlet_event_extra.py for tasks to queue
[2026-06-18T22:41:29.951+0000] {logging_mixin.py:190} INFO - [2026-06-18T22:41:29.951+0000] {dagbag.py:588} INFO - Filling up the DagBag from /home/airflow/.local/lib/python3.12/site-packages/airflow/example_dags/example_inlet_event_extra.py
[2026-06-18T22:41:30.173+0000] {processor.py:925} INFO - DAG(s) 'read_dataset_event_from_classic', 'read_dataset_event' retrieved from /home/airflow/.local/lib/python3.12/site-packages/airflow/example_dags/example_inlet_event_extra.py
[2026-06-18T22:41:30.224+0000] {logging_mixin.py:190} INFO - [2026-06-18T22:41:30.223+0000] {dag.py:3239} INFO - Sync 2 DAGs
[2026-06-18T22:41:30.269+0000] {logging_mixin.py:190} INFO - [2026-06-18T22:41:30.268+0000] {dag.py:4180} INFO - Setting next_dagrun for read_dataset_event to 2026-06-17 00:00:00+00:00, run_after=2026-06-18 00:00:00+00:00
[2026-06-18T22:41:30.278+0000] {logging_mixin.py:190} INFO - [2026-06-18T22:41:30.277+0000] {dag.py:4180} INFO - Setting next_dagrun for read_dataset_event_from_classic to 2026-06-17 00:00:00+00:00, run_after=2026-06-18 00:00:00+00:00
[2026-06-18T22:41:30.312+0000] {processor.py:208} INFO - Processing /home/airflow/.local/lib/python3.12/site-packages/airflow/example_dags/example_inlet_event_extra.py took 0.377 seconds
[2026-06-18T22:42:00.453+0000] {processor.py:186} INFO - Started process (PID=182) to work on /home/airflow/.local/lib/python3.12/site-packages/airflow/example_dags/example_inlet_event_extra.py
[2026-06-18T22:42:00.461+0000] {processor.py:914} INFO - Processing file /home/airflow/.local/lib/python3.12/site-packages/airflow/example_dags/example_inlet_event_extra.py for tasks to queue
[2026-06-18T22:42:00.464+0000] {logging_mixin.py:190} INFO - [2026-06-18T22:42:00.464+0000] {dagbag.py:588} INFO - Filling up the DagBag from /home/airflow/.local/lib/python3.12/site-packages/airflow/example_dags/example_inlet_event_extra.py
[2026-06-18T22:42:00.632+0000] {processor.py:925} INFO - DAG(s) 'read_dataset_event_from_classic', 'read_dataset_event' retrieved from /home/airflow/.local/lib/python3.12/site-packages/airflow/example_dags/example_inlet_event_extra.py
[2026-06-18T22:42:00.667+0000] {logging_mixin.py:190} INFO - [2026-06-18T22:42:00.667+0000] {dag.py:3239} INFO - Sync 2 DAGs
[2026-06-18T22:42:00.699+0000] {logging_mixin.py:190} INFO - [2026-06-18T22:42:00.698+0000] {dag.py:4180} INFO - Setting next_dagrun for read_dataset_event to 2026-06-17 00:00:00+00:00, run_after=2026-06-18 00:00:00+00:00
[2026-06-18T22:42:00.706+0000] {logging_mixin.py:190} INFO - [2026-06-18T22:42:00.706+0000] {dag.py:4180} INFO - Setting next_dagrun for read_dataset_event_from_classic to 2026-06-17 00:00:00+00:00, run_after=2026-06-18 00:00:00+00:00
[2026-06-18T22:42:00.738+0000] {processor.py:208} INFO - Processing /home/airflow/.local/lib/python3.12/site-packages/airflow/example_dags/example_inlet_event_extra.py took 0.291 seconds
[2026-06-18T22:42:30.807+0000] {processor.py:186} INFO - Started process (PID=246) to work on /home/airflow/.local/lib/python3.12/site-packages/airflow/example_dags/example_inlet_event_extra.py
[2026-06-18T22:42:30.809+0000] {processor.py:914} INFO - Processing file /home/airflow/.local/lib/python3.12/site-packages/airflow/example_dags/example_inlet_event_extra.py for tasks to queue
[2026-06-18T22:42:30.813+0000] {logging_mixin.py:190} INFO - [2026-06-18T22:42:30.812+0000] {dagbag.py:588} INFO - Filling up the DagBag from /home/airflow/.local/lib/python3.12/site-packages/airflow/example_dags/example_inlet_event_extra.py
[2026-06-18T22:42:30.986+0000] {processor.py:925} INFO - DAG(s) 'read_dataset_event_from_classic', 'read_dataset_event' retrieved from /home/airflow/.local/lib/python3.12/site-packages/airflow/example_dags/example_inlet_event_extra.py
[2026-06-18T22:42:31.013+0000] {logging_mixin.py:190} INFO - [2026-06-18T22:42:31.013+0000] {dag.py:3239} INFO - Sync 2 DAGs
[2026-06-18T22:42:31.043+0000] {logging_mixin.py:190} INFO - [2026-06-18T22:42:31.043+0000] {dag.py:4180} INFO - Setting next_dagrun for read_dataset_event to 2026-06-17 00:00:00+00:00, run_after=2026-06-18 00:00:00+00:00
[2026-06-18T22:42:31.049+0000] {logging_mixin.py:190} INFO - [2026-06-18T22:42:31.049+0000] {dag.py:4180} INFO - Setting next_dagrun for read_dataset_event_from_classic to 2026-06-17 00:00:00+00:00, run_after=2026-06-18 00:00:00+00:00
[2026-06-18T22:42:31.093+0000] {processor.py:208} INFO - Processing /home/airflow/.local/lib/python3.12/site-packages/airflow/example_dags/example_inlet_event_extra.py took 0.291 seconds
[2026-06-18T22:43:01.552+0000] {processor.py:186} INFO - Started process (PID=310) to work on /home/airflow/.local/lib/python3.12/site-packages/airflow/example_dags/example_inlet_event_extra.py
[2026-06-18T22:43:01.553+0000] {processor.py:914} INFO - Processing file /home/airflow/.local/lib/python3.12/site-packages/airflow/example_dags/example_inlet_event_extra.py for tasks to queue
[2026-06-18T22:43:01.556+0000] {logging_mixin.py:190} INFO - [2026-06-18T22:43:01.555+0000] {dagbag.py:588} INFO - Filling up the DagBag from /home/airflow/.local/lib/python3.12/site-packages/airflow/example_dags/example_inlet_event_extra.py
[2026-06-18T22:43:01.679+0000] {processor.py:925} INFO - DAG(s) 'read_dataset_event', 'read_dataset_event_from_classic' retrieved from /home/airflow/.local/lib/python3.12/site-packages/airflow/example_dags/example_inlet_event_extra.py
[2026-06-18T22:43:01.705+0000] {logging_mixin.py:190} INFO - [2026-06-18T22:43:01.704+0000] {dag.py:3239} INFO - Sync 2 DAGs
[2026-06-18T22:43:01.730+0000] {logging_mixin.py:190} INFO - [2026-06-18T22:43:01.729+0000] {dag.py:4180} INFO - Setting next_dagrun for read_dataset_event to 2026-06-17 00:00:00+00:00, run_after=2026-06-18 00:00:00+00:00
[2026-06-18T22:43:01.734+0000] {logging_mixin.py:190} INFO - [2026-06-18T22:43:01.734+0000] {dag.py:4180} INFO - Setting next_dagrun for read_dataset_event_from_classic to 2026-06-17 00:00:00+00:00, run_after=2026-06-18 00:00:00+00:00
[2026-06-18T22:43:01.757+0000] {processor.py:208} INFO - Processing /home/airflow/.local/lib/python3.12/site-packages/airflow/example_dags/example_inlet_event_extra.py took 0.209 seconds
[2026-06-18T22:43:32.342+0000] {processor.py:186} INFO - Started process (PID=374) to work on /home/airflow/.local/lib/python3.12/site-packages/airflow/example_dags/example_inlet_event_extra.py
[2026-06-18T22:43:32.344+0000] {processor.py:914} INFO - Processing file /home/airflow/.local/lib/python3.12/site-packages/airflow/example_dags/example_inlet_event_extra.py for tasks to queue
[2026-06-18T22:43:32.347+0000] {logging_mixin.py:190} INFO - [2026-06-18T22:43:32.346+0000] {dagbag.py:588} INFO - Filling up the DagBag from /home/airflow/.local/lib/python3.12/site-packages/airflow/example_dags/example_inlet_event_extra.py
[2026-06-18T22:43:32.457+0000] {processor.py:925} INFO - DAG(s) 'read_dataset_event', 'read_dataset_event_from_classic' retrieved from /home/airflow/.local/lib/python3.12/site-packages/airflow/example_dags/example_inlet_event_extra.py
[2026-06-18T22:43:32.476+0000] {logging_mixin.py:190} INFO - [2026-06-18T22:43:32.476+0000] {dag.py:3239} INFO - Sync 2 DAGs
[2026-06-18T22:43:32.498+0000] {logging_mixin.py:190} INFO - [2026-06-18T22:43:32.498+0000] {dag.py:4180} INFO - Setting next_dagrun for read_dataset_event to 2026-06-17 00:00:00+00:00, run_after=2026-06-18 00:00:00+00:00
[2026-06-18T22:43:32.502+0000] {logging_mixin.py:190} INFO - [2026-06-18T22:43:32.502+0000] {dag.py:4180} INFO - Setting next_dagrun for read_dataset_event_from_classic to 2026-06-17 00:00:00+00:00, run_after=2026-06-18 00:00:00+00:00
[2026-06-18T22:43:32.521+0000] {processor.py:208} INFO - Processing /home/airflow/.local/lib/python3.12/site-packages/airflow/example_dags/example_inlet_event_extra.py took 0.187 seconds
[2026-06-18T22:44:03.120+0000] {processor.py:186} INFO - Started process (PID=438) to work on /home/airflow/.local/lib/python3.12/site-packages/airflow/example_dags/example_inlet_event_extra.py
[2026-06-18T22:44:03.121+0000] {processor.py:914} INFO - Processing file /home/airflow/.local/lib/python3.12/site-packages/airflow/example_dags/example_inlet_event_extra.py for tasks to queue
[2026-06-18T22:44:03.124+0000] {logging_mixin.py:190} INFO - [2026-06-18T22:44:03.123+0000] {dagbag.py:588} INFO - Filling up the DagBag from /home/airflow/.local/lib/python3.12/site-packages/airflow/example_dags/example_inlet_event_extra.py
[2026-06-18T22:44:03.259+0000] {processor.py:925} INFO - DAG(s) 'read_dataset_event_from_classic', 'read_dataset_event' retrieved from /home/airflow/.local/lib/python3.12/site-packages/airflow/example_dags/example_inlet_event_extra.py
[2026-06-18T22:44:03.281+0000] {logging_mixin.py:190} INFO - [2026-06-18T22:44:03.281+0000] {dag.py:3239} INFO - Sync 2 DAGs
[2026-06-18T22:44:03.304+0000] {logging_mixin.py:190} INFO - [2026-06-18T22:44:03.304+0000] {dag.py:4180} INFO - Setting next_dagrun for read_dataset_event to 2026-06-17 00:00:00+00:00, run_after=2026-06-18 00:00:00+00:00
[2026-06-18T22:44:03.310+0000] {logging_mixin.py:190} INFO - [2026-06-18T22:44:03.310+0000] {dag.py:4180} INFO - Setting next_dagrun for read_dataset_event_from_classic to 2026-06-17 00:00:00+00:00, run_after=2026-06-18 00:00:00+00:00
[2026-06-18T22:44:03.333+0000] {processor.py:208} INFO - Processing /home/airflow/.local/lib/python3.12/site-packages/airflow/example_dags/example_inlet_event_extra.py took 0.219 seconds
[2026-06-18T22:44:33.727+0000] {processor.py:186} INFO - Started process (PID=502) to work on /home/airflow/.local/lib/python3.12/site-packages/airflow/example_dags/example_inlet_event_extra.py
[2026-06-18T22:44:33.729+0000] {processor.py:914} INFO - Processing file /home/airflow/.local/lib/python3.12/site-packages/airflow/example_dags/example_inlet_event_extra.py for tasks to queue
[2026-06-18T22:44:33.731+0000] {logging_mixin.py:190} INFO - [2026-06-18T22:44:33.731+0000] {dagbag.py:588} INFO - Filling up the DagBag from /home/airflow/.local/lib/python3.12/site-packages/airflow/example_dags/example_inlet_event_extra.py
[2026-06-18T22:44:33.881+0000] {processor.py:925} INFO - DAG(s) 'read_dataset_event', 'read_dataset_event_from_classic' retrieved from /home/airflow/.local/lib/python3.12/site-packages/airflow/example_dags/example_inlet_event_extra.py
[2026-06-18T22:44:33.906+0000] {logging_mixin.py:190} INFO - [2026-06-18T22:44:33.906+0000] {dag.py:3239} INFO - Sync 2 DAGs
[2026-06-18T22:44:33.938+0000] {logging_mixin.py:190} INFO - [2026-06-18T22:44:33.938+0000] {dag.py:4180} INFO - Setting next_dagrun for read_dataset_event to 2026-06-17 00:00:00+00:00, run_after=2026-06-18 00:00:00+00:00
[2026-06-18T22:44:33.942+0000] {logging_mixin.py:190} INFO - [2026-06-18T22:44:33.942+0000] {dag.py:4180} INFO - Setting next_dagrun for read_dataset_event_from_classic to 2026-06-17 00:00:00+00:00, run_after=2026-06-18 00:00:00+00:00
[2026-06-18T22:44:33.961+0000] {processor.py:208} INFO - Processing /home/airflow/.local/lib/python3.12/site-packages/airflow/example_dags/example_inlet_event_extra.py took 0.241 seconds
[2026-06-18T22:45:04.274+0000] {processor.py:186} INFO - Started process (PID=566) to work on /home/airflow/.local/lib/python3.12/site-packages/airflow/example_dags/example_inlet_event_extra.py
[2026-06-18T22:45:04.275+0000] {processor.py:914} INFO - Processing file /home/airflow/.local/lib/python3.12/site-packages/airflow/example_dags/example_inlet_event_extra.py for tasks to queue
[2026-06-18T22:45:04.280+0000] {logging_mixin.py:190} INFO - [2026-06-18T22:45:04.279+0000] {dagbag.py:588} INFO - Filling up the DagBag from /home/airflow/.local/lib/python3.12/site-packages/airflow/example_dags/example_inlet_event_extra.py
[2026-06-18T22:45:04.458+0000] {processor.py:925} INFO - DAG(s) 'read_dataset_event_from_classic', 'read_dataset_event' retrieved from /home/airflow/.local/lib/python3.12/site-packages/airflow/example_dags/example_inlet_event_extra.py
[2026-06-18T22:45:04.490+0000] {logging_mixin.py:190} INFO - [2026-06-18T22:45:04.490+0000] {dag.py:3239} INFO - Sync 2 DAGs
[2026-06-18T22:45:04.519+0000] {logging_mixin.py:190} INFO - [2026-06-18T22:45:04.518+0000] {dag.py:4180} INFO - Setting next_dagrun for read_dataset_event to 2026-06-17 00:00:00+00:00, run_after=2026-06-18 00:00:00+00:00
[2026-06-18T22:45:04.524+0000] {logging_mixin.py:190} INFO - [2026-06-18T22:45:04.524+0000] {dag.py:4180} INFO - Setting next_dagrun for read_dataset_event_from_classic to 2026-06-17 00:00:00+00:00, run_after=2026-06-18 00:00:00+00:00
[2026-06-18T22:45:04.547+0000] {processor.py:208} INFO - Processing /home/airflow/.local/lib/python3.12/site-packages/airflow/example_dags/example_inlet_event_extra.py took 0.279 seconds
[2026-06-18T22:45:34.666+0000] {processor.py:186} INFO - Started process (PID=632) to work on /home/airflow/.local/lib/python3.12/site-packages/airflow/example_dags/example_inlet_event_extra.py
[2026-06-18T22:45:34.667+0000] {processor.py:914} INFO - Processing file /home/airflow/.local/lib/python3.12/site-packages/airflow/example_dags/example_inlet_event_extra.py for tasks to queue
[2026-06-18T22:45:34.670+0000] {logging_mixin.py:190} INFO - [2026-06-18T22:45:34.669+0000] {dagbag.py:588} INFO - Filling up the DagBag from /home/airflow/.local/lib/python3.12/site-packages/airflow/example_dags/example_inlet_event_extra.py
[2026-06-18T22:45:34.779+0000] {processor.py:925} INFO - DAG(s) 'read_dataset_event', 'read_dataset_event_from_classic' retrieved from /home/airflow/.local/lib/python3.12/site-packages/airflow/example_dags/example_inlet_event_extra.py
[2026-06-18T22:45:34.801+0000] {logging_mixin.py:190} INFO - [2026-06-18T22:45:34.801+0000] {dag.py:3239} INFO - Sync 2 DAGs
[2026-06-18T22:45:34.829+0000] {logging_mixin.py:190} INFO - [2026-06-18T22:45:34.829+0000] {dag.py:4180} INFO - Setting next_dagrun for read_dataset_event to 2026-06-17 00:00:00+00:00, run_after=2026-06-18 00:00:00+00:00
[2026-06-18T22:45:34.834+0000] {logging_mixin.py:190} INFO - [2026-06-18T22:45:34.834+0000] {dag.py:4180} INFO - Setting next_dagrun for read_dataset_event_from_classic to 2026-06-17 00:00:00+00:00, run_after=2026-06-18 00:00:00+00:00
[2026-06-18T22:45:34.850+0000] {processor.py:208} INFO - Processing /home/airflow/.local/lib/python3.12/site-packages/airflow/example_dags/example_inlet_event_extra.py took 0.189 seconds
[2026-06-18T22:46:05.060+0000] {processor.py:186} INFO - Started process (PID=696) to work on /home/airflow/.local/lib/python3.12/site-packages/airflow/example_dags/example_inlet_event_extra.py
[2026-06-18T22:46:05.061+0000] {processor.py:914} INFO - Processing file /home/airflow/.local/lib/python3.12/site-packages/airflow/example_dags/example_inlet_event_extra.py for tasks to queue
[2026-06-18T22:46:05.064+0000] {logging_mixin.py:190} INFO - [2026-06-18T22:46:05.064+0000] {dagbag.py:588} INFO - Filling up the DagBag from /home/airflow/.local/lib/python3.12/site-packages/airflow/example_dags/example_inlet_event_extra.py
[2026-06-18T22:46:05.178+0000] {processor.py:925} INFO - DAG(s) 'read_dataset_event_from_classic', 'read_dataset_event' retrieved from /home/airflow/.local/lib/python3.12/site-packages/airflow/example_dags/example_inlet_event_extra.py
[2026-06-18T22:46:05.199+0000] {logging_mixin.py:190} INFO - [2026-06-18T22:46:05.199+0000] {dag.py:3239} INFO - Sync 2 DAGs
[2026-06-18T22:46:05.221+0000] {logging_mixin.py:190} INFO - [2026-06-18T22:46:05.221+0000] {dag.py:4180} INFO - Setting next_dagrun for read_dataset_event to 2026-06-17 00:00:00+00:00, run_after=2026-06-18 00:00:00+00:00
[2026-06-18T22:46:05.225+0000] {logging_mixin.py:190} INFO - [2026-06-18T22:46:05.225+0000] {dag.py:4180} INFO - Setting next_dagrun for read_dataset_event_from_classic to 2026-06-17 00:00:00+00:00, run_after=2026-06-18 00:00:00+00:00
[2026-06-18T22:46:05.240+0000] {processor.py:208} INFO - Processing /home/airflow/.local/lib/python3.12/site-packages/airflow/example_dags/example_inlet_event_extra.py took 0.185 seconds
