[2026-06-18T22:41:26.747+0000] {processor.py:186} INFO - Started process (PID=96) to work on /home/airflow/.local/lib/python3.12/site-packages/airflow/example_dags/example_xcom.py
[2026-06-18T22:41:26.751+0000] {processor.py:914} INFO - Processing file /home/airflow/.local/lib/python3.12/site-packages/airflow/example_dags/example_xcom.py for tasks to queue
[2026-06-18T22:41:26.761+0000] {logging_mixin.py:190} INFO - [2026-06-18T22:41:26.760+0000] {dagbag.py:588} INFO - Filling up the DagBag from /home/airflow/.local/lib/python3.12/site-packages/airflow/example_dags/example_xcom.py
[2026-06-18T22:41:26.789+0000] {processor.py:925} INFO - DAG(s) 'example_xcom' retrieved from /home/airflow/.local/lib/python3.12/site-packages/airflow/example_dags/example_xcom.py
[2026-06-18T22:41:26.875+0000] {logging_mixin.py:190} INFO - [2026-06-18T22:41:26.872+0000] {dag.py:3239} INFO - Sync 1 DAGs
[2026-06-18T22:41:26.957+0000] {logging_mixin.py:190} INFO - [2026-06-18T22:41:26.956+0000] {dag.py:4180} INFO - Setting next_dagrun for example_xcom to 2021-01-01 00:00:00+00:00, run_after=2021-01-01 00:00:00+00:00
[2026-06-18T22:41:27.013+0000] {processor.py:208} INFO - Processing /home/airflow/.local/lib/python3.12/site-packages/airflow/example_dags/example_xcom.py took 0.285 seconds
[2026-06-18T22:41:57.587+0000] {processor.py:186} INFO - Started process (PID=160) to work on /home/airflow/.local/lib/python3.12/site-packages/airflow/example_dags/example_xcom.py
[2026-06-18T22:41:57.602+0000] {processor.py:914} INFO - Processing file /home/airflow/.local/lib/python3.12/site-packages/airflow/example_dags/example_xcom.py for tasks to queue
[2026-06-18T22:41:57.605+0000] {logging_mixin.py:190} INFO - [2026-06-18T22:41:57.605+0000] {dagbag.py:588} INFO - Filling up the DagBag from /home/airflow/.local/lib/python3.12/site-packages/airflow/example_dags/example_xcom.py
[2026-06-18T22:41:57.617+0000] {processor.py:925} INFO - DAG(s) 'example_xcom' retrieved from /home/airflow/.local/lib/python3.12/site-packages/airflow/example_dags/example_xcom.py
[2026-06-18T22:41:57.642+0000] {logging_mixin.py:190} INFO - [2026-06-18T22:41:57.642+0000] {dag.py:3239} INFO - Sync 1 DAGs
[2026-06-18T22:41:57.666+0000] {logging_mixin.py:190} INFO - [2026-06-18T22:41:57.666+0000] {dag.py:4180} INFO - Setting next_dagrun for example_xcom to 2021-01-01 00:00:00+00:00, run_after=2021-01-01 00:00:00+00:00
[2026-06-18T22:41:57.701+0000] {processor.py:208} INFO - Processing /home/airflow/.local/lib/python3.12/site-packages/airflow/example_dags/example_xcom.py took 0.121 seconds
[2026-06-18T22:42:27.871+0000] {processor.py:186} INFO - Started process (PID=224) to work on /home/airflow/.local/lib/python3.12/site-packages/airflow/example_dags/example_xcom.py
[2026-06-18T22:42:27.873+0000] {processor.py:914} INFO - Processing file /home/airflow/.local/lib/python3.12/site-packages/airflow/example_dags/example_xcom.py for tasks to queue
[2026-06-18T22:42:27.875+0000] {logging_mixin.py:190} INFO - [2026-06-18T22:42:27.875+0000] {dagbag.py:588} INFO - Filling up the DagBag from /home/airflow/.local/lib/python3.12/site-packages/airflow/example_dags/example_xcom.py
[2026-06-18T22:42:27.884+0000] {processor.py:925} INFO - DAG(s) 'example_xcom' retrieved from /home/airflow/.local/lib/python3.12/site-packages/airflow/example_dags/example_xcom.py
[2026-06-18T22:42:27.901+0000] {logging_mixin.py:190} INFO - [2026-06-18T22:42:27.901+0000] {dag.py:3239} INFO - Sync 1 DAGs
[2026-06-18T22:42:27.918+0000] {logging_mixin.py:190} INFO - [2026-06-18T22:42:27.917+0000] {dag.py:4180} INFO - Setting next_dagrun for example_xcom to 2021-01-01 00:00:00+00:00, run_after=2021-01-01 00:00:00+00:00
[2026-06-18T22:42:27.940+0000] {processor.py:208} INFO - Processing /home/airflow/.local/lib/python3.12/site-packages/airflow/example_dags/example_xcom.py took 0.074 seconds
[2026-06-18T22:42:58.127+0000] {processor.py:186} INFO - Started process (PID=288) to work on /home/airflow/.local/lib/python3.12/site-packages/airflow/example_dags/example_xcom.py
[2026-06-18T22:42:58.129+0000] {processor.py:914} INFO - Processing file /home/airflow/.local/lib/python3.12/site-packages/airflow/example_dags/example_xcom.py for tasks to queue
[2026-06-18T22:42:58.131+0000] {logging_mixin.py:190} INFO - [2026-06-18T22:42:58.131+0000] {dagbag.py:588} INFO - Filling up the DagBag from /home/airflow/.local/lib/python3.12/site-packages/airflow/example_dags/example_xcom.py
[2026-06-18T22:42:58.139+0000] {processor.py:925} INFO - DAG(s) 'example_xcom' retrieved from /home/airflow/.local/lib/python3.12/site-packages/airflow/example_dags/example_xcom.py
[2026-06-18T22:42:58.163+0000] {logging_mixin.py:190} INFO - [2026-06-18T22:42:58.163+0000] {dag.py:3239} INFO - Sync 1 DAGs
[2026-06-18T22:42:58.183+0000] {logging_mixin.py:190} INFO - [2026-06-18T22:42:58.182+0000] {dag.py:4180} INFO - Setting next_dagrun for example_xcom to 2021-01-01 00:00:00+00:00, run_after=2021-01-01 00:00:00+00:00
[2026-06-18T22:42:58.203+0000] {processor.py:208} INFO - Processing /home/airflow/.local/lib/python3.12/site-packages/airflow/example_dags/example_xcom.py took 0.081 seconds
[2026-06-18T22:43:28.958+0000] {processor.py:186} INFO - Started process (PID=352) to work on /home/airflow/.local/lib/python3.12/site-packages/airflow/example_dags/example_xcom.py
[2026-06-18T22:43:28.959+0000] {processor.py:914} INFO - Processing file /home/airflow/.local/lib/python3.12/site-packages/airflow/example_dags/example_xcom.py for tasks to queue
[2026-06-18T22:43:28.962+0000] {logging_mixin.py:190} INFO - [2026-06-18T22:43:28.962+0000] {dagbag.py:588} INFO - Filling up the DagBag from /home/airflow/.local/lib/python3.12/site-packages/airflow/example_dags/example_xcom.py
[2026-06-18T22:43:28.971+0000] {processor.py:925} INFO - DAG(s) 'example_xcom' retrieved from /home/airflow/.local/lib/python3.12/site-packages/airflow/example_dags/example_xcom.py
[2026-06-18T22:43:28.993+0000] {logging_mixin.py:190} INFO - [2026-06-18T22:43:28.992+0000] {dag.py:3239} INFO - Sync 1 DAGs
[2026-06-18T22:43:29.016+0000] {logging_mixin.py:190} INFO - [2026-06-18T22:43:29.016+0000] {dag.py:4180} INFO - Setting next_dagrun for example_xcom to 2021-01-01 00:00:00+00:00, run_after=2021-01-01 00:00:00+00:00
[2026-06-18T22:43:29.041+0000] {processor.py:208} INFO - Processing /home/airflow/.local/lib/python3.12/site-packages/airflow/example_dags/example_xcom.py took 0.089 seconds
[2026-06-18T22:43:59.225+0000] {processor.py:186} INFO - Started process (PID=416) to work on /home/airflow/.local/lib/python3.12/site-packages/airflow/example_dags/example_xcom.py
[2026-06-18T22:43:59.230+0000] {processor.py:914} INFO - Processing file /home/airflow/.local/lib/python3.12/site-packages/airflow/example_dags/example_xcom.py for tasks to queue
[2026-06-18T22:43:59.235+0000] {logging_mixin.py:190} INFO - [2026-06-18T22:43:59.235+0000] {dagbag.py:588} INFO - Filling up the DagBag from /home/airflow/.local/lib/python3.12/site-packages/airflow/example_dags/example_xcom.py
[2026-06-18T22:43:59.261+0000] {processor.py:925} INFO - DAG(s) 'example_xcom' retrieved from /home/airflow/.local/lib/python3.12/site-packages/airflow/example_dags/example_xcom.py
[2026-06-18T22:43:59.308+0000] {logging_mixin.py:190} INFO - [2026-06-18T22:43:59.307+0000] {dag.py:3239} INFO - Sync 1 DAGs
[2026-06-18T22:43:59.352+0000] {logging_mixin.py:190} INFO - [2026-06-18T22:43:59.351+0000] {dag.py:4180} INFO - Setting next_dagrun for example_xcom to 2021-01-01 00:00:00+00:00, run_after=2021-01-01 00:00:00+00:00
[2026-06-18T22:43:59.383+0000] {processor.py:208} INFO - Processing /home/airflow/.local/lib/python3.12/site-packages/airflow/example_dags/example_xcom.py took 0.168 seconds
[2026-06-18T22:44:29.611+0000] {processor.py:186} INFO - Started process (PID=480) to work on /home/airflow/.local/lib/python3.12/site-packages/airflow/example_dags/example_xcom.py
[2026-06-18T22:44:29.613+0000] {processor.py:914} INFO - Processing file /home/airflow/.local/lib/python3.12/site-packages/airflow/example_dags/example_xcom.py for tasks to queue
[2026-06-18T22:44:29.616+0000] {logging_mixin.py:190} INFO - [2026-06-18T22:44:29.616+0000] {dagbag.py:588} INFO - Filling up the DagBag from /home/airflow/.local/lib/python3.12/site-packages/airflow/example_dags/example_xcom.py
[2026-06-18T22:44:29.629+0000] {processor.py:925} INFO - DAG(s) 'example_xcom' retrieved from /home/airflow/.local/lib/python3.12/site-packages/airflow/example_dags/example_xcom.py
[2026-06-18T22:44:29.652+0000] {logging_mixin.py:190} INFO - [2026-06-18T22:44:29.652+0000] {dag.py:3239} INFO - Sync 1 DAGs
[2026-06-18T22:44:29.682+0000] {logging_mixin.py:190} INFO - [2026-06-18T22:44:29.681+0000] {dag.py:4180} INFO - Setting next_dagrun for example_xcom to 2021-01-01 00:00:00+00:00, run_after=2021-01-01 00:00:00+00:00
[2026-06-18T22:44:29.702+0000] {processor.py:208} INFO - Processing /home/airflow/.local/lib/python3.12/site-packages/airflow/example_dags/example_xcom.py took 0.098 seconds
[2026-06-18T22:45:00.325+0000] {processor.py:186} INFO - Started process (PID=544) to work on /home/airflow/.local/lib/python3.12/site-packages/airflow/example_dags/example_xcom.py
[2026-06-18T22:45:00.326+0000] {processor.py:914} INFO - Processing file /home/airflow/.local/lib/python3.12/site-packages/airflow/example_dags/example_xcom.py for tasks to queue
[2026-06-18T22:45:00.328+0000] {logging_mixin.py:190} INFO - [2026-06-18T22:45:00.328+0000] {dagbag.py:588} INFO - Filling up the DagBag from /home/airflow/.local/lib/python3.12/site-packages/airflow/example_dags/example_xcom.py
[2026-06-18T22:45:00.335+0000] {processor.py:925} INFO - DAG(s) 'example_xcom' retrieved from /home/airflow/.local/lib/python3.12/site-packages/airflow/example_dags/example_xcom.py
[2026-06-18T22:45:00.350+0000] {logging_mixin.py:190} INFO - [2026-06-18T22:45:00.350+0000] {dag.py:3239} INFO - Sync 1 DAGs
[2026-06-18T22:45:00.366+0000] {logging_mixin.py:190} INFO - [2026-06-18T22:45:00.365+0000] {dag.py:4180} INFO - Setting next_dagrun for example_xcom to 2021-01-01 00:00:00+00:00, run_after=2021-01-01 00:00:00+00:00
[2026-06-18T22:45:00.382+0000] {processor.py:208} INFO - Processing /home/airflow/.local/lib/python3.12/site-packages/airflow/example_dags/example_xcom.py took 0.062 seconds
[2026-06-18T22:45:31.137+0000] {processor.py:186} INFO - Started process (PID=610) to work on /home/airflow/.local/lib/python3.12/site-packages/airflow/example_dags/example_xcom.py
[2026-06-18T22:45:31.139+0000] {processor.py:914} INFO - Processing file /home/airflow/.local/lib/python3.12/site-packages/airflow/example_dags/example_xcom.py for tasks to queue
[2026-06-18T22:45:31.141+0000] {logging_mixin.py:190} INFO - [2026-06-18T22:45:31.141+0000] {dagbag.py:588} INFO - Filling up the DagBag from /home/airflow/.local/lib/python3.12/site-packages/airflow/example_dags/example_xcom.py
[2026-06-18T22:45:31.150+0000] {processor.py:925} INFO - DAG(s) 'example_xcom' retrieved from /home/airflow/.local/lib/python3.12/site-packages/airflow/example_dags/example_xcom.py
[2026-06-18T22:45:31.174+0000] {logging_mixin.py:190} INFO - [2026-06-18T22:45:31.174+0000] {dag.py:3239} INFO - Sync 1 DAGs
[2026-06-18T22:45:31.205+0000] {logging_mixin.py:190} INFO - [2026-06-18T22:45:31.205+0000] {dag.py:4180} INFO - Setting next_dagrun for example_xcom to 2021-01-01 00:00:00+00:00, run_after=2021-01-01 00:00:00+00:00
[2026-06-18T22:45:31.236+0000] {processor.py:208} INFO - Processing /home/airflow/.local/lib/python3.12/site-packages/airflow/example_dags/example_xcom.py took 0.106 seconds
[2026-06-18T22:46:01.364+0000] {processor.py:186} INFO - Started process (PID=674) to work on /home/airflow/.local/lib/python3.12/site-packages/airflow/example_dags/example_xcom.py
[2026-06-18T22:46:01.365+0000] {processor.py:914} INFO - Processing file /home/airflow/.local/lib/python3.12/site-packages/airflow/example_dags/example_xcom.py for tasks to queue
[2026-06-18T22:46:01.368+0000] {logging_mixin.py:190} INFO - [2026-06-18T22:46:01.368+0000] {dagbag.py:588} INFO - Filling up the DagBag from /home/airflow/.local/lib/python3.12/site-packages/airflow/example_dags/example_xcom.py
[2026-06-18T22:46:01.378+0000] {processor.py:925} INFO - DAG(s) 'example_xcom' retrieved from /home/airflow/.local/lib/python3.12/site-packages/airflow/example_dags/example_xcom.py
[2026-06-18T22:46:01.402+0000] {logging_mixin.py:190} INFO - [2026-06-18T22:46:01.402+0000] {dag.py:3239} INFO - Sync 1 DAGs
[2026-06-18T22:46:01.426+0000] {logging_mixin.py:190} INFO - [2026-06-18T22:46:01.426+0000] {dag.py:4180} INFO - Setting next_dagrun for example_xcom to 2021-01-01 00:00:00+00:00, run_after=2021-01-01 00:00:00+00:00
[2026-06-18T22:46:01.446+0000] {processor.py:208} INFO - Processing /home/airflow/.local/lib/python3.12/site-packages/airflow/example_dags/example_xcom.py took 0.089 seconds
