[2026-06-18T22:41:25.166+0000] {processor.py:186} INFO - Started process (PID=87) to work on /home/airflow/.local/lib/python3.12/site-packages/airflow/example_dags/example_task_group.py
[2026-06-18T22:41:25.168+0000] {processor.py:914} INFO - Processing file /home/airflow/.local/lib/python3.12/site-packages/airflow/example_dags/example_task_group.py for tasks to queue
[2026-06-18T22:41:25.177+0000] {logging_mixin.py:190} INFO - [2026-06-18T22:41:25.175+0000] {dagbag.py:588} INFO - Filling up the DagBag from /home/airflow/.local/lib/python3.12/site-packages/airflow/example_dags/example_task_group.py
[2026-06-18T22:41:25.204+0000] {processor.py:925} INFO - DAG(s) 'example_task_group' retrieved from /home/airflow/.local/lib/python3.12/site-packages/airflow/example_dags/example_task_group.py
[2026-06-18T22:41:25.259+0000] {logging_mixin.py:190} INFO - [2026-06-18T22:41:25.259+0000] {dag.py:3239} INFO - Sync 1 DAGs
[2026-06-18T22:41:25.294+0000] {logging_mixin.py:190} INFO - [2026-06-18T22:41:25.294+0000] {dag.py:4180} INFO - Setting next_dagrun for example_task_group to None, run_after=None
[2026-06-18T22:41:25.331+0000] {processor.py:208} INFO - Processing /home/airflow/.local/lib/python3.12/site-packages/airflow/example_dags/example_task_group.py took 0.179 seconds
[2026-06-18T22:41:55.804+0000] {processor.py:186} INFO - Started process (PID=151) to work on /home/airflow/.local/lib/python3.12/site-packages/airflow/example_dags/example_task_group.py
[2026-06-18T22:41:55.806+0000] {processor.py:914} INFO - Processing file /home/airflow/.local/lib/python3.12/site-packages/airflow/example_dags/example_task_group.py for tasks to queue
[2026-06-18T22:41:55.808+0000] {logging_mixin.py:190} INFO - [2026-06-18T22:41:55.808+0000] {dagbag.py:588} INFO - Filling up the DagBag from /home/airflow/.local/lib/python3.12/site-packages/airflow/example_dags/example_task_group.py
[2026-06-18T22:41:55.815+0000] {processor.py:925} INFO - DAG(s) 'example_task_group' retrieved from /home/airflow/.local/lib/python3.12/site-packages/airflow/example_dags/example_task_group.py
[2026-06-18T22:41:55.834+0000] {logging_mixin.py:190} INFO - [2026-06-18T22:41:55.834+0000] {dag.py:3239} INFO - Sync 1 DAGs
[2026-06-18T22:41:55.848+0000] {logging_mixin.py:190} INFO - [2026-06-18T22:41:55.848+0000] {dag.py:4180} INFO - Setting next_dagrun for example_task_group to None, run_after=None
[2026-06-18T22:41:55.874+0000] {processor.py:208} INFO - Processing /home/airflow/.local/lib/python3.12/site-packages/airflow/example_dags/example_task_group.py took 0.075 seconds
[2026-06-18T22:42:26.117+0000] {processor.py:186} INFO - Started process (PID=215) to work on /home/airflow/.local/lib/python3.12/site-packages/airflow/example_dags/example_task_group.py
[2026-06-18T22:42:26.118+0000] {processor.py:914} INFO - Processing file /home/airflow/.local/lib/python3.12/site-packages/airflow/example_dags/example_task_group.py for tasks to queue
[2026-06-18T22:42:26.120+0000] {logging_mixin.py:190} INFO - [2026-06-18T22:42:26.120+0000] {dagbag.py:588} INFO - Filling up the DagBag from /home/airflow/.local/lib/python3.12/site-packages/airflow/example_dags/example_task_group.py
[2026-06-18T22:42:26.128+0000] {processor.py:925} INFO - DAG(s) 'example_task_group' retrieved from /home/airflow/.local/lib/python3.12/site-packages/airflow/example_dags/example_task_group.py
[2026-06-18T22:42:26.152+0000] {logging_mixin.py:190} INFO - [2026-06-18T22:42:26.151+0000] {dag.py:3239} INFO - Sync 1 DAGs
[2026-06-18T22:42:26.166+0000] {logging_mixin.py:190} INFO - [2026-06-18T22:42:26.166+0000] {dag.py:4180} INFO - Setting next_dagrun for example_task_group to None, run_after=None
[2026-06-18T22:42:26.210+0000] {processor.py:208} INFO - Processing /home/airflow/.local/lib/python3.12/site-packages/airflow/example_dags/example_task_group.py took 0.098 seconds
[2026-06-18T22:42:56.313+0000] {processor.py:186} INFO - Started process (PID=279) to work on /home/airflow/.local/lib/python3.12/site-packages/airflow/example_dags/example_task_group.py
[2026-06-18T22:42:56.314+0000] {processor.py:914} INFO - Processing file /home/airflow/.local/lib/python3.12/site-packages/airflow/example_dags/example_task_group.py for tasks to queue
[2026-06-18T22:42:56.317+0000] {logging_mixin.py:190} INFO - [2026-06-18T22:42:56.316+0000] {dagbag.py:588} INFO - Filling up the DagBag from /home/airflow/.local/lib/python3.12/site-packages/airflow/example_dags/example_task_group.py
[2026-06-18T22:42:56.324+0000] {processor.py:925} INFO - DAG(s) 'example_task_group' retrieved from /home/airflow/.local/lib/python3.12/site-packages/airflow/example_dags/example_task_group.py
[2026-06-18T22:42:56.342+0000] {logging_mixin.py:190} INFO - [2026-06-18T22:42:56.342+0000] {dag.py:3239} INFO - Sync 1 DAGs
[2026-06-18T22:42:56.354+0000] {logging_mixin.py:190} INFO - [2026-06-18T22:42:56.354+0000] {dag.py:4180} INFO - Setting next_dagrun for example_task_group to None, run_after=None
[2026-06-18T22:42:56.371+0000] {processor.py:208} INFO - Processing /home/airflow/.local/lib/python3.12/site-packages/airflow/example_dags/example_task_group.py took 0.063 seconds
[2026-06-18T22:43:27.498+0000] {processor.py:186} INFO - Started process (PID=343) to work on /home/airflow/.local/lib/python3.12/site-packages/airflow/example_dags/example_task_group.py
[2026-06-18T22:43:27.500+0000] {processor.py:914} INFO - Processing file /home/airflow/.local/lib/python3.12/site-packages/airflow/example_dags/example_task_group.py for tasks to queue
[2026-06-18T22:43:27.502+0000] {logging_mixin.py:190} INFO - [2026-06-18T22:43:27.502+0000] {dagbag.py:588} INFO - Filling up the DagBag from /home/airflow/.local/lib/python3.12/site-packages/airflow/example_dags/example_task_group.py
[2026-06-18T22:43:27.511+0000] {processor.py:925} INFO - DAG(s) 'example_task_group' retrieved from /home/airflow/.local/lib/python3.12/site-packages/airflow/example_dags/example_task_group.py
[2026-06-18T22:43:27.533+0000] {logging_mixin.py:190} INFO - [2026-06-18T22:43:27.533+0000] {dag.py:3239} INFO - Sync 1 DAGs
[2026-06-18T22:43:27.547+0000] {logging_mixin.py:190} INFO - [2026-06-18T22:43:27.547+0000] {dag.py:4180} INFO - Setting next_dagrun for example_task_group to None, run_after=None
[2026-06-18T22:43:27.568+0000] {processor.py:208} INFO - Processing /home/airflow/.local/lib/python3.12/site-packages/airflow/example_dags/example_task_group.py took 0.077 seconds
[2026-06-18T22:43:57.641+0000] {processor.py:186} INFO - Started process (PID=407) to work on /home/airflow/.local/lib/python3.12/site-packages/airflow/example_dags/example_task_group.py
[2026-06-18T22:43:57.642+0000] {processor.py:914} INFO - Processing file /home/airflow/.local/lib/python3.12/site-packages/airflow/example_dags/example_task_group.py for tasks to queue
[2026-06-18T22:43:57.645+0000] {logging_mixin.py:190} INFO - [2026-06-18T22:43:57.645+0000] {dagbag.py:588} INFO - Filling up the DagBag from /home/airflow/.local/lib/python3.12/site-packages/airflow/example_dags/example_task_group.py
[2026-06-18T22:43:57.654+0000] {processor.py:925} INFO - DAG(s) 'example_task_group' retrieved from /home/airflow/.local/lib/python3.12/site-packages/airflow/example_dags/example_task_group.py
[2026-06-18T22:43:57.673+0000] {logging_mixin.py:190} INFO - [2026-06-18T22:43:57.673+0000] {dag.py:3239} INFO - Sync 1 DAGs
[2026-06-18T22:43:57.684+0000] {logging_mixin.py:190} INFO - [2026-06-18T22:43:57.684+0000] {dag.py:4180} INFO - Setting next_dagrun for example_task_group to None, run_after=None
[2026-06-18T22:43:57.705+0000] {processor.py:208} INFO - Processing /home/airflow/.local/lib/python3.12/site-packages/airflow/example_dags/example_task_group.py took 0.069 seconds
[2026-06-18T22:44:28.116+0000] {processor.py:186} INFO - Started process (PID=471) to work on /home/airflow/.local/lib/python3.12/site-packages/airflow/example_dags/example_task_group.py
[2026-06-18T22:44:28.117+0000] {processor.py:914} INFO - Processing file /home/airflow/.local/lib/python3.12/site-packages/airflow/example_dags/example_task_group.py for tasks to queue
[2026-06-18T22:44:28.120+0000] {logging_mixin.py:190} INFO - [2026-06-18T22:44:28.120+0000] {dagbag.py:588} INFO - Filling up the DagBag from /home/airflow/.local/lib/python3.12/site-packages/airflow/example_dags/example_task_group.py
[2026-06-18T22:44:28.128+0000] {processor.py:925} INFO - DAG(s) 'example_task_group' retrieved from /home/airflow/.local/lib/python3.12/site-packages/airflow/example_dags/example_task_group.py
[2026-06-18T22:44:28.149+0000] {logging_mixin.py:190} INFO - [2026-06-18T22:44:28.148+0000] {dag.py:3239} INFO - Sync 1 DAGs
[2026-06-18T22:44:28.161+0000] {logging_mixin.py:190} INFO - [2026-06-18T22:44:28.161+0000] {dag.py:4180} INFO - Setting next_dagrun for example_task_group to None, run_after=None
[2026-06-18T22:44:28.181+0000] {processor.py:208} INFO - Processing /home/airflow/.local/lib/python3.12/site-packages/airflow/example_dags/example_task_group.py took 0.070 seconds
[2026-06-18T22:44:58.744+0000] {processor.py:186} INFO - Started process (PID=535) to work on /home/airflow/.local/lib/python3.12/site-packages/airflow/example_dags/example_task_group.py
[2026-06-18T22:44:58.745+0000] {processor.py:914} INFO - Processing file /home/airflow/.local/lib/python3.12/site-packages/airflow/example_dags/example_task_group.py for tasks to queue
[2026-06-18T22:44:58.748+0000] {logging_mixin.py:190} INFO - [2026-06-18T22:44:58.748+0000] {dagbag.py:588} INFO - Filling up the DagBag from /home/airflow/.local/lib/python3.12/site-packages/airflow/example_dags/example_task_group.py
[2026-06-18T22:44:58.757+0000] {processor.py:925} INFO - DAG(s) 'example_task_group' retrieved from /home/airflow/.local/lib/python3.12/site-packages/airflow/example_dags/example_task_group.py
[2026-06-18T22:44:58.791+0000] {logging_mixin.py:190} INFO - [2026-06-18T22:44:58.791+0000] {dag.py:3239} INFO - Sync 1 DAGs
[2026-06-18T22:44:58.815+0000] {logging_mixin.py:190} INFO - [2026-06-18T22:44:58.815+0000] {dag.py:4180} INFO - Setting next_dagrun for example_task_group to None, run_after=None
[2026-06-18T22:44:58.842+0000] {processor.py:208} INFO - Processing /home/airflow/.local/lib/python3.12/site-packages/airflow/example_dags/example_task_group.py took 0.106 seconds
[2026-06-18T22:45:29.460+0000] {processor.py:186} INFO - Started process (PID=600) to work on /home/airflow/.local/lib/python3.12/site-packages/airflow/example_dags/example_task_group.py
[2026-06-18T22:45:29.461+0000] {processor.py:914} INFO - Processing file /home/airflow/.local/lib/python3.12/site-packages/airflow/example_dags/example_task_group.py for tasks to queue
[2026-06-18T22:45:29.463+0000] {logging_mixin.py:190} INFO - [2026-06-18T22:45:29.463+0000] {dagbag.py:588} INFO - Filling up the DagBag from /home/airflow/.local/lib/python3.12/site-packages/airflow/example_dags/example_task_group.py
[2026-06-18T22:45:29.470+0000] {processor.py:925} INFO - DAG(s) 'example_task_group' retrieved from /home/airflow/.local/lib/python3.12/site-packages/airflow/example_dags/example_task_group.py
[2026-06-18T22:45:29.489+0000] {logging_mixin.py:190} INFO - [2026-06-18T22:45:29.489+0000] {dag.py:3239} INFO - Sync 1 DAGs
[2026-06-18T22:45:29.500+0000] {logging_mixin.py:190} INFO - [2026-06-18T22:45:29.500+0000] {dag.py:4180} INFO - Setting next_dagrun for example_task_group to None, run_after=None
[2026-06-18T22:45:29.519+0000] {processor.py:208} INFO - Processing /home/airflow/.local/lib/python3.12/site-packages/airflow/example_dags/example_task_group.py took 0.064 seconds
[2026-06-18T22:45:59.679+0000] {processor.py:186} INFO - Started process (PID=664) to work on /home/airflow/.local/lib/python3.12/site-packages/airflow/example_dags/example_task_group.py
[2026-06-18T22:45:59.680+0000] {processor.py:914} INFO - Processing file /home/airflow/.local/lib/python3.12/site-packages/airflow/example_dags/example_task_group.py for tasks to queue
[2026-06-18T22:45:59.682+0000] {logging_mixin.py:190} INFO - [2026-06-18T22:45:59.682+0000] {dagbag.py:588} INFO - Filling up the DagBag from /home/airflow/.local/lib/python3.12/site-packages/airflow/example_dags/example_task_group.py
[2026-06-18T22:45:59.690+0000] {processor.py:925} INFO - DAG(s) 'example_task_group' retrieved from /home/airflow/.local/lib/python3.12/site-packages/airflow/example_dags/example_task_group.py
[2026-06-18T22:45:59.710+0000] {logging_mixin.py:190} INFO - [2026-06-18T22:45:59.710+0000] {dag.py:3239} INFO - Sync 1 DAGs
[2026-06-18T22:45:59.722+0000] {logging_mixin.py:190} INFO - [2026-06-18T22:45:59.722+0000] {dag.py:4180} INFO - Setting next_dagrun for example_task_group to None, run_after=None
[2026-06-18T22:45:59.739+0000] {processor.py:208} INFO - Processing /home/airflow/.local/lib/python3.12/site-packages/airflow/example_dags/example_task_group.py took 0.065 seconds
