[2026-06-18T22:41:22.357+0000] {processor.py:186} INFO - Started process (PID=75) to work on /home/airflow/.local/lib/python3.12/site-packages/airflow/example_dags/example_complex.py
[2026-06-18T22:41:22.361+0000] {processor.py:914} INFO - Processing file /home/airflow/.local/lib/python3.12/site-packages/airflow/example_dags/example_complex.py for tasks to queue
[2026-06-18T22:41:22.368+0000] {logging_mixin.py:190} INFO - [2026-06-18T22:41:22.367+0000] {dagbag.py:588} INFO - Filling up the DagBag from /home/airflow/.local/lib/python3.12/site-packages/airflow/example_dags/example_complex.py
[2026-06-18T22:41:22.421+0000] {processor.py:925} INFO - DAG(s) 'example_complex' retrieved from /home/airflow/.local/lib/python3.12/site-packages/airflow/example_dags/example_complex.py
[2026-06-18T22:41:22.542+0000] {logging_mixin.py:190} INFO - [2026-06-18T22:41:22.541+0000] {dag.py:3239} INFO - Sync 1 DAGs
[2026-06-18T22:41:22.601+0000] {logging_mixin.py:190} INFO - [2026-06-18T22:41:22.600+0000] {dag.py:4180} INFO - Setting next_dagrun for example_complex to None, run_after=None
[2026-06-18T22:41:22.660+0000] {processor.py:208} INFO - Processing /home/airflow/.local/lib/python3.12/site-packages/airflow/example_dags/example_complex.py took 0.325 seconds
[2026-06-18T22:41:52.992+0000] {processor.py:186} INFO - Started process (PID=139) to work on /home/airflow/.local/lib/python3.12/site-packages/airflow/example_dags/example_complex.py
[2026-06-18T22:41:53.031+0000] {processor.py:914} INFO - Processing file /home/airflow/.local/lib/python3.12/site-packages/airflow/example_dags/example_complex.py for tasks to queue
[2026-06-18T22:41:53.039+0000] {logging_mixin.py:190} INFO - [2026-06-18T22:41:53.038+0000] {dagbag.py:588} INFO - Filling up the DagBag from /home/airflow/.local/lib/python3.12/site-packages/airflow/example_dags/example_complex.py
[2026-06-18T22:41:53.057+0000] {processor.py:925} INFO - DAG(s) 'example_complex' retrieved from /home/airflow/.local/lib/python3.12/site-packages/airflow/example_dags/example_complex.py
[2026-06-18T22:41:53.083+0000] {logging_mixin.py:190} INFO - [2026-06-18T22:41:53.083+0000] {dag.py:3239} INFO - Sync 1 DAGs
[2026-06-18T22:41:53.098+0000] {logging_mixin.py:190} INFO - [2026-06-18T22:41:53.097+0000] {dag.py:4180} INFO - Setting next_dagrun for example_complex to None, run_after=None
[2026-06-18T22:41:53.123+0000] {processor.py:208} INFO - Processing /home/airflow/.local/lib/python3.12/site-packages/airflow/example_dags/example_complex.py took 0.136 seconds
[2026-06-18T22:42:23.328+0000] {processor.py:186} INFO - Started process (PID=203) to work on /home/airflow/.local/lib/python3.12/site-packages/airflow/example_dags/example_complex.py
[2026-06-18T22:42:23.329+0000] {processor.py:914} INFO - Processing file /home/airflow/.local/lib/python3.12/site-packages/airflow/example_dags/example_complex.py for tasks to queue
[2026-06-18T22:42:23.332+0000] {logging_mixin.py:190} INFO - [2026-06-18T22:42:23.332+0000] {dagbag.py:588} INFO - Filling up the DagBag from /home/airflow/.local/lib/python3.12/site-packages/airflow/example_dags/example_complex.py
[2026-06-18T22:42:23.344+0000] {processor.py:925} INFO - DAG(s) 'example_complex' retrieved from /home/airflow/.local/lib/python3.12/site-packages/airflow/example_dags/example_complex.py
[2026-06-18T22:42:23.374+0000] {logging_mixin.py:190} INFO - [2026-06-18T22:42:23.374+0000] {dag.py:3239} INFO - Sync 1 DAGs
[2026-06-18T22:42:23.390+0000] {logging_mixin.py:190} INFO - [2026-06-18T22:42:23.390+0000] {dag.py:4180} INFO - Setting next_dagrun for example_complex to None, run_after=None
[2026-06-18T22:42:23.416+0000] {processor.py:208} INFO - Processing /home/airflow/.local/lib/python3.12/site-packages/airflow/example_dags/example_complex.py took 0.094 seconds
[2026-06-18T22:42:53.528+0000] {processor.py:186} INFO - Started process (PID=267) to work on /home/airflow/.local/lib/python3.12/site-packages/airflow/example_dags/example_complex.py
[2026-06-18T22:42:53.529+0000] {processor.py:914} INFO - Processing file /home/airflow/.local/lib/python3.12/site-packages/airflow/example_dags/example_complex.py for tasks to queue
[2026-06-18T22:42:53.532+0000] {logging_mixin.py:190} INFO - [2026-06-18T22:42:53.532+0000] {dagbag.py:588} INFO - Filling up the DagBag from /home/airflow/.local/lib/python3.12/site-packages/airflow/example_dags/example_complex.py
[2026-06-18T22:42:53.546+0000] {processor.py:925} INFO - DAG(s) 'example_complex' retrieved from /home/airflow/.local/lib/python3.12/site-packages/airflow/example_dags/example_complex.py
[2026-06-18T22:42:53.577+0000] {logging_mixin.py:190} INFO - [2026-06-18T22:42:53.576+0000] {dag.py:3239} INFO - Sync 1 DAGs
[2026-06-18T22:42:53.598+0000] {logging_mixin.py:190} INFO - [2026-06-18T22:42:53.597+0000] {dag.py:4180} INFO - Setting next_dagrun for example_complex to None, run_after=None
[2026-06-18T22:42:53.620+0000] {processor.py:208} INFO - Processing /home/airflow/.local/lib/python3.12/site-packages/airflow/example_dags/example_complex.py took 0.099 seconds
[2026-06-18T22:43:23.671+0000] {processor.py:186} INFO - Started process (PID=331) to work on /home/airflow/.local/lib/python3.12/site-packages/airflow/example_dags/example_complex.py
[2026-06-18T22:43:23.672+0000] {processor.py:914} INFO - Processing file /home/airflow/.local/lib/python3.12/site-packages/airflow/example_dags/example_complex.py for tasks to queue
[2026-06-18T22:43:23.674+0000] {logging_mixin.py:190} INFO - [2026-06-18T22:43:23.674+0000] {dagbag.py:588} INFO - Filling up the DagBag from /home/airflow/.local/lib/python3.12/site-packages/airflow/example_dags/example_complex.py
[2026-06-18T22:43:23.683+0000] {processor.py:925} INFO - DAG(s) 'example_complex' retrieved from /home/airflow/.local/lib/python3.12/site-packages/airflow/example_dags/example_complex.py
[2026-06-18T22:43:23.705+0000] {logging_mixin.py:190} INFO - [2026-06-18T22:43:23.705+0000] {dag.py:3239} INFO - Sync 1 DAGs
[2026-06-18T22:43:23.716+0000] {logging_mixin.py:190} INFO - [2026-06-18T22:43:23.716+0000] {dag.py:4180} INFO - Setting next_dagrun for example_complex to None, run_after=None
[2026-06-18T22:43:23.732+0000] {processor.py:208} INFO - Processing /home/airflow/.local/lib/python3.12/site-packages/airflow/example_dags/example_complex.py took 0.065 seconds
[2026-06-18T22:43:53.944+0000] {processor.py:186} INFO - Started process (PID=395) to work on /home/airflow/.local/lib/python3.12/site-packages/airflow/example_dags/example_complex.py
[2026-06-18T22:43:53.945+0000] {processor.py:914} INFO - Processing file /home/airflow/.local/lib/python3.12/site-packages/airflow/example_dags/example_complex.py for tasks to queue
[2026-06-18T22:43:53.948+0000] {logging_mixin.py:190} INFO - [2026-06-18T22:43:53.947+0000] {dagbag.py:588} INFO - Filling up the DagBag from /home/airflow/.local/lib/python3.12/site-packages/airflow/example_dags/example_complex.py
[2026-06-18T22:43:53.957+0000] {processor.py:925} INFO - DAG(s) 'example_complex' retrieved from /home/airflow/.local/lib/python3.12/site-packages/airflow/example_dags/example_complex.py
[2026-06-18T22:43:53.980+0000] {logging_mixin.py:190} INFO - [2026-06-18T22:43:53.979+0000] {dag.py:3239} INFO - Sync 1 DAGs
[2026-06-18T22:43:53.990+0000] {logging_mixin.py:190} INFO - [2026-06-18T22:43:53.990+0000] {dag.py:4180} INFO - Setting next_dagrun for example_complex to None, run_after=None
[2026-06-18T22:43:54.012+0000] {processor.py:208} INFO - Processing /home/airflow/.local/lib/python3.12/site-packages/airflow/example_dags/example_complex.py took 0.074 seconds
[2026-06-18T22:44:24.523+0000] {processor.py:186} INFO - Started process (PID=459) to work on /home/airflow/.local/lib/python3.12/site-packages/airflow/example_dags/example_complex.py
[2026-06-18T22:44:24.524+0000] {processor.py:914} INFO - Processing file /home/airflow/.local/lib/python3.12/site-packages/airflow/example_dags/example_complex.py for tasks to queue
[2026-06-18T22:44:24.527+0000] {logging_mixin.py:190} INFO - [2026-06-18T22:44:24.526+0000] {dagbag.py:588} INFO - Filling up the DagBag from /home/airflow/.local/lib/python3.12/site-packages/airflow/example_dags/example_complex.py
[2026-06-18T22:44:24.537+0000] {processor.py:925} INFO - DAG(s) 'example_complex' retrieved from /home/airflow/.local/lib/python3.12/site-packages/airflow/example_dags/example_complex.py
[2026-06-18T22:44:24.563+0000] {logging_mixin.py:190} INFO - [2026-06-18T22:44:24.563+0000] {dag.py:3239} INFO - Sync 1 DAGs
[2026-06-18T22:44:24.574+0000] {logging_mixin.py:190} INFO - [2026-06-18T22:44:24.574+0000] {dag.py:4180} INFO - Setting next_dagrun for example_complex to None, run_after=None
[2026-06-18T22:44:24.593+0000] {processor.py:208} INFO - Processing /home/airflow/.local/lib/python3.12/site-packages/airflow/example_dags/example_complex.py took 0.075 seconds
[2026-06-18T22:44:55.020+0000] {processor.py:186} INFO - Started process (PID=523) to work on /home/airflow/.local/lib/python3.12/site-packages/airflow/example_dags/example_complex.py
[2026-06-18T22:44:55.021+0000] {processor.py:914} INFO - Processing file /home/airflow/.local/lib/python3.12/site-packages/airflow/example_dags/example_complex.py for tasks to queue
[2026-06-18T22:44:55.024+0000] {logging_mixin.py:190} INFO - [2026-06-18T22:44:55.024+0000] {dagbag.py:588} INFO - Filling up the DagBag from /home/airflow/.local/lib/python3.12/site-packages/airflow/example_dags/example_complex.py
[2026-06-18T22:44:55.035+0000] {processor.py:925} INFO - DAG(s) 'example_complex' retrieved from /home/airflow/.local/lib/python3.12/site-packages/airflow/example_dags/example_complex.py
[2026-06-18T22:44:55.058+0000] {logging_mixin.py:190} INFO - [2026-06-18T22:44:55.058+0000] {dag.py:3239} INFO - Sync 1 DAGs
[2026-06-18T22:44:55.071+0000] {logging_mixin.py:190} INFO - [2026-06-18T22:44:55.070+0000] {dag.py:4180} INFO - Setting next_dagrun for example_complex to None, run_after=None
[2026-06-18T22:44:55.087+0000] {processor.py:208} INFO - Processing /home/airflow/.local/lib/python3.12/site-packages/airflow/example_dags/example_complex.py took 0.072 seconds
[2026-06-18T22:45:25.455+0000] {processor.py:186} INFO - Started process (PID=588) to work on /home/airflow/.local/lib/python3.12/site-packages/airflow/example_dags/example_complex.py
[2026-06-18T22:45:25.456+0000] {processor.py:914} INFO - Processing file /home/airflow/.local/lib/python3.12/site-packages/airflow/example_dags/example_complex.py for tasks to queue
[2026-06-18T22:45:25.459+0000] {logging_mixin.py:190} INFO - [2026-06-18T22:45:25.459+0000] {dagbag.py:588} INFO - Filling up the DagBag from /home/airflow/.local/lib/python3.12/site-packages/airflow/example_dags/example_complex.py
[2026-06-18T22:45:25.468+0000] {processor.py:925} INFO - DAG(s) 'example_complex' retrieved from /home/airflow/.local/lib/python3.12/site-packages/airflow/example_dags/example_complex.py
[2026-06-18T22:45:25.490+0000] {logging_mixin.py:190} INFO - [2026-06-18T22:45:25.490+0000] {dag.py:3239} INFO - Sync 1 DAGs
[2026-06-18T22:45:25.502+0000] {logging_mixin.py:190} INFO - [2026-06-18T22:45:25.502+0000] {dag.py:4180} INFO - Setting next_dagrun for example_complex to None, run_after=None
[2026-06-18T22:45:25.519+0000] {processor.py:208} INFO - Processing /home/airflow/.local/lib/python3.12/site-packages/airflow/example_dags/example_complex.py took 0.069 seconds
[2026-06-18T22:45:55.699+0000] {processor.py:186} INFO - Started process (PID=652) to work on /home/airflow/.local/lib/python3.12/site-packages/airflow/example_dags/example_complex.py
[2026-06-18T22:45:55.700+0000] {processor.py:914} INFO - Processing file /home/airflow/.local/lib/python3.12/site-packages/airflow/example_dags/example_complex.py for tasks to queue
[2026-06-18T22:45:55.703+0000] {logging_mixin.py:190} INFO - [2026-06-18T22:45:55.702+0000] {dagbag.py:588} INFO - Filling up the DagBag from /home/airflow/.local/lib/python3.12/site-packages/airflow/example_dags/example_complex.py
[2026-06-18T22:45:55.712+0000] {processor.py:925} INFO - DAG(s) 'example_complex' retrieved from /home/airflow/.local/lib/python3.12/site-packages/airflow/example_dags/example_complex.py
[2026-06-18T22:45:55.738+0000] {logging_mixin.py:190} INFO - [2026-06-18T22:45:55.738+0000] {dag.py:3239} INFO - Sync 1 DAGs
[2026-06-18T22:45:55.751+0000] {logging_mixin.py:190} INFO - [2026-06-18T22:45:55.751+0000] {dag.py:4180} INFO - Setting next_dagrun for example_complex to None, run_after=None
[2026-06-18T22:45:55.768+0000] {processor.py:208} INFO - Processing /home/airflow/.local/lib/python3.12/site-packages/airflow/example_dags/example_complex.py took 0.075 seconds
