[2026-06-18T22:41:23.593+0000] {processor.py:186} INFO - Started process (PID=80) to work on /home/airflow/.local/lib/python3.12/site-packages/airflow/example_dags/example_latest_only.py
[2026-06-18T22:41:23.595+0000] {processor.py:914} INFO - Processing file /home/airflow/.local/lib/python3.12/site-packages/airflow/example_dags/example_latest_only.py for tasks to queue
[2026-06-18T22:41:23.603+0000] {logging_mixin.py:190} INFO - [2026-06-18T22:41:23.602+0000] {dagbag.py:588} INFO - Filling up the DagBag from /home/airflow/.local/lib/python3.12/site-packages/airflow/example_dags/example_latest_only.py
[2026-06-18T22:41:23.628+0000] {processor.py:925} INFO - DAG(s) 'latest_only' retrieved from /home/airflow/.local/lib/python3.12/site-packages/airflow/example_dags/example_latest_only.py
[2026-06-18T22:41:23.707+0000] {logging_mixin.py:190} INFO - [2026-06-18T22:41:23.706+0000] {dag.py:3239} INFO - Sync 1 DAGs
[2026-06-18T22:41:23.797+0000] {logging_mixin.py:190} INFO - [2026-06-18T22:41:23.797+0000] {dag.py:4180} INFO - Setting next_dagrun for latest_only to 2026-06-18 16:00:00+00:00, run_after=2026-06-18 20:00:00+00:00
[2026-06-18T22:41:23.851+0000] {processor.py:208} INFO - Processing /home/airflow/.local/lib/python3.12/site-packages/airflow/example_dags/example_latest_only.py took 0.275 seconds
[2026-06-18T22:41:54.313+0000] {processor.py:186} INFO - Started process (PID=144) to work on /home/airflow/.local/lib/python3.12/site-packages/airflow/example_dags/example_latest_only.py
[2026-06-18T22:41:54.316+0000] {processor.py:914} INFO - Processing file /home/airflow/.local/lib/python3.12/site-packages/airflow/example_dags/example_latest_only.py for tasks to queue
[2026-06-18T22:41:54.320+0000] {logging_mixin.py:190} INFO - [2026-06-18T22:41:54.319+0000] {dagbag.py:588} INFO - Filling up the DagBag from /home/airflow/.local/lib/python3.12/site-packages/airflow/example_dags/example_latest_only.py
[2026-06-18T22:41:54.331+0000] {processor.py:925} INFO - DAG(s) 'latest_only' retrieved from /home/airflow/.local/lib/python3.12/site-packages/airflow/example_dags/example_latest_only.py
[2026-06-18T22:41:54.354+0000] {logging_mixin.py:190} INFO - [2026-06-18T22:41:54.354+0000] {dag.py:3239} INFO - Sync 1 DAGs
[2026-06-18T22:41:54.383+0000] {logging_mixin.py:190} INFO - [2026-06-18T22:41:54.382+0000] {dag.py:4180} INFO - Setting next_dagrun for latest_only to 2026-06-18 16:00:00+00:00, run_after=2026-06-18 20:00:00+00:00
[2026-06-18T22:41:54.419+0000] {processor.py:208} INFO - Processing /home/airflow/.local/lib/python3.12/site-packages/airflow/example_dags/example_latest_only.py took 0.114 seconds
[2026-06-18T22:42:24.602+0000] {processor.py:186} INFO - Started process (PID=208) to work on /home/airflow/.local/lib/python3.12/site-packages/airflow/example_dags/example_latest_only.py
[2026-06-18T22:42:24.604+0000] {processor.py:914} INFO - Processing file /home/airflow/.local/lib/python3.12/site-packages/airflow/example_dags/example_latest_only.py for tasks to queue
[2026-06-18T22:42:24.607+0000] {logging_mixin.py:190} INFO - [2026-06-18T22:42:24.606+0000] {dagbag.py:588} INFO - Filling up the DagBag from /home/airflow/.local/lib/python3.12/site-packages/airflow/example_dags/example_latest_only.py
[2026-06-18T22:42:24.615+0000] {processor.py:925} INFO - DAG(s) 'latest_only' retrieved from /home/airflow/.local/lib/python3.12/site-packages/airflow/example_dags/example_latest_only.py
[2026-06-18T22:42:24.639+0000] {logging_mixin.py:190} INFO - [2026-06-18T22:42:24.639+0000] {dag.py:3239} INFO - Sync 1 DAGs
[2026-06-18T22:42:24.663+0000] {logging_mixin.py:190} INFO - [2026-06-18T22:42:24.662+0000] {dag.py:4180} INFO - Setting next_dagrun for latest_only to 2026-06-18 16:00:00+00:00, run_after=2026-06-18 20:00:00+00:00
[2026-06-18T22:42:24.701+0000] {processor.py:208} INFO - Processing /home/airflow/.local/lib/python3.12/site-packages/airflow/example_dags/example_latest_only.py took 0.104 seconds
[2026-06-18T22:42:54.791+0000] {processor.py:186} INFO - Started process (PID=272) to work on /home/airflow/.local/lib/python3.12/site-packages/airflow/example_dags/example_latest_only.py
[2026-06-18T22:42:54.793+0000] {processor.py:914} INFO - Processing file /home/airflow/.local/lib/python3.12/site-packages/airflow/example_dags/example_latest_only.py for tasks to queue
[2026-06-18T22:42:54.795+0000] {logging_mixin.py:190} INFO - [2026-06-18T22:42:54.795+0000] {dagbag.py:588} INFO - Filling up the DagBag from /home/airflow/.local/lib/python3.12/site-packages/airflow/example_dags/example_latest_only.py
[2026-06-18T22:42:54.803+0000] {processor.py:925} INFO - DAG(s) 'latest_only' retrieved from /home/airflow/.local/lib/python3.12/site-packages/airflow/example_dags/example_latest_only.py
[2026-06-18T22:42:54.825+0000] {logging_mixin.py:190} INFO - [2026-06-18T22:42:54.824+0000] {dag.py:3239} INFO - Sync 1 DAGs
[2026-06-18T22:42:54.847+0000] {logging_mixin.py:190} INFO - [2026-06-18T22:42:54.846+0000] {dag.py:4180} INFO - Setting next_dagrun for latest_only to 2026-06-18 16:00:00+00:00, run_after=2026-06-18 20:00:00+00:00
[2026-06-18T22:42:54.867+0000] {processor.py:208} INFO - Processing /home/airflow/.local/lib/python3.12/site-packages/airflow/example_dags/example_latest_only.py took 0.082 seconds
[2026-06-18T22:43:25.004+0000] {processor.py:186} INFO - Started process (PID=336) to work on /home/airflow/.local/lib/python3.12/site-packages/airflow/example_dags/example_latest_only.py
[2026-06-18T22:43:25.005+0000] {processor.py:914} INFO - Processing file /home/airflow/.local/lib/python3.12/site-packages/airflow/example_dags/example_latest_only.py for tasks to queue
[2026-06-18T22:43:25.007+0000] {logging_mixin.py:190} INFO - [2026-06-18T22:43:25.007+0000] {dagbag.py:588} INFO - Filling up the DagBag from /home/airflow/.local/lib/python3.12/site-packages/airflow/example_dags/example_latest_only.py
[2026-06-18T22:43:25.014+0000] {processor.py:925} INFO - DAG(s) 'latest_only' retrieved from /home/airflow/.local/lib/python3.12/site-packages/airflow/example_dags/example_latest_only.py
[2026-06-18T22:43:25.030+0000] {logging_mixin.py:190} INFO - [2026-06-18T22:43:25.029+0000] {dag.py:3239} INFO - Sync 1 DAGs
[2026-06-18T22:43:25.047+0000] {logging_mixin.py:190} INFO - [2026-06-18T22:43:25.047+0000] {dag.py:4180} INFO - Setting next_dagrun for latest_only to 2026-06-18 16:00:00+00:00, run_after=2026-06-18 20:00:00+00:00
[2026-06-18T22:43:25.062+0000] {processor.py:208} INFO - Processing /home/airflow/.local/lib/python3.12/site-packages/airflow/example_dags/example_latest_only.py took 0.063 seconds
[2026-06-18T22:43:55.178+0000] {processor.py:186} INFO - Started process (PID=400) to work on /home/airflow/.local/lib/python3.12/site-packages/airflow/example_dags/example_latest_only.py
[2026-06-18T22:43:55.179+0000] {processor.py:914} INFO - Processing file /home/airflow/.local/lib/python3.12/site-packages/airflow/example_dags/example_latest_only.py for tasks to queue
[2026-06-18T22:43:55.181+0000] {logging_mixin.py:190} INFO - [2026-06-18T22:43:55.181+0000] {dagbag.py:588} INFO - Filling up the DagBag from /home/airflow/.local/lib/python3.12/site-packages/airflow/example_dags/example_latest_only.py
[2026-06-18T22:43:55.188+0000] {processor.py:925} INFO - DAG(s) 'latest_only' retrieved from /home/airflow/.local/lib/python3.12/site-packages/airflow/example_dags/example_latest_only.py
[2026-06-18T22:43:55.206+0000] {logging_mixin.py:190} INFO - [2026-06-18T22:43:55.206+0000] {dag.py:3239} INFO - Sync 1 DAGs
[2026-06-18T22:43:55.226+0000] {logging_mixin.py:190} INFO - [2026-06-18T22:43:55.226+0000] {dag.py:4180} INFO - Setting next_dagrun for latest_only to 2026-06-18 16:00:00+00:00, run_after=2026-06-18 20:00:00+00:00
[2026-06-18T22:43:55.240+0000] {processor.py:208} INFO - Processing /home/airflow/.local/lib/python3.12/site-packages/airflow/example_dags/example_latest_only.py took 0.068 seconds
[2026-06-18T22:44:25.759+0000] {processor.py:186} INFO - Started process (PID=464) to work on /home/airflow/.local/lib/python3.12/site-packages/airflow/example_dags/example_latest_only.py
[2026-06-18T22:44:25.760+0000] {processor.py:914} INFO - Processing file /home/airflow/.local/lib/python3.12/site-packages/airflow/example_dags/example_latest_only.py for tasks to queue
[2026-06-18T22:44:25.763+0000] {logging_mixin.py:190} INFO - [2026-06-18T22:44:25.762+0000] {dagbag.py:588} INFO - Filling up the DagBag from /home/airflow/.local/lib/python3.12/site-packages/airflow/example_dags/example_latest_only.py
[2026-06-18T22:44:25.769+0000] {processor.py:925} INFO - DAG(s) 'latest_only' retrieved from /home/airflow/.local/lib/python3.12/site-packages/airflow/example_dags/example_latest_only.py
[2026-06-18T22:44:25.785+0000] {logging_mixin.py:190} INFO - [2026-06-18T22:44:25.785+0000] {dag.py:3239} INFO - Sync 1 DAGs
[2026-06-18T22:44:25.804+0000] {logging_mixin.py:190} INFO - [2026-06-18T22:44:25.804+0000] {dag.py:4180} INFO - Setting next_dagrun for latest_only to 2026-06-18 16:00:00+00:00, run_after=2026-06-18 20:00:00+00:00
[2026-06-18T22:44:25.823+0000] {processor.py:208} INFO - Processing /home/airflow/.local/lib/python3.12/site-packages/airflow/example_dags/example_latest_only.py took 0.070 seconds
[2026-06-18T22:44:56.252+0000] {processor.py:186} INFO - Started process (PID=528) to work on /home/airflow/.local/lib/python3.12/site-packages/airflow/example_dags/example_latest_only.py
[2026-06-18T22:44:56.254+0000] {processor.py:914} INFO - Processing file /home/airflow/.local/lib/python3.12/site-packages/airflow/example_dags/example_latest_only.py for tasks to queue
[2026-06-18T22:44:56.256+0000] {logging_mixin.py:190} INFO - [2026-06-18T22:44:56.256+0000] {dagbag.py:588} INFO - Filling up the DagBag from /home/airflow/.local/lib/python3.12/site-packages/airflow/example_dags/example_latest_only.py
[2026-06-18T22:44:56.262+0000] {processor.py:925} INFO - DAG(s) 'latest_only' retrieved from /home/airflow/.local/lib/python3.12/site-packages/airflow/example_dags/example_latest_only.py
[2026-06-18T22:44:56.280+0000] {logging_mixin.py:190} INFO - [2026-06-18T22:44:56.280+0000] {dag.py:3239} INFO - Sync 1 DAGs
[2026-06-18T22:44:56.297+0000] {logging_mixin.py:190} INFO - [2026-06-18T22:44:56.297+0000] {dag.py:4180} INFO - Setting next_dagrun for latest_only to 2026-06-18 16:00:00+00:00, run_after=2026-06-18 20:00:00+00:00
[2026-06-18T22:44:56.312+0000] {processor.py:208} INFO - Processing /home/airflow/.local/lib/python3.12/site-packages/airflow/example_dags/example_latest_only.py took 0.064 seconds
[2026-06-18T22:45:26.789+0000] {processor.py:186} INFO - Started process (PID=593) to work on /home/airflow/.local/lib/python3.12/site-packages/airflow/example_dags/example_latest_only.py
[2026-06-18T22:45:26.791+0000] {processor.py:914} INFO - Processing file /home/airflow/.local/lib/python3.12/site-packages/airflow/example_dags/example_latest_only.py for tasks to queue
[2026-06-18T22:45:26.794+0000] {logging_mixin.py:190} INFO - [2026-06-18T22:45:26.794+0000] {dagbag.py:588} INFO - Filling up the DagBag from /home/airflow/.local/lib/python3.12/site-packages/airflow/example_dags/example_latest_only.py
[2026-06-18T22:45:26.803+0000] {processor.py:925} INFO - DAG(s) 'latest_only' retrieved from /home/airflow/.local/lib/python3.12/site-packages/airflow/example_dags/example_latest_only.py
[2026-06-18T22:45:26.825+0000] {logging_mixin.py:190} INFO - [2026-06-18T22:45:26.825+0000] {dag.py:3239} INFO - Sync 1 DAGs
[2026-06-18T22:45:26.851+0000] {logging_mixin.py:190} INFO - [2026-06-18T22:45:26.851+0000] {dag.py:4180} INFO - Setting next_dagrun for latest_only to 2026-06-18 16:00:00+00:00, run_after=2026-06-18 20:00:00+00:00
[2026-06-18T22:45:26.873+0000] {processor.py:208} INFO - Processing /home/airflow/.local/lib/python3.12/site-packages/airflow/example_dags/example_latest_only.py took 0.090 seconds
[2026-06-18T22:45:57.216+0000] {processor.py:186} INFO - Started process (PID=657) to work on /home/airflow/.local/lib/python3.12/site-packages/airflow/example_dags/example_latest_only.py
[2026-06-18T22:45:57.217+0000] {processor.py:914} INFO - Processing file /home/airflow/.local/lib/python3.12/site-packages/airflow/example_dags/example_latest_only.py for tasks to queue
[2026-06-18T22:45:57.220+0000] {logging_mixin.py:190} INFO - [2026-06-18T22:45:57.219+0000] {dagbag.py:588} INFO - Filling up the DagBag from /home/airflow/.local/lib/python3.12/site-packages/airflow/example_dags/example_latest_only.py
[2026-06-18T22:45:57.226+0000] {processor.py:925} INFO - DAG(s) 'latest_only' retrieved from /home/airflow/.local/lib/python3.12/site-packages/airflow/example_dags/example_latest_only.py
[2026-06-18T22:45:57.245+0000] {logging_mixin.py:190} INFO - [2026-06-18T22:45:57.245+0000] {dag.py:3239} INFO - Sync 1 DAGs
[2026-06-18T22:45:57.266+0000] {logging_mixin.py:190} INFO - [2026-06-18T22:45:57.266+0000] {dag.py:4180} INFO - Setting next_dagrun for latest_only to 2026-06-18 16:00:00+00:00, run_after=2026-06-18 20:00:00+00:00
[2026-06-18T22:45:57.284+0000] {processor.py:208} INFO - Processing /home/airflow/.local/lib/python3.12/site-packages/airflow/example_dags/example_latest_only.py took 0.073 seconds
