[2026-06-18T22:41:29.018+0000] {processor.py:186} INFO - Started process (PID=109) to work on /home/airflow/.local/lib/python3.12/site-packages/airflow/example_dags/example_branch_operator.py
[2026-06-18T22:41:29.020+0000] {processor.py:914} INFO - Processing file /home/airflow/.local/lib/python3.12/site-packages/airflow/example_dags/example_branch_operator.py for tasks to queue
[2026-06-18T22:41:29.023+0000] {logging_mixin.py:190} INFO - [2026-06-18T22:41:29.022+0000] {dagbag.py:588} INFO - Filling up the DagBag from /home/airflow/.local/lib/python3.12/site-packages/airflow/example_dags/example_branch_operator.py
[2026-06-18T22:41:29.051+0000] {processor.py:925} INFO - DAG(s) 'example_branch_operator' retrieved from /home/airflow/.local/lib/python3.12/site-packages/airflow/example_dags/example_branch_operator.py
[2026-06-18T22:41:29.186+0000] {logging_mixin.py:190} INFO - [2026-06-18T22:41:29.185+0000] {dag.py:3239} INFO - Sync 1 DAGs
[2026-06-18T22:41:29.211+0000] {logging_mixin.py:190} INFO - [2026-06-18T22:41:29.211+0000] {dag.py:4180} INFO - Setting next_dagrun for example_branch_operator to 2026-06-17 00:00:00+00:00, run_after=2026-06-18 00:00:00+00:00
[2026-06-18T22:41:29.235+0000] {processor.py:208} INFO - Processing /home/airflow/.local/lib/python3.12/site-packages/airflow/example_dags/example_branch_operator.py took 0.226 seconds
[2026-06-18T22:41:59.646+0000] {processor.py:186} INFO - Started process (PID=173) to work on /home/airflow/.local/lib/python3.12/site-packages/airflow/example_dags/example_branch_operator.py
[2026-06-18T22:41:59.655+0000] {processor.py:914} INFO - Processing file /home/airflow/.local/lib/python3.12/site-packages/airflow/example_dags/example_branch_operator.py for tasks to queue
[2026-06-18T22:41:59.659+0000] {logging_mixin.py:190} INFO - [2026-06-18T22:41:59.658+0000] {dagbag.py:588} INFO - Filling up the DagBag from /home/airflow/.local/lib/python3.12/site-packages/airflow/example_dags/example_branch_operator.py
[2026-06-18T22:41:59.683+0000] {processor.py:925} INFO - DAG(s) 'example_branch_operator' retrieved from /home/airflow/.local/lib/python3.12/site-packages/airflow/example_dags/example_branch_operator.py
[2026-06-18T22:41:59.723+0000] {logging_mixin.py:190} INFO - [2026-06-18T22:41:59.722+0000] {dag.py:3239} INFO - Sync 1 DAGs
[2026-06-18T22:41:59.755+0000] {logging_mixin.py:190} INFO - [2026-06-18T22:41:59.754+0000] {dag.py:4180} INFO - Setting next_dagrun for example_branch_operator to 2026-06-17 00:00:00+00:00, run_after=2026-06-18 00:00:00+00:00
[2026-06-18T22:41:59.797+0000] {processor.py:208} INFO - Processing /home/airflow/.local/lib/python3.12/site-packages/airflow/example_dags/example_branch_operator.py took 0.158 seconds
[2026-06-18T22:42:29.965+0000] {processor.py:186} INFO - Started process (PID=237) to work on /home/airflow/.local/lib/python3.12/site-packages/airflow/example_dags/example_branch_operator.py
[2026-06-18T22:42:29.966+0000] {processor.py:914} INFO - Processing file /home/airflow/.local/lib/python3.12/site-packages/airflow/example_dags/example_branch_operator.py for tasks to queue
[2026-06-18T22:42:29.969+0000] {logging_mixin.py:190} INFO - [2026-06-18T22:42:29.969+0000] {dagbag.py:588} INFO - Filling up the DagBag from /home/airflow/.local/lib/python3.12/site-packages/airflow/example_dags/example_branch_operator.py
[2026-06-18T22:42:29.995+0000] {processor.py:925} INFO - DAG(s) 'example_branch_operator' retrieved from /home/airflow/.local/lib/python3.12/site-packages/airflow/example_dags/example_branch_operator.py
[2026-06-18T22:42:30.040+0000] {logging_mixin.py:190} INFO - [2026-06-18T22:42:30.040+0000] {dag.py:3239} INFO - Sync 1 DAGs
[2026-06-18T22:42:30.073+0000] {logging_mixin.py:190} INFO - [2026-06-18T22:42:30.073+0000] {dag.py:4180} INFO - Setting next_dagrun for example_branch_operator to 2026-06-17 00:00:00+00:00, run_after=2026-06-18 00:00:00+00:00
[2026-06-18T22:42:30.118+0000] {processor.py:208} INFO - Processing /home/airflow/.local/lib/python3.12/site-packages/airflow/example_dags/example_branch_operator.py took 0.162 seconds
[2026-06-18T22:43:00.968+0000] {processor.py:186} INFO - Started process (PID=301) to work on /home/airflow/.local/lib/python3.12/site-packages/airflow/example_dags/example_branch_operator.py
[2026-06-18T22:43:00.970+0000] {processor.py:914} INFO - Processing file /home/airflow/.local/lib/python3.12/site-packages/airflow/example_dags/example_branch_operator.py for tasks to queue
[2026-06-18T22:43:00.972+0000] {logging_mixin.py:190} INFO - [2026-06-18T22:43:00.972+0000] {dagbag.py:588} INFO - Filling up the DagBag from /home/airflow/.local/lib/python3.12/site-packages/airflow/example_dags/example_branch_operator.py
[2026-06-18T22:43:00.987+0000] {processor.py:925} INFO - DAG(s) 'example_branch_operator' retrieved from /home/airflow/.local/lib/python3.12/site-packages/airflow/example_dags/example_branch_operator.py
[2026-06-18T22:43:01.011+0000] {logging_mixin.py:190} INFO - [2026-06-18T22:43:01.010+0000] {dag.py:3239} INFO - Sync 1 DAGs
[2026-06-18T22:43:01.031+0000] {logging_mixin.py:190} INFO - [2026-06-18T22:43:01.030+0000] {dag.py:4180} INFO - Setting next_dagrun for example_branch_operator to 2026-06-17 00:00:00+00:00, run_after=2026-06-18 00:00:00+00:00
[2026-06-18T22:43:01.048+0000] {processor.py:208} INFO - Processing /home/airflow/.local/lib/python3.12/site-packages/airflow/example_dags/example_branch_operator.py took 0.084 seconds
[2026-06-18T22:43:31.744+0000] {processor.py:186} INFO - Started process (PID=365) to work on /home/airflow/.local/lib/python3.12/site-packages/airflow/example_dags/example_branch_operator.py
[2026-06-18T22:43:31.745+0000] {processor.py:914} INFO - Processing file /home/airflow/.local/lib/python3.12/site-packages/airflow/example_dags/example_branch_operator.py for tasks to queue
[2026-06-18T22:43:31.748+0000] {logging_mixin.py:190} INFO - [2026-06-18T22:43:31.748+0000] {dagbag.py:588} INFO - Filling up the DagBag from /home/airflow/.local/lib/python3.12/site-packages/airflow/example_dags/example_branch_operator.py
[2026-06-18T22:43:31.763+0000] {processor.py:925} INFO - DAG(s) 'example_branch_operator' retrieved from /home/airflow/.local/lib/python3.12/site-packages/airflow/example_dags/example_branch_operator.py
[2026-06-18T22:43:31.793+0000] {logging_mixin.py:190} INFO - [2026-06-18T22:43:31.793+0000] {dag.py:3239} INFO - Sync 1 DAGs
[2026-06-18T22:43:31.820+0000] {logging_mixin.py:190} INFO - [2026-06-18T22:43:31.819+0000] {dag.py:4180} INFO - Setting next_dagrun for example_branch_operator to 2026-06-17 00:00:00+00:00, run_after=2026-06-18 00:00:00+00:00
[2026-06-18T22:43:31.838+0000] {processor.py:208} INFO - Processing /home/airflow/.local/lib/python3.12/site-packages/airflow/example_dags/example_branch_operator.py took 0.099 seconds
[2026-06-18T22:44:02.473+0000] {processor.py:186} INFO - Started process (PID=429) to work on /home/airflow/.local/lib/python3.12/site-packages/airflow/example_dags/example_branch_operator.py
[2026-06-18T22:44:02.474+0000] {processor.py:914} INFO - Processing file /home/airflow/.local/lib/python3.12/site-packages/airflow/example_dags/example_branch_operator.py for tasks to queue
[2026-06-18T22:44:02.477+0000] {logging_mixin.py:190} INFO - [2026-06-18T22:44:02.477+0000] {dagbag.py:588} INFO - Filling up the DagBag from /home/airflow/.local/lib/python3.12/site-packages/airflow/example_dags/example_branch_operator.py
[2026-06-18T22:44:02.497+0000] {processor.py:925} INFO - DAG(s) 'example_branch_operator' retrieved from /home/airflow/.local/lib/python3.12/site-packages/airflow/example_dags/example_branch_operator.py
[2026-06-18T22:44:02.521+0000] {logging_mixin.py:190} INFO - [2026-06-18T22:44:02.521+0000] {dag.py:3239} INFO - Sync 1 DAGs
[2026-06-18T22:44:02.545+0000] {logging_mixin.py:190} INFO - [2026-06-18T22:44:02.544+0000] {dag.py:4180} INFO - Setting next_dagrun for example_branch_operator to 2026-06-17 00:00:00+00:00, run_after=2026-06-18 00:00:00+00:00
[2026-06-18T22:44:02.564+0000] {processor.py:208} INFO - Processing /home/airflow/.local/lib/python3.12/site-packages/airflow/example_dags/example_branch_operator.py took 0.097 seconds
[2026-06-18T22:44:32.643+0000] {processor.py:186} INFO - Started process (PID=492) to work on /home/airflow/.local/lib/python3.12/site-packages/airflow/example_dags/example_branch_operator.py
[2026-06-18T22:44:32.645+0000] {processor.py:914} INFO - Processing file /home/airflow/.local/lib/python3.12/site-packages/airflow/example_dags/example_branch_operator.py for tasks to queue
[2026-06-18T22:44:32.648+0000] {logging_mixin.py:190} INFO - [2026-06-18T22:44:32.648+0000] {dagbag.py:588} INFO - Filling up the DagBag from /home/airflow/.local/lib/python3.12/site-packages/airflow/example_dags/example_branch_operator.py
[2026-06-18T22:44:32.665+0000] {processor.py:925} INFO - DAG(s) 'example_branch_operator' retrieved from /home/airflow/.local/lib/python3.12/site-packages/airflow/example_dags/example_branch_operator.py
[2026-06-18T22:44:32.694+0000] {logging_mixin.py:190} INFO - [2026-06-18T22:44:32.694+0000] {dag.py:3239} INFO - Sync 1 DAGs
[2026-06-18T22:44:32.724+0000] {logging_mixin.py:190} INFO - [2026-06-18T22:44:32.724+0000] {dag.py:4180} INFO - Setting next_dagrun for example_branch_operator to 2026-06-17 00:00:00+00:00, run_after=2026-06-18 00:00:00+00:00
[2026-06-18T22:44:32.754+0000] {processor.py:208} INFO - Processing /home/airflow/.local/lib/python3.12/site-packages/airflow/example_dags/example_branch_operator.py took 0.116 seconds
[2026-06-18T22:45:03.209+0000] {processor.py:186} INFO - Started process (PID=556) to work on /home/airflow/.local/lib/python3.12/site-packages/airflow/example_dags/example_branch_operator.py
[2026-06-18T22:45:03.210+0000] {processor.py:914} INFO - Processing file /home/airflow/.local/lib/python3.12/site-packages/airflow/example_dags/example_branch_operator.py for tasks to queue
[2026-06-18T22:45:03.212+0000] {logging_mixin.py:190} INFO - [2026-06-18T22:45:03.212+0000] {dagbag.py:588} INFO - Filling up the DagBag from /home/airflow/.local/lib/python3.12/site-packages/airflow/example_dags/example_branch_operator.py
[2026-06-18T22:45:03.230+0000] {processor.py:925} INFO - DAG(s) 'example_branch_operator' retrieved from /home/airflow/.local/lib/python3.12/site-packages/airflow/example_dags/example_branch_operator.py
[2026-06-18T22:45:03.252+0000] {logging_mixin.py:190} INFO - [2026-06-18T22:45:03.252+0000] {dag.py:3239} INFO - Sync 1 DAGs
[2026-06-18T22:45:03.269+0000] {logging_mixin.py:190} INFO - [2026-06-18T22:45:03.268+0000] {dag.py:4180} INFO - Setting next_dagrun for example_branch_operator to 2026-06-17 00:00:00+00:00, run_after=2026-06-18 00:00:00+00:00
[2026-06-18T22:45:03.289+0000] {processor.py:208} INFO - Processing /home/airflow/.local/lib/python3.12/site-packages/airflow/example_dags/example_branch_operator.py took 0.085 seconds
[2026-06-18T22:45:34.006+0000] {processor.py:186} INFO - Started process (PID=622) to work on /home/airflow/.local/lib/python3.12/site-packages/airflow/example_dags/example_branch_operator.py
[2026-06-18T22:45:34.007+0000] {processor.py:914} INFO - Processing file /home/airflow/.local/lib/python3.12/site-packages/airflow/example_dags/example_branch_operator.py for tasks to queue
[2026-06-18T22:45:34.009+0000] {logging_mixin.py:190} INFO - [2026-06-18T22:45:34.009+0000] {dagbag.py:588} INFO - Filling up the DagBag from /home/airflow/.local/lib/python3.12/site-packages/airflow/example_dags/example_branch_operator.py
[2026-06-18T22:45:34.024+0000] {processor.py:925} INFO - DAG(s) 'example_branch_operator' retrieved from /home/airflow/.local/lib/python3.12/site-packages/airflow/example_dags/example_branch_operator.py
[2026-06-18T22:45:34.049+0000] {logging_mixin.py:190} INFO - [2026-06-18T22:45:34.048+0000] {dag.py:3239} INFO - Sync 1 DAGs
[2026-06-18T22:45:34.068+0000] {logging_mixin.py:190} INFO - [2026-06-18T22:45:34.067+0000] {dag.py:4180} INFO - Setting next_dagrun for example_branch_operator to 2026-06-17 00:00:00+00:00, run_after=2026-06-18 00:00:00+00:00
[2026-06-18T22:45:34.087+0000] {processor.py:208} INFO - Processing /home/airflow/.local/lib/python3.12/site-packages/airflow/example_dags/example_branch_operator.py took 0.086 seconds
[2026-06-18T22:46:04.337+0000] {processor.py:186} INFO - Started process (PID=686) to work on /home/airflow/.local/lib/python3.12/site-packages/airflow/example_dags/example_branch_operator.py
[2026-06-18T22:46:04.339+0000] {processor.py:914} INFO - Processing file /home/airflow/.local/lib/python3.12/site-packages/airflow/example_dags/example_branch_operator.py for tasks to queue
[2026-06-18T22:46:04.341+0000] {logging_mixin.py:190} INFO - [2026-06-18T22:46:04.341+0000] {dagbag.py:588} INFO - Filling up the DagBag from /home/airflow/.local/lib/python3.12/site-packages/airflow/example_dags/example_branch_operator.py
[2026-06-18T22:46:04.357+0000] {processor.py:925} INFO - DAG(s) 'example_branch_operator' retrieved from /home/airflow/.local/lib/python3.12/site-packages/airflow/example_dags/example_branch_operator.py
[2026-06-18T22:46:04.381+0000] {logging_mixin.py:190} INFO - [2026-06-18T22:46:04.381+0000] {dag.py:3239} INFO - Sync 1 DAGs
[2026-06-18T22:46:04.405+0000] {logging_mixin.py:190} INFO - [2026-06-18T22:46:04.404+0000] {dag.py:4180} INFO - Setting next_dagrun for example_branch_operator to 2026-06-17 00:00:00+00:00, run_after=2026-06-18 00:00:00+00:00
[2026-06-18T22:46:04.438+0000] {processor.py:208} INFO - Processing /home/airflow/.local/lib/python3.12/site-packages/airflow/example_dags/example_branch_operator.py took 0.106 seconds
