[2026-06-18T22:41:22.786+0000] {processor.py:186} INFO - Started process (PID=77) to work on /home/airflow/.local/lib/python3.12/site-packages/airflow/example_dags/example_skip_dag.py
[2026-06-18T22:41:22.790+0000] {processor.py:914} INFO - Processing file /home/airflow/.local/lib/python3.12/site-packages/airflow/example_dags/example_skip_dag.py for tasks to queue
[2026-06-18T22:41:22.811+0000] {logging_mixin.py:190} INFO - [2026-06-18T22:41:22.810+0000] {dagbag.py:588} INFO - Filling up the DagBag from /home/airflow/.local/lib/python3.12/site-packages/airflow/example_dags/example_skip_dag.py
[2026-06-18T22:41:22.876+0000] {processor.py:925} INFO - DAG(s) 'example_skip_dag' retrieved from /home/airflow/.local/lib/python3.12/site-packages/airflow/example_dags/example_skip_dag.py
[2026-06-18T22:41:22.989+0000] {logging_mixin.py:190} INFO - [2026-06-18T22:41:22.988+0000] {dag.py:3239} INFO - Sync 1 DAGs
[2026-06-18T22:41:23.098+0000] {logging_mixin.py:190} INFO - [2026-06-18T22:41:23.098+0000] {dag.py:4180} INFO - Setting next_dagrun for example_skip_dag to 2026-06-17 00:00:00+00:00, run_after=2026-06-18 00:00:00+00:00
[2026-06-18T22:41:23.155+0000] {processor.py:208} INFO - Processing /home/airflow/.local/lib/python3.12/site-packages/airflow/example_dags/example_skip_dag.py took 0.397 seconds
[2026-06-18T22:41:54.004+0000] {processor.py:186} INFO - Started process (PID=141) to work on /home/airflow/.local/lib/python3.12/site-packages/airflow/example_dags/example_skip_dag.py
[2026-06-18T22:41:54.019+0000] {processor.py:914} INFO - Processing file /home/airflow/.local/lib/python3.12/site-packages/airflow/example_dags/example_skip_dag.py for tasks to queue
[2026-06-18T22:41:54.023+0000] {logging_mixin.py:190} INFO - [2026-06-18T22:41:54.023+0000] {dagbag.py:588} INFO - Filling up the DagBag from /home/airflow/.local/lib/python3.12/site-packages/airflow/example_dags/example_skip_dag.py
[2026-06-18T22:41:54.033+0000] {processor.py:925} INFO - DAG(s) 'example_skip_dag' retrieved from /home/airflow/.local/lib/python3.12/site-packages/airflow/example_dags/example_skip_dag.py
[2026-06-18T22:41:54.061+0000] {logging_mixin.py:190} INFO - [2026-06-18T22:41:54.061+0000] {dag.py:3239} INFO - Sync 1 DAGs
[2026-06-18T22:41:54.088+0000] {logging_mixin.py:190} INFO - [2026-06-18T22:41:54.088+0000] {dag.py:4180} INFO - Setting next_dagrun for example_skip_dag to 2026-06-17 00:00:00+00:00, run_after=2026-06-18 00:00:00+00:00
[2026-06-18T22:41:54.124+0000] {processor.py:208} INFO - Processing /home/airflow/.local/lib/python3.12/site-packages/airflow/example_dags/example_skip_dag.py took 0.124 seconds
[2026-06-18T22:42:24.337+0000] {processor.py:186} INFO - Started process (PID=205) to work on /home/airflow/.local/lib/python3.12/site-packages/airflow/example_dags/example_skip_dag.py
[2026-06-18T22:42:24.338+0000] {processor.py:914} INFO - Processing file /home/airflow/.local/lib/python3.12/site-packages/airflow/example_dags/example_skip_dag.py for tasks to queue
[2026-06-18T22:42:24.341+0000] {logging_mixin.py:190} INFO - [2026-06-18T22:42:24.341+0000] {dagbag.py:588} INFO - Filling up the DagBag from /home/airflow/.local/lib/python3.12/site-packages/airflow/example_dags/example_skip_dag.py
[2026-06-18T22:42:24.349+0000] {processor.py:925} INFO - DAG(s) 'example_skip_dag' retrieved from /home/airflow/.local/lib/python3.12/site-packages/airflow/example_dags/example_skip_dag.py
[2026-06-18T22:42:24.376+0000] {logging_mixin.py:190} INFO - [2026-06-18T22:42:24.376+0000] {dag.py:3239} INFO - Sync 1 DAGs
[2026-06-18T22:42:24.402+0000] {logging_mixin.py:190} INFO - [2026-06-18T22:42:24.402+0000] {dag.py:4180} INFO - Setting next_dagrun for example_skip_dag to 2026-06-17 00:00:00+00:00, run_after=2026-06-18 00:00:00+00:00
[2026-06-18T22:42:24.430+0000] {processor.py:208} INFO - Processing /home/airflow/.local/lib/python3.12/site-packages/airflow/example_dags/example_skip_dag.py took 0.099 seconds
[2026-06-18T22:42:54.545+0000] {processor.py:186} INFO - Started process (PID=269) to work on /home/airflow/.local/lib/python3.12/site-packages/airflow/example_dags/example_skip_dag.py
[2026-06-18T22:42:54.547+0000] {processor.py:914} INFO - Processing file /home/airflow/.local/lib/python3.12/site-packages/airflow/example_dags/example_skip_dag.py for tasks to queue
[2026-06-18T22:42:54.551+0000] {logging_mixin.py:190} INFO - [2026-06-18T22:42:54.551+0000] {dagbag.py:588} INFO - Filling up the DagBag from /home/airflow/.local/lib/python3.12/site-packages/airflow/example_dags/example_skip_dag.py
[2026-06-18T22:42:54.564+0000] {processor.py:925} INFO - DAG(s) 'example_skip_dag' retrieved from /home/airflow/.local/lib/python3.12/site-packages/airflow/example_dags/example_skip_dag.py
[2026-06-18T22:42:54.590+0000] {logging_mixin.py:190} INFO - [2026-06-18T22:42:54.589+0000] {dag.py:3239} INFO - Sync 1 DAGs
[2026-06-18T22:42:54.616+0000] {logging_mixin.py:190} INFO - [2026-06-18T22:42:54.616+0000] {dag.py:4180} INFO - Setting next_dagrun for example_skip_dag to 2026-06-17 00:00:00+00:00, run_after=2026-06-18 00:00:00+00:00
[2026-06-18T22:42:54.641+0000] {processor.py:208} INFO - Processing /home/airflow/.local/lib/python3.12/site-packages/airflow/example_dags/example_skip_dag.py took 0.105 seconds
[2026-06-18T22:43:24.682+0000] {processor.py:186} INFO - Started process (PID=332) to work on /home/airflow/.local/lib/python3.12/site-packages/airflow/example_dags/example_skip_dag.py
[2026-06-18T22:43:24.684+0000] {processor.py:914} INFO - Processing file /home/airflow/.local/lib/python3.12/site-packages/airflow/example_dags/example_skip_dag.py for tasks to queue
[2026-06-18T22:43:24.686+0000] {logging_mixin.py:190} INFO - [2026-06-18T22:43:24.686+0000] {dagbag.py:588} INFO - Filling up the DagBag from /home/airflow/.local/lib/python3.12/site-packages/airflow/example_dags/example_skip_dag.py
[2026-06-18T22:43:24.693+0000] {processor.py:925} INFO - DAG(s) 'example_skip_dag' retrieved from /home/airflow/.local/lib/python3.12/site-packages/airflow/example_dags/example_skip_dag.py
[2026-06-18T22:43:24.709+0000] {logging_mixin.py:190} INFO - [2026-06-18T22:43:24.709+0000] {dag.py:3239} INFO - Sync 1 DAGs
[2026-06-18T22:43:24.726+0000] {logging_mixin.py:190} INFO - [2026-06-18T22:43:24.726+0000] {dag.py:4180} INFO - Setting next_dagrun for example_skip_dag to 2026-06-17 00:00:00+00:00, run_after=2026-06-18 00:00:00+00:00
[2026-06-18T22:43:24.744+0000] {processor.py:208} INFO - Processing /home/airflow/.local/lib/python3.12/site-packages/airflow/example_dags/example_skip_dag.py took 0.066 seconds
[2026-06-18T22:43:54.959+0000] {processor.py:186} INFO - Started process (PID=397) to work on /home/airflow/.local/lib/python3.12/site-packages/airflow/example_dags/example_skip_dag.py
[2026-06-18T22:43:54.960+0000] {processor.py:914} INFO - Processing file /home/airflow/.local/lib/python3.12/site-packages/airflow/example_dags/example_skip_dag.py for tasks to queue
[2026-06-18T22:43:54.963+0000] {logging_mixin.py:190} INFO - [2026-06-18T22:43:54.963+0000] {dagbag.py:588} INFO - Filling up the DagBag from /home/airflow/.local/lib/python3.12/site-packages/airflow/example_dags/example_skip_dag.py
[2026-06-18T22:43:54.970+0000] {processor.py:925} INFO - DAG(s) 'example_skip_dag' retrieved from /home/airflow/.local/lib/python3.12/site-packages/airflow/example_dags/example_skip_dag.py
[2026-06-18T22:43:54.988+0000] {logging_mixin.py:190} INFO - [2026-06-18T22:43:54.988+0000] {dag.py:3239} INFO - Sync 1 DAGs
[2026-06-18T22:43:55.008+0000] {logging_mixin.py:190} INFO - [2026-06-18T22:43:55.007+0000] {dag.py:4180} INFO - Setting next_dagrun for example_skip_dag to 2026-06-17 00:00:00+00:00, run_after=2026-06-18 00:00:00+00:00
[2026-06-18T22:43:55.030+0000] {processor.py:208} INFO - Processing /home/airflow/.local/lib/python3.12/site-packages/airflow/example_dags/example_skip_dag.py took 0.076 seconds
[2026-06-18T22:44:25.535+0000] {processor.py:186} INFO - Started process (PID=461) to work on /home/airflow/.local/lib/python3.12/site-packages/airflow/example_dags/example_skip_dag.py
[2026-06-18T22:44:25.536+0000] {processor.py:914} INFO - Processing file /home/airflow/.local/lib/python3.12/site-packages/airflow/example_dags/example_skip_dag.py for tasks to queue
[2026-06-18T22:44:25.540+0000] {logging_mixin.py:190} INFO - [2026-06-18T22:44:25.539+0000] {dagbag.py:588} INFO - Filling up the DagBag from /home/airflow/.local/lib/python3.12/site-packages/airflow/example_dags/example_skip_dag.py
[2026-06-18T22:44:25.551+0000] {processor.py:925} INFO - DAG(s) 'example_skip_dag' retrieved from /home/airflow/.local/lib/python3.12/site-packages/airflow/example_dags/example_skip_dag.py
[2026-06-18T22:44:25.575+0000] {logging_mixin.py:190} INFO - [2026-06-18T22:44:25.574+0000] {dag.py:3239} INFO - Sync 1 DAGs
[2026-06-18T22:44:25.599+0000] {logging_mixin.py:190} INFO - [2026-06-18T22:44:25.599+0000] {dag.py:4180} INFO - Setting next_dagrun for example_skip_dag to 2026-06-17 00:00:00+00:00, run_after=2026-06-18 00:00:00+00:00
[2026-06-18T22:44:25.619+0000] {processor.py:208} INFO - Processing /home/airflow/.local/lib/python3.12/site-packages/airflow/example_dags/example_skip_dag.py took 0.090 seconds
[2026-06-18T22:44:56.054+0000] {processor.py:186} INFO - Started process (PID=525) to work on /home/airflow/.local/lib/python3.12/site-packages/airflow/example_dags/example_skip_dag.py
[2026-06-18T22:44:56.055+0000] {processor.py:914} INFO - Processing file /home/airflow/.local/lib/python3.12/site-packages/airflow/example_dags/example_skip_dag.py for tasks to queue
[2026-06-18T22:44:56.058+0000] {logging_mixin.py:190} INFO - [2026-06-18T22:44:56.057+0000] {dagbag.py:588} INFO - Filling up the DagBag from /home/airflow/.local/lib/python3.12/site-packages/airflow/example_dags/example_skip_dag.py
[2026-06-18T22:44:56.065+0000] {processor.py:925} INFO - DAG(s) 'example_skip_dag' retrieved from /home/airflow/.local/lib/python3.12/site-packages/airflow/example_dags/example_skip_dag.py
[2026-06-18T22:44:56.084+0000] {logging_mixin.py:190} INFO - [2026-06-18T22:44:56.084+0000] {dag.py:3239} INFO - Sync 1 DAGs
[2026-06-18T22:44:56.103+0000] {logging_mixin.py:190} INFO - [2026-06-18T22:44:56.102+0000] {dag.py:4180} INFO - Setting next_dagrun for example_skip_dag to 2026-06-17 00:00:00+00:00, run_after=2026-06-18 00:00:00+00:00
[2026-06-18T22:44:56.126+0000] {processor.py:208} INFO - Processing /home/airflow/.local/lib/python3.12/site-packages/airflow/example_dags/example_skip_dag.py took 0.078 seconds
[2026-06-18T22:45:26.501+0000] {processor.py:186} INFO - Started process (PID=590) to work on /home/airflow/.local/lib/python3.12/site-packages/airflow/example_dags/example_skip_dag.py
[2026-06-18T22:45:26.502+0000] {processor.py:914} INFO - Processing file /home/airflow/.local/lib/python3.12/site-packages/airflow/example_dags/example_skip_dag.py for tasks to queue
[2026-06-18T22:45:26.505+0000] {logging_mixin.py:190} INFO - [2026-06-18T22:45:26.504+0000] {dagbag.py:588} INFO - Filling up the DagBag from /home/airflow/.local/lib/python3.12/site-packages/airflow/example_dags/example_skip_dag.py
[2026-06-18T22:45:26.514+0000] {processor.py:925} INFO - DAG(s) 'example_skip_dag' retrieved from /home/airflow/.local/lib/python3.12/site-packages/airflow/example_dags/example_skip_dag.py
[2026-06-18T22:45:26.539+0000] {logging_mixin.py:190} INFO - [2026-06-18T22:45:26.539+0000] {dag.py:3239} INFO - Sync 1 DAGs
[2026-06-18T22:45:26.562+0000] {logging_mixin.py:190} INFO - [2026-06-18T22:45:26.562+0000] {dag.py:4180} INFO - Setting next_dagrun for example_skip_dag to 2026-06-17 00:00:00+00:00, run_after=2026-06-18 00:00:00+00:00
[2026-06-18T22:45:26.591+0000] {processor.py:208} INFO - Processing /home/airflow/.local/lib/python3.12/site-packages/airflow/example_dags/example_skip_dag.py took 0.095 seconds
[2026-06-18T22:45:56.794+0000] {processor.py:186} INFO - Started process (PID=654) to work on /home/airflow/.local/lib/python3.12/site-packages/airflow/example_dags/example_skip_dag.py
[2026-06-18T22:45:56.795+0000] {processor.py:914} INFO - Processing file /home/airflow/.local/lib/python3.12/site-packages/airflow/example_dags/example_skip_dag.py for tasks to queue
[2026-06-18T22:45:56.797+0000] {logging_mixin.py:190} INFO - [2026-06-18T22:45:56.797+0000] {dagbag.py:588} INFO - Filling up the DagBag from /home/airflow/.local/lib/python3.12/site-packages/airflow/example_dags/example_skip_dag.py
[2026-06-18T22:45:56.804+0000] {processor.py:925} INFO - DAG(s) 'example_skip_dag' retrieved from /home/airflow/.local/lib/python3.12/site-packages/airflow/example_dags/example_skip_dag.py
[2026-06-18T22:45:56.823+0000] {logging_mixin.py:190} INFO - [2026-06-18T22:45:56.823+0000] {dag.py:3239} INFO - Sync 1 DAGs
[2026-06-18T22:45:56.841+0000] {logging_mixin.py:190} INFO - [2026-06-18T22:45:56.841+0000] {dag.py:4180} INFO - Setting next_dagrun for example_skip_dag to 2026-06-17 00:00:00+00:00, run_after=2026-06-18 00:00:00+00:00
[2026-06-18T22:45:57.067+0000] {processor.py:208} INFO - Processing /home/airflow/.local/lib/python3.12/site-packages/airflow/example_dags/example_skip_dag.py took 0.278 seconds
