[2026-06-18T22:41:29.424+0000] {processor.py:186} INFO - Started process (PID=113) to work on /home/airflow/.local/lib/python3.12/site-packages/airflow/example_dags/example_xcomargs.py
[2026-06-18T22:41:29.428+0000] {processor.py:914} INFO - Processing file /home/airflow/.local/lib/python3.12/site-packages/airflow/example_dags/example_xcomargs.py for tasks to queue
[2026-06-18T22:41:29.431+0000] {logging_mixin.py:190} INFO - [2026-06-18T22:41:29.431+0000] {dagbag.py:588} INFO - Filling up the DagBag from /home/airflow/.local/lib/python3.12/site-packages/airflow/example_dags/example_xcomargs.py
[2026-06-18T22:41:29.444+0000] {processor.py:925} INFO - DAG(s) 'example_xcom_args_with_operators', 'example_xcom_args' retrieved from /home/airflow/.local/lib/python3.12/site-packages/airflow/example_dags/example_xcomargs.py
[2026-06-18T22:41:29.479+0000] {logging_mixin.py:190} INFO - [2026-06-18T22:41:29.478+0000] {dag.py:3239} INFO - Sync 2 DAGs
[2026-06-18T22:41:29.494+0000] {logging_mixin.py:190} INFO - [2026-06-18T22:41:29.494+0000] {dag.py:4180} INFO - Setting next_dagrun for example_xcom_args to None, run_after=None
[2026-06-18T22:41:29.499+0000] {logging_mixin.py:190} INFO - [2026-06-18T22:41:29.499+0000] {dag.py:4180} INFO - Setting next_dagrun for example_xcom_args_with_operators to None, run_after=None
[2026-06-18T22:41:29.533+0000] {processor.py:208} INFO - Processing /home/airflow/.local/lib/python3.12/site-packages/airflow/example_dags/example_xcomargs.py took 0.116 seconds
[2026-06-18T22:42:00.001+0000] {processor.py:186} INFO - Started process (PID=177) to work on /home/airflow/.local/lib/python3.12/site-packages/airflow/example_dags/example_xcomargs.py
[2026-06-18T22:42:00.016+0000] {processor.py:914} INFO - Processing file /home/airflow/.local/lib/python3.12/site-packages/airflow/example_dags/example_xcomargs.py for tasks to queue
[2026-06-18T22:42:00.020+0000] {logging_mixin.py:190} INFO - [2026-06-18T22:42:00.019+0000] {dagbag.py:588} INFO - Filling up the DagBag from /home/airflow/.local/lib/python3.12/site-packages/airflow/example_dags/example_xcomargs.py
[2026-06-18T22:42:00.035+0000] {processor.py:925} INFO - DAG(s) 'example_xcom_args_with_operators', 'example_xcom_args' retrieved from /home/airflow/.local/lib/python3.12/site-packages/airflow/example_dags/example_xcomargs.py
[2026-06-18T22:42:00.065+0000] {logging_mixin.py:190} INFO - [2026-06-18T22:42:00.064+0000] {dag.py:3239} INFO - Sync 2 DAGs
[2026-06-18T22:42:00.082+0000] {logging_mixin.py:190} INFO - [2026-06-18T22:42:00.081+0000] {dag.py:4180} INFO - Setting next_dagrun for example_xcom_args to None, run_after=None
[2026-06-18T22:42:00.088+0000] {logging_mixin.py:190} INFO - [2026-06-18T22:42:00.088+0000] {dag.py:4180} INFO - Setting next_dagrun for example_xcom_args_with_operators to None, run_after=None
[2026-06-18T22:42:00.126+0000] {processor.py:208} INFO - Processing /home/airflow/.local/lib/python3.12/site-packages/airflow/example_dags/example_xcomargs.py took 0.132 seconds
[2026-06-18T22:42:30.435+0000] {processor.py:186} INFO - Started process (PID=241) to work on /home/airflow/.local/lib/python3.12/site-packages/airflow/example_dags/example_xcomargs.py
[2026-06-18T22:42:30.437+0000] {processor.py:914} INFO - Processing file /home/airflow/.local/lib/python3.12/site-packages/airflow/example_dags/example_xcomargs.py for tasks to queue
[2026-06-18T22:42:30.439+0000] {logging_mixin.py:190} INFO - [2026-06-18T22:42:30.438+0000] {dagbag.py:588} INFO - Filling up the DagBag from /home/airflow/.local/lib/python3.12/site-packages/airflow/example_dags/example_xcomargs.py
[2026-06-18T22:42:30.448+0000] {processor.py:925} INFO - DAG(s) 'example_xcom_args_with_operators', 'example_xcom_args' retrieved from /home/airflow/.local/lib/python3.12/site-packages/airflow/example_dags/example_xcomargs.py
[2026-06-18T22:42:30.469+0000] {logging_mixin.py:190} INFO - [2026-06-18T22:42:30.469+0000] {dag.py:3239} INFO - Sync 2 DAGs
[2026-06-18T22:42:30.481+0000] {logging_mixin.py:190} INFO - [2026-06-18T22:42:30.481+0000] {dag.py:4180} INFO - Setting next_dagrun for example_xcom_args to None, run_after=None
[2026-06-18T22:42:30.485+0000] {logging_mixin.py:190} INFO - [2026-06-18T22:42:30.485+0000] {dag.py:4180} INFO - Setting next_dagrun for example_xcom_args_with_operators to None, run_after=None
[2026-06-18T22:42:30.510+0000] {processor.py:208} INFO - Processing /home/airflow/.local/lib/python3.12/site-packages/airflow/example_dags/example_xcomargs.py took 0.080 seconds
[2026-06-18T22:43:01.269+0000] {processor.py:186} INFO - Started process (PID=305) to work on /home/airflow/.local/lib/python3.12/site-packages/airflow/example_dags/example_xcomargs.py
[2026-06-18T22:43:01.271+0000] {processor.py:914} INFO - Processing file /home/airflow/.local/lib/python3.12/site-packages/airflow/example_dags/example_xcomargs.py for tasks to queue
[2026-06-18T22:43:01.273+0000] {logging_mixin.py:190} INFO - [2026-06-18T22:43:01.273+0000] {dagbag.py:588} INFO - Filling up the DagBag from /home/airflow/.local/lib/python3.12/site-packages/airflow/example_dags/example_xcomargs.py
[2026-06-18T22:43:01.283+0000] {processor.py:925} INFO - DAG(s) 'example_xcom_args', 'example_xcom_args_with_operators' retrieved from /home/airflow/.local/lib/python3.12/site-packages/airflow/example_dags/example_xcomargs.py
[2026-06-18T22:43:01.306+0000] {logging_mixin.py:190} INFO - [2026-06-18T22:43:01.306+0000] {dag.py:3239} INFO - Sync 2 DAGs
[2026-06-18T22:43:01.320+0000] {logging_mixin.py:190} INFO - [2026-06-18T22:43:01.319+0000] {dag.py:4180} INFO - Setting next_dagrun for example_xcom_args to None, run_after=None
[2026-06-18T22:43:01.323+0000] {logging_mixin.py:190} INFO - [2026-06-18T22:43:01.323+0000] {dag.py:4180} INFO - Setting next_dagrun for example_xcom_args_with_operators to None, run_after=None
[2026-06-18T22:43:01.339+0000] {processor.py:208} INFO - Processing /home/airflow/.local/lib/python3.12/site-packages/airflow/example_dags/example_xcomargs.py took 0.076 seconds
[2026-06-18T22:43:32.008+0000] {processor.py:186} INFO - Started process (PID=369) to work on /home/airflow/.local/lib/python3.12/site-packages/airflow/example_dags/example_xcomargs.py
[2026-06-18T22:43:32.009+0000] {processor.py:914} INFO - Processing file /home/airflow/.local/lib/python3.12/site-packages/airflow/example_dags/example_xcomargs.py for tasks to queue
[2026-06-18T22:43:32.011+0000] {logging_mixin.py:190} INFO - [2026-06-18T22:43:32.011+0000] {dagbag.py:588} INFO - Filling up the DagBag from /home/airflow/.local/lib/python3.12/site-packages/airflow/example_dags/example_xcomargs.py
[2026-06-18T22:43:32.019+0000] {processor.py:925} INFO - DAG(s) 'example_xcom_args', 'example_xcom_args_with_operators' retrieved from /home/airflow/.local/lib/python3.12/site-packages/airflow/example_dags/example_xcomargs.py
[2026-06-18T22:43:32.038+0000] {logging_mixin.py:190} INFO - [2026-06-18T22:43:32.038+0000] {dag.py:3239} INFO - Sync 2 DAGs
[2026-06-18T22:43:32.050+0000] {logging_mixin.py:190} INFO - [2026-06-18T22:43:32.050+0000] {dag.py:4180} INFO - Setting next_dagrun for example_xcom_args to None, run_after=None
[2026-06-18T22:43:32.053+0000] {logging_mixin.py:190} INFO - [2026-06-18T22:43:32.053+0000] {dag.py:4180} INFO - Setting next_dagrun for example_xcom_args_with_operators to None, run_after=None
[2026-06-18T22:43:32.071+0000] {processor.py:208} INFO - Processing /home/airflow/.local/lib/python3.12/site-packages/airflow/example_dags/example_xcomargs.py took 0.068 seconds
[2026-06-18T22:44:02.781+0000] {processor.py:186} INFO - Started process (PID=433) to work on /home/airflow/.local/lib/python3.12/site-packages/airflow/example_dags/example_xcomargs.py
[2026-06-18T22:44:02.782+0000] {processor.py:914} INFO - Processing file /home/airflow/.local/lib/python3.12/site-packages/airflow/example_dags/example_xcomargs.py for tasks to queue
[2026-06-18T22:44:02.785+0000] {logging_mixin.py:190} INFO - [2026-06-18T22:44:02.785+0000] {dagbag.py:588} INFO - Filling up the DagBag from /home/airflow/.local/lib/python3.12/site-packages/airflow/example_dags/example_xcomargs.py
[2026-06-18T22:44:02.796+0000] {processor.py:925} INFO - DAG(s) 'example_xcom_args_with_operators', 'example_xcom_args' retrieved from /home/airflow/.local/lib/python3.12/site-packages/airflow/example_dags/example_xcomargs.py
[2026-06-18T22:44:02.821+0000] {logging_mixin.py:190} INFO - [2026-06-18T22:44:02.821+0000] {dag.py:3239} INFO - Sync 2 DAGs
[2026-06-18T22:44:02.838+0000] {logging_mixin.py:190} INFO - [2026-06-18T22:44:02.838+0000] {dag.py:4180} INFO - Setting next_dagrun for example_xcom_args to None, run_after=None
[2026-06-18T22:44:02.842+0000] {logging_mixin.py:190} INFO - [2026-06-18T22:44:02.842+0000] {dag.py:4180} INFO - Setting next_dagrun for example_xcom_args_with_operators to None, run_after=None
[2026-06-18T22:44:02.862+0000] {processor.py:208} INFO - Processing /home/airflow/.local/lib/python3.12/site-packages/airflow/example_dags/example_xcomargs.py took 0.087 seconds
[2026-06-18T22:44:33.328+0000] {processor.py:186} INFO - Started process (PID=497) to work on /home/airflow/.local/lib/python3.12/site-packages/airflow/example_dags/example_xcomargs.py
[2026-06-18T22:44:33.330+0000] {processor.py:914} INFO - Processing file /home/airflow/.local/lib/python3.12/site-packages/airflow/example_dags/example_xcomargs.py for tasks to queue
[2026-06-18T22:44:33.333+0000] {logging_mixin.py:190} INFO - [2026-06-18T22:44:33.332+0000] {dagbag.py:588} INFO - Filling up the DagBag from /home/airflow/.local/lib/python3.12/site-packages/airflow/example_dags/example_xcomargs.py
[2026-06-18T22:44:33.343+0000] {processor.py:925} INFO - DAG(s) 'example_xcom_args', 'example_xcom_args_with_operators' retrieved from /home/airflow/.local/lib/python3.12/site-packages/airflow/example_dags/example_xcomargs.py
[2026-06-18T22:44:33.370+0000] {logging_mixin.py:190} INFO - [2026-06-18T22:44:33.370+0000] {dag.py:3239} INFO - Sync 2 DAGs
[2026-06-18T22:44:33.389+0000] {logging_mixin.py:190} INFO - [2026-06-18T22:44:33.388+0000] {dag.py:4180} INFO - Setting next_dagrun for example_xcom_args to None, run_after=None
[2026-06-18T22:44:33.394+0000] {logging_mixin.py:190} INFO - [2026-06-18T22:44:33.394+0000] {dag.py:4180} INFO - Setting next_dagrun for example_xcom_args_with_operators to None, run_after=None
[2026-06-18T22:44:33.419+0000] {processor.py:208} INFO - Processing /home/airflow/.local/lib/python3.12/site-packages/airflow/example_dags/example_xcomargs.py took 0.097 seconds
[2026-06-18T22:45:03.644+0000] {processor.py:186} INFO - Started process (PID=561) to work on /home/airflow/.local/lib/python3.12/site-packages/airflow/example_dags/example_xcomargs.py
[2026-06-18T22:45:03.645+0000] {processor.py:914} INFO - Processing file /home/airflow/.local/lib/python3.12/site-packages/airflow/example_dags/example_xcomargs.py for tasks to queue
[2026-06-18T22:45:03.648+0000] {logging_mixin.py:190} INFO - [2026-06-18T22:45:03.647+0000] {dagbag.py:588} INFO - Filling up the DagBag from /home/airflow/.local/lib/python3.12/site-packages/airflow/example_dags/example_xcomargs.py
[2026-06-18T22:45:03.656+0000] {processor.py:925} INFO - DAG(s) 'example_xcom_args_with_operators', 'example_xcom_args' retrieved from /home/airflow/.local/lib/python3.12/site-packages/airflow/example_dags/example_xcomargs.py
[2026-06-18T22:45:03.678+0000] {logging_mixin.py:190} INFO - [2026-06-18T22:45:03.678+0000] {dag.py:3239} INFO - Sync 2 DAGs
[2026-06-18T22:45:03.691+0000] {logging_mixin.py:190} INFO - [2026-06-18T22:45:03.691+0000] {dag.py:4180} INFO - Setting next_dagrun for example_xcom_args to None, run_after=None
[2026-06-18T22:45:03.695+0000] {logging_mixin.py:190} INFO - [2026-06-18T22:45:03.695+0000] {dag.py:4180} INFO - Setting next_dagrun for example_xcom_args_with_operators to None, run_after=None
[2026-06-18T22:45:03.712+0000] {processor.py:208} INFO - Processing /home/airflow/.local/lib/python3.12/site-packages/airflow/example_dags/example_xcomargs.py took 0.073 seconds
[2026-06-18T22:45:34.393+0000] {processor.py:186} INFO - Started process (PID=627) to work on /home/airflow/.local/lib/python3.12/site-packages/airflow/example_dags/example_xcomargs.py
[2026-06-18T22:45:34.395+0000] {processor.py:914} INFO - Processing file /home/airflow/.local/lib/python3.12/site-packages/airflow/example_dags/example_xcomargs.py for tasks to queue
[2026-06-18T22:45:34.398+0000] {logging_mixin.py:190} INFO - [2026-06-18T22:45:34.398+0000] {dagbag.py:588} INFO - Filling up the DagBag from /home/airflow/.local/lib/python3.12/site-packages/airflow/example_dags/example_xcomargs.py
[2026-06-18T22:45:34.410+0000] {processor.py:925} INFO - DAG(s) 'example_xcom_args', 'example_xcom_args_with_operators' retrieved from /home/airflow/.local/lib/python3.12/site-packages/airflow/example_dags/example_xcomargs.py
[2026-06-18T22:45:34.432+0000] {logging_mixin.py:190} INFO - [2026-06-18T22:45:34.432+0000] {dag.py:3239} INFO - Sync 2 DAGs
[2026-06-18T22:45:34.444+0000] {logging_mixin.py:190} INFO - [2026-06-18T22:45:34.444+0000] {dag.py:4180} INFO - Setting next_dagrun for example_xcom_args to None, run_after=None
[2026-06-18T22:45:34.448+0000] {logging_mixin.py:190} INFO - [2026-06-18T22:45:34.448+0000] {dag.py:4180} INFO - Setting next_dagrun for example_xcom_args_with_operators to None, run_after=None
[2026-06-18T22:45:34.464+0000] {processor.py:208} INFO - Processing /home/airflow/.local/lib/python3.12/site-packages/airflow/example_dags/example_xcomargs.py took 0.078 seconds
[2026-06-18T22:46:04.752+0000] {processor.py:186} INFO - Started process (PID=691) to work on /home/airflow/.local/lib/python3.12/site-packages/airflow/example_dags/example_xcomargs.py
[2026-06-18T22:46:04.753+0000] {processor.py:914} INFO - Processing file /home/airflow/.local/lib/python3.12/site-packages/airflow/example_dags/example_xcomargs.py for tasks to queue
[2026-06-18T22:46:04.756+0000] {logging_mixin.py:190} INFO - [2026-06-18T22:46:04.755+0000] {dagbag.py:588} INFO - Filling up the DagBag from /home/airflow/.local/lib/python3.12/site-packages/airflow/example_dags/example_xcomargs.py
[2026-06-18T22:46:04.768+0000] {processor.py:925} INFO - DAG(s) 'example_xcom_args', 'example_xcom_args_with_operators' retrieved from /home/airflow/.local/lib/python3.12/site-packages/airflow/example_dags/example_xcomargs.py
[2026-06-18T22:46:04.798+0000] {logging_mixin.py:190} INFO - [2026-06-18T22:46:04.797+0000] {dag.py:3239} INFO - Sync 2 DAGs
[2026-06-18T22:46:04.813+0000] {logging_mixin.py:190} INFO - [2026-06-18T22:46:04.813+0000] {dag.py:4180} INFO - Setting next_dagrun for example_xcom_args to None, run_after=None
[2026-06-18T22:46:04.818+0000] {logging_mixin.py:190} INFO - [2026-06-18T22:46:04.818+0000] {dag.py:4180} INFO - Setting next_dagrun for example_xcom_args_with_operators to None, run_after=None
[2026-06-18T22:46:04.842+0000] {processor.py:208} INFO - Processing /home/airflow/.local/lib/python3.12/site-packages/airflow/example_dags/example_xcomargs.py took 0.097 seconds
