[2026-06-18T22:41:28.527+0000] {processor.py:186} INFO - Started process (PID=107) to work on /home/airflow/.local/lib/python3.12/site-packages/airflow/example_dags/example_datasets.py
[2026-06-18T22:41:28.529+0000] {processor.py:914} INFO - Processing file /home/airflow/.local/lib/python3.12/site-packages/airflow/example_dags/example_datasets.py for tasks to queue
[2026-06-18T22:41:28.533+0000] {logging_mixin.py:190} INFO - [2026-06-18T22:41:28.532+0000] {dagbag.py:588} INFO - Filling up the DagBag from /home/airflow/.local/lib/python3.12/site-packages/airflow/example_dags/example_datasets.py
[2026-06-18T22:41:28.788+0000] {processor.py:925} INFO - DAG(s) 'conditional_dataset_and_time_based_timetable', 'dataset_produces_2', 'dataset_consumes_1', 'dataset_consumes_1_and_2', 'consume_1_and_2_with_dataset_expressions', 'dataset_consumes_unknown_never_scheduled', 'dataset_consumes_1_never_scheduled', 'dataset_produces_1', 'consume_1_or_both_2_and_3_with_dataset_expressions', 'consume_1_or_2_with_dataset_expressions' retrieved from /home/airflow/.local/lib/python3.12/site-packages/airflow/example_dags/example_datasets.py
[2026-06-18T22:41:28.852+0000] {logging_mixin.py:190} INFO - [2026-06-18T22:41:28.851+0000] {dag.py:3239} INFO - Sync 10 DAGs
[2026-06-18T22:41:28.884+0000] {logging_mixin.py:190} INFO - [2026-06-18T22:41:28.884+0000] {dag.py:4180} INFO - Setting next_dagrun for conditional_dataset_and_time_based_timetable to 2026-06-17 01:00:00+00:00, run_after=2026-06-17 01:00:00+00:00
[2026-06-18T22:41:28.890+0000] {logging_mixin.py:190} INFO - [2026-06-18T22:41:28.889+0000] {dag.py:4180} INFO - Setting next_dagrun for consume_1_and_2_with_dataset_expressions to None, run_after=None
[2026-06-18T22:41:28.893+0000] {logging_mixin.py:190} INFO - [2026-06-18T22:41:28.892+0000] {dag.py:4180} INFO - Setting next_dagrun for consume_1_or_2_with_dataset_expressions to None, run_after=None
[2026-06-18T22:41:28.895+0000] {logging_mixin.py:190} INFO - [2026-06-18T22:41:28.894+0000] {dag.py:4180} INFO - Setting next_dagrun for consume_1_or_both_2_and_3_with_dataset_expressions to None, run_after=None
[2026-06-18T22:41:28.897+0000] {logging_mixin.py:190} INFO - [2026-06-18T22:41:28.897+0000] {dag.py:4180} INFO - Setting next_dagrun for dataset_consumes_1 to None, run_after=None
[2026-06-18T22:41:28.900+0000] {logging_mixin.py:190} INFO - [2026-06-18T22:41:28.899+0000] {dag.py:4180} INFO - Setting next_dagrun for dataset_consumes_1_and_2 to None, run_after=None
[2026-06-18T22:41:28.902+0000] {logging_mixin.py:190} INFO - [2026-06-18T22:41:28.902+0000] {dag.py:4180} INFO - Setting next_dagrun for dataset_consumes_1_never_scheduled to None, run_after=None
[2026-06-18T22:41:28.904+0000] {logging_mixin.py:190} INFO - [2026-06-18T22:41:28.904+0000] {dag.py:4180} INFO - Setting next_dagrun for dataset_consumes_unknown_never_scheduled to None, run_after=None
[2026-06-18T22:41:28.908+0000] {logging_mixin.py:190} INFO - [2026-06-18T22:41:28.907+0000] {dag.py:4180} INFO - Setting next_dagrun for dataset_produces_1 to 2026-06-17 00:00:00+00:00, run_after=2026-06-18 00:00:00+00:00
[2026-06-18T22:41:28.910+0000] {logging_mixin.py:190} INFO - [2026-06-18T22:41:28.910+0000] {dag.py:4180} INFO - Setting next_dagrun for dataset_produces_2 to None, run_after=None
[2026-06-18T22:41:28.959+0000] {processor.py:208} INFO - Processing /home/airflow/.local/lib/python3.12/site-packages/airflow/example_dags/example_datasets.py took 0.440 seconds
[2026-06-18T22:41:59.155+0000] {processor.py:186} INFO - Started process (PID=171) to work on /home/airflow/.local/lib/python3.12/site-packages/airflow/example_dags/example_datasets.py
[2026-06-18T22:41:59.157+0000] {processor.py:914} INFO - Processing file /home/airflow/.local/lib/python3.12/site-packages/airflow/example_dags/example_datasets.py for tasks to queue
[2026-06-18T22:41:59.162+0000] {logging_mixin.py:190} INFO - [2026-06-18T22:41:59.161+0000] {dagbag.py:588} INFO - Filling up the DagBag from /home/airflow/.local/lib/python3.12/site-packages/airflow/example_dags/example_datasets.py
[2026-06-18T22:41:59.378+0000] {processor.py:925} INFO - DAG(s) 'consume_1_and_2_with_dataset_expressions', 'dataset_consumes_1_and_2', 'conditional_dataset_and_time_based_timetable', 'dataset_consumes_unknown_never_scheduled', 'dataset_produces_1', 'dataset_consumes_1', 'dataset_consumes_1_never_scheduled', 'dataset_produces_2', 'consume_1_or_both_2_and_3_with_dataset_expressions', 'consume_1_or_2_with_dataset_expressions' retrieved from /home/airflow/.local/lib/python3.12/site-packages/airflow/example_dags/example_datasets.py
[2026-06-18T22:41:59.452+0000] {logging_mixin.py:190} INFO - [2026-06-18T22:41:59.452+0000] {dag.py:3239} INFO - Sync 10 DAGs
[2026-06-18T22:41:59.488+0000] {logging_mixin.py:190} INFO - [2026-06-18T22:41:59.487+0000] {dag.py:4180} INFO - Setting next_dagrun for conditional_dataset_and_time_based_timetable to 2026-06-17 01:00:00+00:00, run_after=2026-06-17 01:00:00+00:00
[2026-06-18T22:41:59.494+0000] {logging_mixin.py:190} INFO - [2026-06-18T22:41:59.494+0000] {dag.py:4180} INFO - Setting next_dagrun for consume_1_and_2_with_dataset_expressions to None, run_after=None
[2026-06-18T22:41:59.498+0000] {logging_mixin.py:190} INFO - [2026-06-18T22:41:59.497+0000] {dag.py:4180} INFO - Setting next_dagrun for consume_1_or_2_with_dataset_expressions to None, run_after=None
[2026-06-18T22:41:59.501+0000] {logging_mixin.py:190} INFO - [2026-06-18T22:41:59.501+0000] {dag.py:4180} INFO - Setting next_dagrun for consume_1_or_both_2_and_3_with_dataset_expressions to None, run_after=None
[2026-06-18T22:41:59.504+0000] {logging_mixin.py:190} INFO - [2026-06-18T22:41:59.504+0000] {dag.py:4180} INFO - Setting next_dagrun for dataset_consumes_1 to None, run_after=None
[2026-06-18T22:41:59.507+0000] {logging_mixin.py:190} INFO - [2026-06-18T22:41:59.506+0000] {dag.py:4180} INFO - Setting next_dagrun for dataset_consumes_1_and_2 to None, run_after=None
[2026-06-18T22:41:59.510+0000] {logging_mixin.py:190} INFO - [2026-06-18T22:41:59.509+0000] {dag.py:4180} INFO - Setting next_dagrun for dataset_consumes_1_never_scheduled to None, run_after=None
[2026-06-18T22:41:59.513+0000] {logging_mixin.py:190} INFO - [2026-06-18T22:41:59.512+0000] {dag.py:4180} INFO - Setting next_dagrun for dataset_consumes_unknown_never_scheduled to None, run_after=None
[2026-06-18T22:41:59.517+0000] {logging_mixin.py:190} INFO - [2026-06-18T22:41:59.517+0000] {dag.py:4180} INFO - Setting next_dagrun for dataset_produces_1 to 2026-06-17 00:00:00+00:00, run_after=2026-06-18 00:00:00+00:00
[2026-06-18T22:41:59.520+0000] {logging_mixin.py:190} INFO - [2026-06-18T22:41:59.520+0000] {dag.py:4180} INFO - Setting next_dagrun for dataset_produces_2 to None, run_after=None
[2026-06-18T22:41:59.580+0000] {processor.py:208} INFO - Processing /home/airflow/.local/lib/python3.12/site-packages/airflow/example_dags/example_datasets.py took 0.433 seconds
[2026-06-18T22:42:29.623+0000] {processor.py:186} INFO - Started process (PID=235) to work on /home/airflow/.local/lib/python3.12/site-packages/airflow/example_dags/example_datasets.py
[2026-06-18T22:42:29.625+0000] {processor.py:914} INFO - Processing file /home/airflow/.local/lib/python3.12/site-packages/airflow/example_dags/example_datasets.py for tasks to queue
[2026-06-18T22:42:29.629+0000] {logging_mixin.py:190} INFO - [2026-06-18T22:42:29.628+0000] {dagbag.py:588} INFO - Filling up the DagBag from /home/airflow/.local/lib/python3.12/site-packages/airflow/example_dags/example_datasets.py
[2026-06-18T22:42:29.781+0000] {processor.py:925} INFO - DAG(s) 'dataset_consumes_1', 'dataset_produces_1', 'conditional_dataset_and_time_based_timetable', 'consume_1_or_both_2_and_3_with_dataset_expressions', 'dataset_produces_2', 'dataset_consumes_1_never_scheduled', 'consume_1_or_2_with_dataset_expressions', 'consume_1_and_2_with_dataset_expressions', 'dataset_consumes_unknown_never_scheduled', 'dataset_consumes_1_and_2' retrieved from /home/airflow/.local/lib/python3.12/site-packages/airflow/example_dags/example_datasets.py
[2026-06-18T22:42:29.823+0000] {logging_mixin.py:190} INFO - [2026-06-18T22:42:29.823+0000] {dag.py:3239} INFO - Sync 10 DAGs
[2026-06-18T22:42:29.847+0000] {logging_mixin.py:190} INFO - [2026-06-18T22:42:29.847+0000] {dag.py:4180} INFO - Setting next_dagrun for conditional_dataset_and_time_based_timetable to 2026-06-17 01:00:00+00:00, run_after=2026-06-17 01:00:00+00:00
[2026-06-18T22:42:29.850+0000] {logging_mixin.py:190} INFO - [2026-06-18T22:42:29.850+0000] {dag.py:4180} INFO - Setting next_dagrun for consume_1_and_2_with_dataset_expressions to None, run_after=None
[2026-06-18T22:42:29.852+0000] {logging_mixin.py:190} INFO - [2026-06-18T22:42:29.852+0000] {dag.py:4180} INFO - Setting next_dagrun for consume_1_or_2_with_dataset_expressions to None, run_after=None
[2026-06-18T22:42:29.853+0000] {logging_mixin.py:190} INFO - [2026-06-18T22:42:29.853+0000] {dag.py:4180} INFO - Setting next_dagrun for consume_1_or_both_2_and_3_with_dataset_expressions to None, run_after=None
[2026-06-18T22:42:29.855+0000] {logging_mixin.py:190} INFO - [2026-06-18T22:42:29.855+0000] {dag.py:4180} INFO - Setting next_dagrun for dataset_consumes_1 to None, run_after=None
[2026-06-18T22:42:29.856+0000] {logging_mixin.py:190} INFO - [2026-06-18T22:42:29.856+0000] {dag.py:4180} INFO - Setting next_dagrun for dataset_consumes_1_and_2 to None, run_after=None
[2026-06-18T22:42:29.857+0000] {logging_mixin.py:190} INFO - [2026-06-18T22:42:29.857+0000] {dag.py:4180} INFO - Setting next_dagrun for dataset_consumes_1_never_scheduled to None, run_after=None
[2026-06-18T22:42:29.860+0000] {logging_mixin.py:190} INFO - [2026-06-18T22:42:29.859+0000] {dag.py:4180} INFO - Setting next_dagrun for dataset_consumes_unknown_never_scheduled to None, run_after=None
[2026-06-18T22:42:29.862+0000] {logging_mixin.py:190} INFO - [2026-06-18T22:42:29.862+0000] {dag.py:4180} INFO - Setting next_dagrun for dataset_produces_1 to 2026-06-17 00:00:00+00:00, run_after=2026-06-18 00:00:00+00:00
[2026-06-18T22:42:29.865+0000] {logging_mixin.py:190} INFO - [2026-06-18T22:42:29.864+0000] {dag.py:4180} INFO - Setting next_dagrun for dataset_produces_2 to None, run_after=None
[2026-06-18T22:42:29.912+0000] {processor.py:208} INFO - Processing /home/airflow/.local/lib/python3.12/site-packages/airflow/example_dags/example_datasets.py took 0.296 seconds
[2026-06-18T22:43:00.858+0000] {processor.py:186} INFO - Started process (PID=299) to work on /home/airflow/.local/lib/python3.12/site-packages/airflow/example_dags/example_datasets.py
[2026-06-18T22:43:00.860+0000] {processor.py:914} INFO - Processing file /home/airflow/.local/lib/python3.12/site-packages/airflow/example_dags/example_datasets.py for tasks to queue
[2026-06-18T22:43:00.862+0000] {logging_mixin.py:190} INFO - [2026-06-18T22:43:00.862+0000] {dagbag.py:588} INFO - Filling up the DagBag from /home/airflow/.local/lib/python3.12/site-packages/airflow/example_dags/example_datasets.py
[2026-06-18T22:43:00.982+0000] {processor.py:925} INFO - DAG(s) 'dataset_consumes_1_never_scheduled', 'consume_1_or_both_2_and_3_with_dataset_expressions', 'conditional_dataset_and_time_based_timetable', 'dataset_consumes_1', 'dataset_produces_2', 'dataset_consumes_1_and_2', 'dataset_consumes_unknown_never_scheduled', 'dataset_produces_1', 'consume_1_or_2_with_dataset_expressions', 'consume_1_and_2_with_dataset_expressions' retrieved from /home/airflow/.local/lib/python3.12/site-packages/airflow/example_dags/example_datasets.py
[2026-06-18T22:43:01.018+0000] {logging_mixin.py:190} INFO - [2026-06-18T22:43:01.017+0000] {dag.py:3239} INFO - Sync 10 DAGs
[2026-06-18T22:43:01.039+0000] {logging_mixin.py:190} INFO - [2026-06-18T22:43:01.039+0000] {dag.py:4180} INFO - Setting next_dagrun for conditional_dataset_and_time_based_timetable to 2026-06-17 01:00:00+00:00, run_after=2026-06-17 01:00:00+00:00
[2026-06-18T22:43:01.042+0000] {logging_mixin.py:190} INFO - [2026-06-18T22:43:01.042+0000] {dag.py:4180} INFO - Setting next_dagrun for consume_1_and_2_with_dataset_expressions to None, run_after=None
[2026-06-18T22:43:01.044+0000] {logging_mixin.py:190} INFO - [2026-06-18T22:43:01.044+0000] {dag.py:4180} INFO - Setting next_dagrun for consume_1_or_2_with_dataset_expressions to None, run_after=None
[2026-06-18T22:43:01.046+0000] {logging_mixin.py:190} INFO - [2026-06-18T22:43:01.046+0000] {dag.py:4180} INFO - Setting next_dagrun for consume_1_or_both_2_and_3_with_dataset_expressions to None, run_after=None
[2026-06-18T22:43:01.047+0000] {logging_mixin.py:190} INFO - [2026-06-18T22:43:01.047+0000] {dag.py:4180} INFO - Setting next_dagrun for dataset_consumes_1 to None, run_after=None
[2026-06-18T22:43:01.048+0000] {logging_mixin.py:190} INFO - [2026-06-18T22:43:01.048+0000] {dag.py:4180} INFO - Setting next_dagrun for dataset_consumes_1_and_2 to None, run_after=None
[2026-06-18T22:43:01.050+0000] {logging_mixin.py:190} INFO - [2026-06-18T22:43:01.050+0000] {dag.py:4180} INFO - Setting next_dagrun for dataset_consumes_1_never_scheduled to None, run_after=None
[2026-06-18T22:43:01.052+0000] {logging_mixin.py:190} INFO - [2026-06-18T22:43:01.052+0000] {dag.py:4180} INFO - Setting next_dagrun for dataset_consumes_unknown_never_scheduled to None, run_after=None
[2026-06-18T22:43:01.055+0000] {logging_mixin.py:190} INFO - [2026-06-18T22:43:01.055+0000] {dag.py:4180} INFO - Setting next_dagrun for dataset_produces_1 to 2026-06-17 00:00:00+00:00, run_after=2026-06-18 00:00:00+00:00
[2026-06-18T22:43:01.057+0000] {logging_mixin.py:190} INFO - [2026-06-18T22:43:01.057+0000] {dag.py:4180} INFO - Setting next_dagrun for dataset_produces_2 to None, run_after=None
[2026-06-18T22:43:01.094+0000] {processor.py:208} INFO - Processing /home/airflow/.local/lib/python3.12/site-packages/airflow/example_dags/example_datasets.py took 0.241 seconds
[2026-06-18T22:43:31.638+0000] {processor.py:186} INFO - Started process (PID=363) to work on /home/airflow/.local/lib/python3.12/site-packages/airflow/example_dags/example_datasets.py
[2026-06-18T22:43:31.639+0000] {processor.py:914} INFO - Processing file /home/airflow/.local/lib/python3.12/site-packages/airflow/example_dags/example_datasets.py for tasks to queue
[2026-06-18T22:43:31.641+0000] {logging_mixin.py:190} INFO - [2026-06-18T22:43:31.641+0000] {dagbag.py:588} INFO - Filling up the DagBag from /home/airflow/.local/lib/python3.12/site-packages/airflow/example_dags/example_datasets.py
[2026-06-18T22:43:31.765+0000] {processor.py:925} INFO - DAG(s) 'dataset_produces_1', 'consume_1_and_2_with_dataset_expressions', 'dataset_consumes_1_never_scheduled', 'dataset_consumes_1', 'dataset_produces_2', 'conditional_dataset_and_time_based_timetable', 'dataset_consumes_1_and_2', 'consume_1_or_both_2_and_3_with_dataset_expressions', 'consume_1_or_2_with_dataset_expressions', 'dataset_consumes_unknown_never_scheduled' retrieved from /home/airflow/.local/lib/python3.12/site-packages/airflow/example_dags/example_datasets.py
[2026-06-18T22:43:31.809+0000] {logging_mixin.py:190} INFO - [2026-06-18T22:43:31.809+0000] {dag.py:3239} INFO - Sync 10 DAGs
[2026-06-18T22:43:31.833+0000] {logging_mixin.py:190} INFO - [2026-06-18T22:43:31.832+0000] {dag.py:4180} INFO - Setting next_dagrun for conditional_dataset_and_time_based_timetable to 2026-06-17 01:00:00+00:00, run_after=2026-06-17 01:00:00+00:00
[2026-06-18T22:43:31.836+0000] {logging_mixin.py:190} INFO - [2026-06-18T22:43:31.836+0000] {dag.py:4180} INFO - Setting next_dagrun for consume_1_and_2_with_dataset_expressions to None, run_after=None
[2026-06-18T22:43:31.838+0000] {logging_mixin.py:190} INFO - [2026-06-18T22:43:31.838+0000] {dag.py:4180} INFO - Setting next_dagrun for consume_1_or_2_with_dataset_expressions to None, run_after=None
[2026-06-18T22:43:31.839+0000] {logging_mixin.py:190} INFO - [2026-06-18T22:43:31.839+0000] {dag.py:4180} INFO - Setting next_dagrun for consume_1_or_both_2_and_3_with_dataset_expressions to None, run_after=None
[2026-06-18T22:43:31.841+0000] {logging_mixin.py:190} INFO - [2026-06-18T22:43:31.841+0000] {dag.py:4180} INFO - Setting next_dagrun for dataset_consumes_1 to None, run_after=None
[2026-06-18T22:43:31.843+0000] {logging_mixin.py:190} INFO - [2026-06-18T22:43:31.843+0000] {dag.py:4180} INFO - Setting next_dagrun for dataset_consumes_1_and_2 to None, run_after=None
[2026-06-18T22:43:31.845+0000] {logging_mixin.py:190} INFO - [2026-06-18T22:43:31.845+0000] {dag.py:4180} INFO - Setting next_dagrun for dataset_consumes_1_never_scheduled to None, run_after=None
[2026-06-18T22:43:31.847+0000] {logging_mixin.py:190} INFO - [2026-06-18T22:43:31.847+0000] {dag.py:4180} INFO - Setting next_dagrun for dataset_consumes_unknown_never_scheduled to None, run_after=None
[2026-06-18T22:43:31.849+0000] {logging_mixin.py:190} INFO - [2026-06-18T22:43:31.849+0000] {dag.py:4180} INFO - Setting next_dagrun for dataset_produces_1 to 2026-06-17 00:00:00+00:00, run_after=2026-06-18 00:00:00+00:00
[2026-06-18T22:43:31.851+0000] {logging_mixin.py:190} INFO - [2026-06-18T22:43:31.851+0000] {dag.py:4180} INFO - Setting next_dagrun for dataset_produces_2 to None, run_after=None
[2026-06-18T22:43:31.880+0000] {processor.py:208} INFO - Processing /home/airflow/.local/lib/python3.12/site-packages/airflow/example_dags/example_datasets.py took 0.247 seconds
[2026-06-18T22:44:02.339+0000] {processor.py:186} INFO - Started process (PID=427) to work on /home/airflow/.local/lib/python3.12/site-packages/airflow/example_dags/example_datasets.py
[2026-06-18T22:44:02.341+0000] {processor.py:914} INFO - Processing file /home/airflow/.local/lib/python3.12/site-packages/airflow/example_dags/example_datasets.py for tasks to queue
[2026-06-18T22:44:02.343+0000] {logging_mixin.py:190} INFO - [2026-06-18T22:44:02.343+0000] {dagbag.py:588} INFO - Filling up the DagBag from /home/airflow/.local/lib/python3.12/site-packages/airflow/example_dags/example_datasets.py
[2026-06-18T22:44:02.490+0000] {processor.py:925} INFO - DAG(s) 'dataset_consumes_1_never_scheduled', 'consume_1_or_2_with_dataset_expressions', 'dataset_consumes_1_and_2', 'dataset_produces_1', 'dataset_consumes_1', 'consume_1_and_2_with_dataset_expressions', 'dataset_produces_2', 'dataset_consumes_unknown_never_scheduled', 'consume_1_or_both_2_and_3_with_dataset_expressions', 'conditional_dataset_and_time_based_timetable' retrieved from /home/airflow/.local/lib/python3.12/site-packages/airflow/example_dags/example_datasets.py
[2026-06-18T22:44:02.532+0000] {logging_mixin.py:190} INFO - [2026-06-18T22:44:02.532+0000] {dag.py:3239} INFO - Sync 10 DAGs
[2026-06-18T22:44:02.561+0000] {logging_mixin.py:190} INFO - [2026-06-18T22:44:02.561+0000] {dag.py:4180} INFO - Setting next_dagrun for conditional_dataset_and_time_based_timetable to 2026-06-17 01:00:00+00:00, run_after=2026-06-17 01:00:00+00:00
[2026-06-18T22:44:02.565+0000] {logging_mixin.py:190} INFO - [2026-06-18T22:44:02.564+0000] {dag.py:4180} INFO - Setting next_dagrun for consume_1_and_2_with_dataset_expressions to None, run_after=None
[2026-06-18T22:44:02.567+0000] {logging_mixin.py:190} INFO - [2026-06-18T22:44:02.567+0000] {dag.py:4180} INFO - Setting next_dagrun for consume_1_or_2_with_dataset_expressions to None, run_after=None
[2026-06-18T22:44:02.569+0000] {logging_mixin.py:190} INFO - [2026-06-18T22:44:02.569+0000] {dag.py:4180} INFO - Setting next_dagrun for consume_1_or_both_2_and_3_with_dataset_expressions to None, run_after=None
[2026-06-18T22:44:02.571+0000] {logging_mixin.py:190} INFO - [2026-06-18T22:44:02.571+0000] {dag.py:4180} INFO - Setting next_dagrun for dataset_consumes_1 to None, run_after=None
[2026-06-18T22:44:02.572+0000] {logging_mixin.py:190} INFO - [2026-06-18T22:44:02.572+0000] {dag.py:4180} INFO - Setting next_dagrun for dataset_consumes_1_and_2 to None, run_after=None
[2026-06-18T22:44:02.574+0000] {logging_mixin.py:190} INFO - [2026-06-18T22:44:02.574+0000] {dag.py:4180} INFO - Setting next_dagrun for dataset_consumes_1_never_scheduled to None, run_after=None
[2026-06-18T22:44:02.576+0000] {logging_mixin.py:190} INFO - [2026-06-18T22:44:02.576+0000] {dag.py:4180} INFO - Setting next_dagrun for dataset_consumes_unknown_never_scheduled to None, run_after=None
[2026-06-18T22:44:02.579+0000] {logging_mixin.py:190} INFO - [2026-06-18T22:44:02.579+0000] {dag.py:4180} INFO - Setting next_dagrun for dataset_produces_1 to 2026-06-17 00:00:00+00:00, run_after=2026-06-18 00:00:00+00:00
[2026-06-18T22:44:02.581+0000] {logging_mixin.py:190} INFO - [2026-06-18T22:44:02.581+0000] {dag.py:4180} INFO - Setting next_dagrun for dataset_produces_2 to None, run_after=None
[2026-06-18T22:44:02.617+0000] {processor.py:208} INFO - Processing /home/airflow/.local/lib/python3.12/site-packages/airflow/example_dags/example_datasets.py took 0.282 seconds
[2026-06-18T22:44:32.802+0000] {processor.py:186} INFO - Started process (PID=493) to work on /home/airflow/.local/lib/python3.12/site-packages/airflow/example_dags/example_datasets.py
[2026-06-18T22:44:32.803+0000] {processor.py:914} INFO - Processing file /home/airflow/.local/lib/python3.12/site-packages/airflow/example_dags/example_datasets.py for tasks to queue
[2026-06-18T22:44:32.806+0000] {logging_mixin.py:190} INFO - [2026-06-18T22:44:32.806+0000] {dagbag.py:588} INFO - Filling up the DagBag from /home/airflow/.local/lib/python3.12/site-packages/airflow/example_dags/example_datasets.py
[2026-06-18T22:44:32.943+0000] {processor.py:925} INFO - DAG(s) 'consume_1_or_both_2_and_3_with_dataset_expressions', 'dataset_consumes_1_and_2', 'dataset_produces_2', 'dataset_consumes_1', 'dataset_produces_1', 'consume_1_and_2_with_dataset_expressions', 'conditional_dataset_and_time_based_timetable', 'consume_1_or_2_with_dataset_expressions', 'dataset_consumes_1_never_scheduled', 'dataset_consumes_unknown_never_scheduled' retrieved from /home/airflow/.local/lib/python3.12/site-packages/airflow/example_dags/example_datasets.py
[2026-06-18T22:44:33.018+0000] {logging_mixin.py:190} INFO - [2026-06-18T22:44:33.017+0000] {dag.py:3239} INFO - Sync 10 DAGs
[2026-06-18T22:44:33.056+0000] {logging_mixin.py:190} INFO - [2026-06-18T22:44:33.056+0000] {dag.py:4180} INFO - Setting next_dagrun for conditional_dataset_and_time_based_timetable to 2026-06-17 01:00:00+00:00, run_after=2026-06-17 01:00:00+00:00
[2026-06-18T22:44:33.062+0000] {logging_mixin.py:190} INFO - [2026-06-18T22:44:33.062+0000] {dag.py:4180} INFO - Setting next_dagrun for consume_1_and_2_with_dataset_expressions to None, run_after=None
[2026-06-18T22:44:33.066+0000] {logging_mixin.py:190} INFO - [2026-06-18T22:44:33.065+0000] {dag.py:4180} INFO - Setting next_dagrun for consume_1_or_2_with_dataset_expressions to None, run_after=None
[2026-06-18T22:44:33.070+0000] {logging_mixin.py:190} INFO - [2026-06-18T22:44:33.069+0000] {dag.py:4180} INFO - Setting next_dagrun for consume_1_or_both_2_and_3_with_dataset_expressions to None, run_after=None
[2026-06-18T22:44:33.072+0000] {logging_mixin.py:190} INFO - [2026-06-18T22:44:33.072+0000] {dag.py:4180} INFO - Setting next_dagrun for dataset_consumes_1 to None, run_after=None
[2026-06-18T22:44:33.075+0000] {logging_mixin.py:190} INFO - [2026-06-18T22:44:33.075+0000] {dag.py:4180} INFO - Setting next_dagrun for dataset_consumes_1_and_2 to None, run_after=None
[2026-06-18T22:44:33.077+0000] {logging_mixin.py:190} INFO - [2026-06-18T22:44:33.077+0000] {dag.py:4180} INFO - Setting next_dagrun for dataset_consumes_1_never_scheduled to None, run_after=None
[2026-06-18T22:44:33.081+0000] {logging_mixin.py:190} INFO - [2026-06-18T22:44:33.080+0000] {dag.py:4180} INFO - Setting next_dagrun for dataset_consumes_unknown_never_scheduled to None, run_after=None
[2026-06-18T22:44:33.086+0000] {logging_mixin.py:190} INFO - [2026-06-18T22:44:33.086+0000] {dag.py:4180} INFO - Setting next_dagrun for dataset_produces_1 to 2026-06-17 00:00:00+00:00, run_after=2026-06-18 00:00:00+00:00
[2026-06-18T22:44:33.090+0000] {logging_mixin.py:190} INFO - [2026-06-18T22:44:33.089+0000] {dag.py:4180} INFO - Setting next_dagrun for dataset_produces_2 to None, run_after=None
[2026-06-18T22:44:33.147+0000] {processor.py:208} INFO - Processing /home/airflow/.local/lib/python3.12/site-packages/airflow/example_dags/example_datasets.py took 0.350 seconds
[2026-06-18T22:45:03.342+0000] {processor.py:186} INFO - Started process (PID=557) to work on /home/airflow/.local/lib/python3.12/site-packages/airflow/example_dags/example_datasets.py
[2026-06-18T22:45:03.343+0000] {processor.py:914} INFO - Processing file /home/airflow/.local/lib/python3.12/site-packages/airflow/example_dags/example_datasets.py for tasks to queue
[2026-06-18T22:45:03.346+0000] {logging_mixin.py:190} INFO - [2026-06-18T22:45:03.346+0000] {dagbag.py:588} INFO - Filling up the DagBag from /home/airflow/.local/lib/python3.12/site-packages/airflow/example_dags/example_datasets.py
[2026-06-18T22:45:03.472+0000] {processor.py:925} INFO - DAG(s) 'dataset_consumes_1_and_2', 'dataset_produces_2', 'dataset_consumes_1_never_scheduled', 'consume_1_or_2_with_dataset_expressions', 'consume_1_or_both_2_and_3_with_dataset_expressions', 'conditional_dataset_and_time_based_timetable', 'consume_1_and_2_with_dataset_expressions', 'dataset_consumes_unknown_never_scheduled', 'dataset_produces_1', 'dataset_consumes_1' retrieved from /home/airflow/.local/lib/python3.12/site-packages/airflow/example_dags/example_datasets.py
[2026-06-18T22:45:03.521+0000] {logging_mixin.py:190} INFO - [2026-06-18T22:45:03.520+0000] {dag.py:3239} INFO - Sync 10 DAGs
[2026-06-18T22:45:03.551+0000] {logging_mixin.py:190} INFO - [2026-06-18T22:45:03.550+0000] {dag.py:4180} INFO - Setting next_dagrun for conditional_dataset_and_time_based_timetable to 2026-06-17 01:00:00+00:00, run_after=2026-06-17 01:00:00+00:00
[2026-06-18T22:45:03.555+0000] {logging_mixin.py:190} INFO - [2026-06-18T22:45:03.554+0000] {dag.py:4180} INFO - Setting next_dagrun for consume_1_and_2_with_dataset_expressions to None, run_after=None
[2026-06-18T22:45:03.557+0000] {logging_mixin.py:190} INFO - [2026-06-18T22:45:03.557+0000] {dag.py:4180} INFO - Setting next_dagrun for consume_1_or_2_with_dataset_expressions to None, run_after=None
[2026-06-18T22:45:03.560+0000] {logging_mixin.py:190} INFO - [2026-06-18T22:45:03.559+0000] {dag.py:4180} INFO - Setting next_dagrun for consume_1_or_both_2_and_3_with_dataset_expressions to None, run_after=None
[2026-06-18T22:45:03.562+0000] {logging_mixin.py:190} INFO - [2026-06-18T22:45:03.562+0000] {dag.py:4180} INFO - Setting next_dagrun for dataset_consumes_1 to None, run_after=None
[2026-06-18T22:45:03.564+0000] {logging_mixin.py:190} INFO - [2026-06-18T22:45:03.564+0000] {dag.py:4180} INFO - Setting next_dagrun for dataset_consumes_1_and_2 to None, run_after=None
[2026-06-18T22:45:03.567+0000] {logging_mixin.py:190} INFO - [2026-06-18T22:45:03.566+0000] {dag.py:4180} INFO - Setting next_dagrun for dataset_consumes_1_never_scheduled to None, run_after=None
[2026-06-18T22:45:03.569+0000] {logging_mixin.py:190} INFO - [2026-06-18T22:45:03.568+0000] {dag.py:4180} INFO - Setting next_dagrun for dataset_consumes_unknown_never_scheduled to None, run_after=None
[2026-06-18T22:45:03.571+0000] {logging_mixin.py:190} INFO - [2026-06-18T22:45:03.571+0000] {dag.py:4180} INFO - Setting next_dagrun for dataset_produces_1 to 2026-06-17 00:00:00+00:00, run_after=2026-06-18 00:00:00+00:00
[2026-06-18T22:45:03.573+0000] {logging_mixin.py:190} INFO - [2026-06-18T22:45:03.573+0000] {dag.py:4180} INFO - Setting next_dagrun for dataset_produces_2 to None, run_after=None
[2026-06-18T22:45:03.612+0000] {processor.py:208} INFO - Processing /home/airflow/.local/lib/python3.12/site-packages/airflow/example_dags/example_datasets.py took 0.276 seconds
[2026-06-18T22:45:34.103+0000] {processor.py:186} INFO - Started process (PID=624) to work on /home/airflow/.local/lib/python3.12/site-packages/airflow/example_dags/example_datasets.py
[2026-06-18T22:45:34.107+0000] {processor.py:914} INFO - Processing file /home/airflow/.local/lib/python3.12/site-packages/airflow/example_dags/example_datasets.py for tasks to queue
[2026-06-18T22:45:34.110+0000] {logging_mixin.py:190} INFO - [2026-06-18T22:45:34.110+0000] {dagbag.py:588} INFO - Filling up the DagBag from /home/airflow/.local/lib/python3.12/site-packages/airflow/example_dags/example_datasets.py
[2026-06-18T22:45:34.244+0000] {processor.py:925} INFO - DAG(s) 'dataset_produces_1', 'consume_1_and_2_with_dataset_expressions', 'dataset_consumes_1', 'dataset_consumes_1_and_2', 'dataset_produces_2', 'consume_1_or_both_2_and_3_with_dataset_expressions', 'dataset_consumes_1_never_scheduled', 'conditional_dataset_and_time_based_timetable', 'dataset_consumes_unknown_never_scheduled', 'consume_1_or_2_with_dataset_expressions' retrieved from /home/airflow/.local/lib/python3.12/site-packages/airflow/example_dags/example_datasets.py
[2026-06-18T22:45:34.282+0000] {logging_mixin.py:190} INFO - [2026-06-18T22:45:34.282+0000] {dag.py:3239} INFO - Sync 10 DAGs
[2026-06-18T22:45:34.303+0000] {logging_mixin.py:190} INFO - [2026-06-18T22:45:34.303+0000] {dag.py:4180} INFO - Setting next_dagrun for conditional_dataset_and_time_based_timetable to 2026-06-17 01:00:00+00:00, run_after=2026-06-17 01:00:00+00:00
[2026-06-18T22:45:34.307+0000] {logging_mixin.py:190} INFO - [2026-06-18T22:45:34.306+0000] {dag.py:4180} INFO - Setting next_dagrun for consume_1_and_2_with_dataset_expressions to None, run_after=None
[2026-06-18T22:45:34.308+0000] {logging_mixin.py:190} INFO - [2026-06-18T22:45:34.308+0000] {dag.py:4180} INFO - Setting next_dagrun for consume_1_or_2_with_dataset_expressions to None, run_after=None
[2026-06-18T22:45:34.310+0000] {logging_mixin.py:190} INFO - [2026-06-18T22:45:34.310+0000] {dag.py:4180} INFO - Setting next_dagrun for consume_1_or_both_2_and_3_with_dataset_expressions to None, run_after=None
[2026-06-18T22:45:34.311+0000] {logging_mixin.py:190} INFO - [2026-06-18T22:45:34.311+0000] {dag.py:4180} INFO - Setting next_dagrun for dataset_consumes_1 to None, run_after=None
[2026-06-18T22:45:34.313+0000] {logging_mixin.py:190} INFO - [2026-06-18T22:45:34.312+0000] {dag.py:4180} INFO - Setting next_dagrun for dataset_consumes_1_and_2 to None, run_after=None
[2026-06-18T22:45:34.314+0000] {logging_mixin.py:190} INFO - [2026-06-18T22:45:34.314+0000] {dag.py:4180} INFO - Setting next_dagrun for dataset_consumes_1_never_scheduled to None, run_after=None
[2026-06-18T22:45:34.315+0000] {logging_mixin.py:190} INFO - [2026-06-18T22:45:34.315+0000] {dag.py:4180} INFO - Setting next_dagrun for dataset_consumes_unknown_never_scheduled to None, run_after=None
[2026-06-18T22:45:34.317+0000] {logging_mixin.py:190} INFO - [2026-06-18T22:45:34.316+0000] {dag.py:4180} INFO - Setting next_dagrun for dataset_produces_1 to 2026-06-17 00:00:00+00:00, run_after=2026-06-18 00:00:00+00:00
[2026-06-18T22:45:34.318+0000] {logging_mixin.py:190} INFO - [2026-06-18T22:45:34.318+0000] {dag.py:4180} INFO - Setting next_dagrun for dataset_produces_2 to None, run_after=None
[2026-06-18T22:45:34.348+0000] {processor.py:208} INFO - Processing /home/airflow/.local/lib/python3.12/site-packages/airflow/example_dags/example_datasets.py took 0.249 seconds
[2026-06-18T22:46:04.478+0000] {processor.py:186} INFO - Started process (PID=689) to work on /home/airflow/.local/lib/python3.12/site-packages/airflow/example_dags/example_datasets.py
[2026-06-18T22:46:04.480+0000] {processor.py:914} INFO - Processing file /home/airflow/.local/lib/python3.12/site-packages/airflow/example_dags/example_datasets.py for tasks to queue
[2026-06-18T22:46:04.483+0000] {logging_mixin.py:190} INFO - [2026-06-18T22:46:04.482+0000] {dagbag.py:588} INFO - Filling up the DagBag from /home/airflow/.local/lib/python3.12/site-packages/airflow/example_dags/example_datasets.py
[2026-06-18T22:46:04.637+0000] {processor.py:925} INFO - DAG(s) 'dataset_consumes_1_and_2', 'dataset_consumes_1', 'consume_1_or_2_with_dataset_expressions', 'consume_1_or_both_2_and_3_with_dataset_expressions', 'dataset_produces_2', 'dataset_consumes_1_never_scheduled', 'dataset_consumes_unknown_never_scheduled', 'dataset_produces_1', 'conditional_dataset_and_time_based_timetable', 'consume_1_and_2_with_dataset_expressions' retrieved from /home/airflow/.local/lib/python3.12/site-packages/airflow/example_dags/example_datasets.py
[2026-06-18T22:46:04.676+0000] {logging_mixin.py:190} INFO - [2026-06-18T22:46:04.675+0000] {dag.py:3239} INFO - Sync 10 DAGs
[2026-06-18T22:46:04.702+0000] {logging_mixin.py:190} INFO - [2026-06-18T22:46:04.702+0000] {dag.py:4180} INFO - Setting next_dagrun for conditional_dataset_and_time_based_timetable to 2026-06-17 01:00:00+00:00, run_after=2026-06-17 01:00:00+00:00
[2026-06-18T22:46:04.705+0000] {logging_mixin.py:190} INFO - [2026-06-18T22:46:04.705+0000] {dag.py:4180} INFO - Setting next_dagrun for consume_1_and_2_with_dataset_expressions to None, run_after=None
[2026-06-18T22:46:04.708+0000] {logging_mixin.py:190} INFO - [2026-06-18T22:46:04.707+0000] {dag.py:4180} INFO - Setting next_dagrun for consume_1_or_2_with_dataset_expressions to None, run_after=None
[2026-06-18T22:46:04.710+0000] {logging_mixin.py:190} INFO - [2026-06-18T22:46:04.710+0000] {dag.py:4180} INFO - Setting next_dagrun for consume_1_or_both_2_and_3_with_dataset_expressions to None, run_after=None
[2026-06-18T22:46:04.712+0000] {logging_mixin.py:190} INFO - [2026-06-18T22:46:04.712+0000] {dag.py:4180} INFO - Setting next_dagrun for dataset_consumes_1 to None, run_after=None
[2026-06-18T22:46:04.714+0000] {logging_mixin.py:190} INFO - [2026-06-18T22:46:04.714+0000] {dag.py:4180} INFO - Setting next_dagrun for dataset_consumes_1_and_2 to None, run_after=None
[2026-06-18T22:46:04.716+0000] {logging_mixin.py:190} INFO - [2026-06-18T22:46:04.716+0000] {dag.py:4180} INFO - Setting next_dagrun for dataset_consumes_1_never_scheduled to None, run_after=None
[2026-06-18T22:46:04.717+0000] {logging_mixin.py:190} INFO - [2026-06-18T22:46:04.717+0000] {dag.py:4180} INFO - Setting next_dagrun for dataset_consumes_unknown_never_scheduled to None, run_after=None
[2026-06-18T22:46:04.720+0000] {logging_mixin.py:190} INFO - [2026-06-18T22:46:04.720+0000] {dag.py:4180} INFO - Setting next_dagrun for dataset_produces_1 to 2026-06-17 00:00:00+00:00, run_after=2026-06-18 00:00:00+00:00
[2026-06-18T22:46:04.722+0000] {logging_mixin.py:190} INFO - [2026-06-18T22:46:04.722+0000] {dag.py:4180} INFO - Setting next_dagrun for dataset_produces_2 to None, run_after=None
[2026-06-18T22:46:04.764+0000] {processor.py:208} INFO - Processing /home/airflow/.local/lib/python3.12/site-packages/airflow/example_dags/example_datasets.py took 0.291 seconds
