[2026-06-18T22:41:22.269+0000] {processor.py:186} INFO - Started process (PID=74) to work on /home/airflow/.local/lib/python3.12/site-packages/airflow/example_dags/example_branch_datetime_operator.py
[2026-06-18T22:41:22.275+0000] {processor.py:914} INFO - Processing file /home/airflow/.local/lib/python3.12/site-packages/airflow/example_dags/example_branch_datetime_operator.py for tasks to queue
[2026-06-18T22:41:22.286+0000] {logging_mixin.py:190} INFO - [2026-06-18T22:41:22.285+0000] {dagbag.py:588} INFO - Filling up the DagBag from /home/airflow/.local/lib/python3.12/site-packages/airflow/example_dags/example_branch_datetime_operator.py
[2026-06-18T22:41:22.332+0000] {processor.py:925} INFO - DAG(s) 'example_branch_datetime_operator', 'example_branch_datetime_operator_2', 'example_branch_datetime_operator_3' retrieved from /home/airflow/.local/lib/python3.12/site-packages/airflow/example_dags/example_branch_datetime_operator.py
[2026-06-18T22:41:22.440+0000] {logging_mixin.py:190} INFO - [2026-06-18T22:41:22.439+0000] {dag.py:3239} INFO - Sync 3 DAGs
[2026-06-18T22:41:22.544+0000] {logging_mixin.py:190} INFO - [2026-06-18T22:41:22.541+0000] {dag.py:4180} INFO - Setting next_dagrun for example_branch_datetime_operator to 2026-06-17 00:00:00+00:00, run_after=2026-06-18 00:00:00+00:00
[2026-06-18T22:41:22.562+0000] {logging_mixin.py:190} INFO - [2026-06-18T22:41:22.561+0000] {dag.py:4180} INFO - Setting next_dagrun for example_branch_datetime_operator_2 to 2026-06-17 00:00:00+00:00, run_after=2026-06-18 00:00:00+00:00
[2026-06-18T22:41:22.570+0000] {logging_mixin.py:190} INFO - [2026-06-18T22:41:22.570+0000] {dag.py:4180} INFO - Setting next_dagrun for example_branch_datetime_operator_3 to 2026-06-17 00:00:00+00:00, run_after=2026-06-18 00:00:00+00:00
[2026-06-18T22:41:22.626+0000] {processor.py:208} INFO - Processing /home/airflow/.local/lib/python3.12/site-packages/airflow/example_dags/example_branch_datetime_operator.py took 0.396 seconds
[2026-06-18T22:41:52.685+0000] {processor.py:186} INFO - Started process (PID=138) to work on /home/airflow/.local/lib/python3.12/site-packages/airflow/example_dags/example_branch_datetime_operator.py
[2026-06-18T22:41:52.740+0000] {processor.py:914} INFO - Processing file /home/airflow/.local/lib/python3.12/site-packages/airflow/example_dags/example_branch_datetime_operator.py for tasks to queue
[2026-06-18T22:41:52.745+0000] {logging_mixin.py:190} INFO - [2026-06-18T22:41:52.744+0000] {dagbag.py:588} INFO - Filling up the DagBag from /home/airflow/.local/lib/python3.12/site-packages/airflow/example_dags/example_branch_datetime_operator.py
[2026-06-18T22:41:52.756+0000] {processor.py:925} INFO - DAG(s) 'example_branch_datetime_operator', 'example_branch_datetime_operator_2', 'example_branch_datetime_operator_3' retrieved from /home/airflow/.local/lib/python3.12/site-packages/airflow/example_dags/example_branch_datetime_operator.py
[2026-06-18T22:41:52.780+0000] {logging_mixin.py:190} INFO - [2026-06-18T22:41:52.780+0000] {dag.py:3239} INFO - Sync 3 DAGs
[2026-06-18T22:41:52.804+0000] {logging_mixin.py:190} INFO - [2026-06-18T22:41:52.804+0000] {dag.py:4180} INFO - Setting next_dagrun for example_branch_datetime_operator to 2026-06-17 00:00:00+00:00, run_after=2026-06-18 00:00:00+00:00
[2026-06-18T22:41:52.810+0000] {logging_mixin.py:190} INFO - [2026-06-18T22:41:52.810+0000] {dag.py:4180} INFO - Setting next_dagrun for example_branch_datetime_operator_2 to 2026-06-17 00:00:00+00:00, run_after=2026-06-18 00:00:00+00:00
[2026-06-18T22:41:52.814+0000] {logging_mixin.py:190} INFO - [2026-06-18T22:41:52.814+0000] {dag.py:4180} INFO - Setting next_dagrun for example_branch_datetime_operator_3 to 2026-06-17 00:00:00+00:00, run_after=2026-06-18 00:00:00+00:00
[2026-06-18T22:41:52.944+0000] {processor.py:208} INFO - Processing /home/airflow/.local/lib/python3.12/site-packages/airflow/example_dags/example_branch_datetime_operator.py took 0.264 seconds
[2026-06-18T22:42:23.140+0000] {processor.py:186} INFO - Started process (PID=202) to work on /home/airflow/.local/lib/python3.12/site-packages/airflow/example_dags/example_branch_datetime_operator.py
[2026-06-18T22:42:23.142+0000] {processor.py:914} INFO - Processing file /home/airflow/.local/lib/python3.12/site-packages/airflow/example_dags/example_branch_datetime_operator.py for tasks to queue
[2026-06-18T22:42:23.148+0000] {logging_mixin.py:190} INFO - [2026-06-18T22:42:23.147+0000] {dagbag.py:588} INFO - Filling up the DagBag from /home/airflow/.local/lib/python3.12/site-packages/airflow/example_dags/example_branch_datetime_operator.py
[2026-06-18T22:42:23.167+0000] {processor.py:925} INFO - DAG(s) 'example_branch_datetime_operator_3', 'example_branch_datetime_operator', 'example_branch_datetime_operator_2' retrieved from /home/airflow/.local/lib/python3.12/site-packages/airflow/example_dags/example_branch_datetime_operator.py
[2026-06-18T22:42:23.201+0000] {logging_mixin.py:190} INFO - [2026-06-18T22:42:23.201+0000] {dag.py:3239} INFO - Sync 3 DAGs
[2026-06-18T22:42:23.233+0000] {logging_mixin.py:190} INFO - [2026-06-18T22:42:23.233+0000] {dag.py:4180} INFO - Setting next_dagrun for example_branch_datetime_operator to 2026-06-17 00:00:00+00:00, run_after=2026-06-18 00:00:00+00:00
[2026-06-18T22:42:23.240+0000] {logging_mixin.py:190} INFO - [2026-06-18T22:42:23.240+0000] {dag.py:4180} INFO - Setting next_dagrun for example_branch_datetime_operator_2 to 2026-06-17 00:00:00+00:00, run_after=2026-06-18 00:00:00+00:00
[2026-06-18T22:42:23.244+0000] {logging_mixin.py:190} INFO - [2026-06-18T22:42:23.243+0000] {dag.py:4180} INFO - Setting next_dagrun for example_branch_datetime_operator_3 to 2026-06-17 00:00:00+00:00, run_after=2026-06-18 00:00:00+00:00
[2026-06-18T22:42:23.267+0000] {processor.py:208} INFO - Processing /home/airflow/.local/lib/python3.12/site-packages/airflow/example_dags/example_branch_datetime_operator.py took 0.135 seconds
[2026-06-18T22:42:53.403+0000] {processor.py:186} INFO - Started process (PID=266) to work on /home/airflow/.local/lib/python3.12/site-packages/airflow/example_dags/example_branch_datetime_operator.py
[2026-06-18T22:42:53.404+0000] {processor.py:914} INFO - Processing file /home/airflow/.local/lib/python3.12/site-packages/airflow/example_dags/example_branch_datetime_operator.py for tasks to queue
[2026-06-18T22:42:53.406+0000] {logging_mixin.py:190} INFO - [2026-06-18T22:42:53.406+0000] {dagbag.py:588} INFO - Filling up the DagBag from /home/airflow/.local/lib/python3.12/site-packages/airflow/example_dags/example_branch_datetime_operator.py
[2026-06-18T22:42:53.417+0000] {processor.py:925} INFO - DAG(s) 'example_branch_datetime_operator', 'example_branch_datetime_operator_3', 'example_branch_datetime_operator_2' retrieved from /home/airflow/.local/lib/python3.12/site-packages/airflow/example_dags/example_branch_datetime_operator.py
[2026-06-18T22:42:53.439+0000] {logging_mixin.py:190} INFO - [2026-06-18T22:42:53.439+0000] {dag.py:3239} INFO - Sync 3 DAGs
[2026-06-18T22:42:53.458+0000] {logging_mixin.py:190} INFO - [2026-06-18T22:42:53.458+0000] {dag.py:4180} INFO - Setting next_dagrun for example_branch_datetime_operator to 2026-06-17 00:00:00+00:00, run_after=2026-06-18 00:00:00+00:00
[2026-06-18T22:42:53.462+0000] {logging_mixin.py:190} INFO - [2026-06-18T22:42:53.462+0000] {dag.py:4180} INFO - Setting next_dagrun for example_branch_datetime_operator_2 to 2026-06-17 00:00:00+00:00, run_after=2026-06-18 00:00:00+00:00
[2026-06-18T22:42:53.464+0000] {logging_mixin.py:190} INFO - [2026-06-18T22:42:53.464+0000] {dag.py:4180} INFO - Setting next_dagrun for example_branch_datetime_operator_3 to 2026-06-17 00:00:00+00:00, run_after=2026-06-18 00:00:00+00:00
[2026-06-18T22:42:53.482+0000] {processor.py:208} INFO - Processing /home/airflow/.local/lib/python3.12/site-packages/airflow/example_dags/example_branch_datetime_operator.py took 0.083 seconds
[2026-06-18T22:43:23.547+0000] {processor.py:186} INFO - Started process (PID=330) to work on /home/airflow/.local/lib/python3.12/site-packages/airflow/example_dags/example_branch_datetime_operator.py
[2026-06-18T22:43:23.548+0000] {processor.py:914} INFO - Processing file /home/airflow/.local/lib/python3.12/site-packages/airflow/example_dags/example_branch_datetime_operator.py for tasks to queue
[2026-06-18T22:43:23.551+0000] {logging_mixin.py:190} INFO - [2026-06-18T22:43:23.550+0000] {dagbag.py:588} INFO - Filling up the DagBag from /home/airflow/.local/lib/python3.12/site-packages/airflow/example_dags/example_branch_datetime_operator.py
[2026-06-18T22:43:23.560+0000] {processor.py:925} INFO - DAG(s) 'example_branch_datetime_operator', 'example_branch_datetime_operator_3', 'example_branch_datetime_operator_2' retrieved from /home/airflow/.local/lib/python3.12/site-packages/airflow/example_dags/example_branch_datetime_operator.py
[2026-06-18T22:43:23.582+0000] {logging_mixin.py:190} INFO - [2026-06-18T22:43:23.582+0000] {dag.py:3239} INFO - Sync 3 DAGs
[2026-06-18T22:43:23.601+0000] {logging_mixin.py:190} INFO - [2026-06-18T22:43:23.600+0000] {dag.py:4180} INFO - Setting next_dagrun for example_branch_datetime_operator to 2026-06-17 00:00:00+00:00, run_after=2026-06-18 00:00:00+00:00
[2026-06-18T22:43:23.604+0000] {logging_mixin.py:190} INFO - [2026-06-18T22:43:23.604+0000] {dag.py:4180} INFO - Setting next_dagrun for example_branch_datetime_operator_2 to 2026-06-17 00:00:00+00:00, run_after=2026-06-18 00:00:00+00:00
[2026-06-18T22:43:23.608+0000] {logging_mixin.py:190} INFO - [2026-06-18T22:43:23.608+0000] {dag.py:4180} INFO - Setting next_dagrun for example_branch_datetime_operator_3 to 2026-06-17 00:00:00+00:00, run_after=2026-06-18 00:00:00+00:00
[2026-06-18T22:43:23.625+0000] {processor.py:208} INFO - Processing /home/airflow/.local/lib/python3.12/site-packages/airflow/example_dags/example_branch_datetime_operator.py took 0.082 seconds
[2026-06-18T22:43:53.819+0000] {processor.py:186} INFO - Started process (PID=394) to work on /home/airflow/.local/lib/python3.12/site-packages/airflow/example_dags/example_branch_datetime_operator.py
[2026-06-18T22:43:53.820+0000] {processor.py:914} INFO - Processing file /home/airflow/.local/lib/python3.12/site-packages/airflow/example_dags/example_branch_datetime_operator.py for tasks to queue
[2026-06-18T22:43:53.822+0000] {logging_mixin.py:190} INFO - [2026-06-18T22:43:53.822+0000] {dagbag.py:588} INFO - Filling up the DagBag from /home/airflow/.local/lib/python3.12/site-packages/airflow/example_dags/example_branch_datetime_operator.py
[2026-06-18T22:43:53.832+0000] {processor.py:925} INFO - DAG(s) 'example_branch_datetime_operator_2', 'example_branch_datetime_operator_3', 'example_branch_datetime_operator' retrieved from /home/airflow/.local/lib/python3.12/site-packages/airflow/example_dags/example_branch_datetime_operator.py
[2026-06-18T22:43:53.856+0000] {logging_mixin.py:190} INFO - [2026-06-18T22:43:53.856+0000] {dag.py:3239} INFO - Sync 3 DAGs
[2026-06-18T22:43:53.875+0000] {logging_mixin.py:190} INFO - [2026-06-18T22:43:53.875+0000] {dag.py:4180} INFO - Setting next_dagrun for example_branch_datetime_operator to 2026-06-17 00:00:00+00:00, run_after=2026-06-18 00:00:00+00:00
[2026-06-18T22:43:53.879+0000] {logging_mixin.py:190} INFO - [2026-06-18T22:43:53.879+0000] {dag.py:4180} INFO - Setting next_dagrun for example_branch_datetime_operator_2 to 2026-06-17 00:00:00+00:00, run_after=2026-06-18 00:00:00+00:00
[2026-06-18T22:43:53.882+0000] {logging_mixin.py:190} INFO - [2026-06-18T22:43:53.882+0000] {dag.py:4180} INFO - Setting next_dagrun for example_branch_datetime_operator_3 to 2026-06-17 00:00:00+00:00, run_after=2026-06-18 00:00:00+00:00
[2026-06-18T22:43:53.900+0000] {processor.py:208} INFO - Processing /home/airflow/.local/lib/python3.12/site-packages/airflow/example_dags/example_branch_datetime_operator.py took 0.086 seconds
[2026-06-18T22:44:24.370+0000] {processor.py:186} INFO - Started process (PID=458) to work on /home/airflow/.local/lib/python3.12/site-packages/airflow/example_dags/example_branch_datetime_operator.py
[2026-06-18T22:44:24.372+0000] {processor.py:914} INFO - Processing file /home/airflow/.local/lib/python3.12/site-packages/airflow/example_dags/example_branch_datetime_operator.py for tasks to queue
[2026-06-18T22:44:24.374+0000] {logging_mixin.py:190} INFO - [2026-06-18T22:44:24.374+0000] {dagbag.py:588} INFO - Filling up the DagBag from /home/airflow/.local/lib/python3.12/site-packages/airflow/example_dags/example_branch_datetime_operator.py
[2026-06-18T22:44:24.385+0000] {processor.py:925} INFO - DAG(s) 'example_branch_datetime_operator_2', 'example_branch_datetime_operator_3', 'example_branch_datetime_operator' retrieved from /home/airflow/.local/lib/python3.12/site-packages/airflow/example_dags/example_branch_datetime_operator.py
[2026-06-18T22:44:24.415+0000] {logging_mixin.py:190} INFO - [2026-06-18T22:44:24.415+0000] {dag.py:3239} INFO - Sync 3 DAGs
[2026-06-18T22:44:24.444+0000] {logging_mixin.py:190} INFO - [2026-06-18T22:44:24.444+0000] {dag.py:4180} INFO - Setting next_dagrun for example_branch_datetime_operator to 2026-06-17 00:00:00+00:00, run_after=2026-06-18 00:00:00+00:00
[2026-06-18T22:44:24.450+0000] {logging_mixin.py:190} INFO - [2026-06-18T22:44:24.450+0000] {dag.py:4180} INFO - Setting next_dagrun for example_branch_datetime_operator_2 to 2026-06-17 00:00:00+00:00, run_after=2026-06-18 00:00:00+00:00
[2026-06-18T22:44:24.452+0000] {logging_mixin.py:190} INFO - [2026-06-18T22:44:24.452+0000] {dag.py:4180} INFO - Setting next_dagrun for example_branch_datetime_operator_3 to 2026-06-17 00:00:00+00:00, run_after=2026-06-18 00:00:00+00:00
[2026-06-18T22:44:24.475+0000] {processor.py:208} INFO - Processing /home/airflow/.local/lib/python3.12/site-packages/airflow/example_dags/example_branch_datetime_operator.py took 0.109 seconds
[2026-06-18T22:44:54.925+0000] {processor.py:186} INFO - Started process (PID=522) to work on /home/airflow/.local/lib/python3.12/site-packages/airflow/example_dags/example_branch_datetime_operator.py
[2026-06-18T22:44:54.926+0000] {processor.py:914} INFO - Processing file /home/airflow/.local/lib/python3.12/site-packages/airflow/example_dags/example_branch_datetime_operator.py for tasks to queue
[2026-06-18T22:44:54.928+0000] {logging_mixin.py:190} INFO - [2026-06-18T22:44:54.928+0000] {dagbag.py:588} INFO - Filling up the DagBag from /home/airflow/.local/lib/python3.12/site-packages/airflow/example_dags/example_branch_datetime_operator.py
[2026-06-18T22:44:54.937+0000] {processor.py:925} INFO - DAG(s) 'example_branch_datetime_operator_3', 'example_branch_datetime_operator_2', 'example_branch_datetime_operator' retrieved from /home/airflow/.local/lib/python3.12/site-packages/airflow/example_dags/example_branch_datetime_operator.py
[2026-06-18T22:44:54.959+0000] {logging_mixin.py:190} INFO - [2026-06-18T22:44:54.959+0000] {dag.py:3239} INFO - Sync 3 DAGs
[2026-06-18T22:44:54.979+0000] {logging_mixin.py:190} INFO - [2026-06-18T22:44:54.979+0000] {dag.py:4180} INFO - Setting next_dagrun for example_branch_datetime_operator to 2026-06-17 00:00:00+00:00, run_after=2026-06-18 00:00:00+00:00
[2026-06-18T22:44:54.983+0000] {logging_mixin.py:190} INFO - [2026-06-18T22:44:54.983+0000] {dag.py:4180} INFO - Setting next_dagrun for example_branch_datetime_operator_2 to 2026-06-17 00:00:00+00:00, run_after=2026-06-18 00:00:00+00:00
[2026-06-18T22:44:54.985+0000] {logging_mixin.py:190} INFO - [2026-06-18T22:44:54.985+0000] {dag.py:4180} INFO - Setting next_dagrun for example_branch_datetime_operator_3 to 2026-06-17 00:00:00+00:00, run_after=2026-06-18 00:00:00+00:00
[2026-06-18T22:44:55.000+0000] {processor.py:208} INFO - Processing /home/airflow/.local/lib/python3.12/site-packages/airflow/example_dags/example_branch_datetime_operator.py took 0.080 seconds
[2026-06-18T22:45:25.335+0000] {processor.py:186} INFO - Started process (PID=586) to work on /home/airflow/.local/lib/python3.12/site-packages/airflow/example_dags/example_branch_datetime_operator.py
[2026-06-18T22:45:25.336+0000] {processor.py:914} INFO - Processing file /home/airflow/.local/lib/python3.12/site-packages/airflow/example_dags/example_branch_datetime_operator.py for tasks to queue
[2026-06-18T22:45:25.339+0000] {logging_mixin.py:190} INFO - [2026-06-18T22:45:25.339+0000] {dagbag.py:588} INFO - Filling up the DagBag from /home/airflow/.local/lib/python3.12/site-packages/airflow/example_dags/example_branch_datetime_operator.py
[2026-06-18T22:45:25.349+0000] {processor.py:925} INFO - DAG(s) 'example_branch_datetime_operator', 'example_branch_datetime_operator_3', 'example_branch_datetime_operator_2' retrieved from /home/airflow/.local/lib/python3.12/site-packages/airflow/example_dags/example_branch_datetime_operator.py
[2026-06-18T22:45:25.370+0000] {logging_mixin.py:190} INFO - [2026-06-18T22:45:25.370+0000] {dag.py:3239} INFO - Sync 3 DAGs
[2026-06-18T22:45:25.391+0000] {logging_mixin.py:190} INFO - [2026-06-18T22:45:25.391+0000] {dag.py:4180} INFO - Setting next_dagrun for example_branch_datetime_operator to 2026-06-17 00:00:00+00:00, run_after=2026-06-18 00:00:00+00:00
[2026-06-18T22:45:25.395+0000] {logging_mixin.py:190} INFO - [2026-06-18T22:45:25.395+0000] {dag.py:4180} INFO - Setting next_dagrun for example_branch_datetime_operator_2 to 2026-06-17 00:00:00+00:00, run_after=2026-06-18 00:00:00+00:00
[2026-06-18T22:45:25.397+0000] {logging_mixin.py:190} INFO - [2026-06-18T22:45:25.397+0000] {dag.py:4180} INFO - Setting next_dagrun for example_branch_datetime_operator_3 to 2026-06-17 00:00:00+00:00, run_after=2026-06-18 00:00:00+00:00
[2026-06-18T22:45:25.417+0000] {processor.py:208} INFO - Processing /home/airflow/.local/lib/python3.12/site-packages/airflow/example_dags/example_branch_datetime_operator.py took 0.087 seconds
[2026-06-18T22:45:55.655+0000] {processor.py:186} INFO - Started process (PID=651) to work on /home/airflow/.local/lib/python3.12/site-packages/airflow/example_dags/example_branch_datetime_operator.py
[2026-06-18T22:45:55.656+0000] {processor.py:914} INFO - Processing file /home/airflow/.local/lib/python3.12/site-packages/airflow/example_dags/example_branch_datetime_operator.py for tasks to queue
[2026-06-18T22:45:55.658+0000] {logging_mixin.py:190} INFO - [2026-06-18T22:45:55.658+0000] {dagbag.py:588} INFO - Filling up the DagBag from /home/airflow/.local/lib/python3.12/site-packages/airflow/example_dags/example_branch_datetime_operator.py
[2026-06-18T22:45:55.671+0000] {processor.py:925} INFO - DAG(s) 'example_branch_datetime_operator_2', 'example_branch_datetime_operator', 'example_branch_datetime_operator_3' retrieved from /home/airflow/.local/lib/python3.12/site-packages/airflow/example_dags/example_branch_datetime_operator.py
[2026-06-18T22:45:55.696+0000] {logging_mixin.py:190} INFO - [2026-06-18T22:45:55.696+0000] {dag.py:3239} INFO - Sync 3 DAGs
[2026-06-18T22:45:55.720+0000] {logging_mixin.py:190} INFO - [2026-06-18T22:45:55.719+0000] {dag.py:4180} INFO - Setting next_dagrun for example_branch_datetime_operator to 2026-06-17 00:00:00+00:00, run_after=2026-06-18 00:00:00+00:00
[2026-06-18T22:45:55.724+0000] {logging_mixin.py:190} INFO - [2026-06-18T22:45:55.724+0000] {dag.py:4180} INFO - Setting next_dagrun for example_branch_datetime_operator_2 to 2026-06-17 00:00:00+00:00, run_after=2026-06-18 00:00:00+00:00
[2026-06-18T22:45:55.728+0000] {logging_mixin.py:190} INFO - [2026-06-18T22:45:55.727+0000] {dag.py:4180} INFO - Setting next_dagrun for example_branch_datetime_operator_3 to 2026-06-17 00:00:00+00:00, run_after=2026-06-18 00:00:00+00:00
[2026-06-18T22:45:55.743+0000] {processor.py:208} INFO - Processing /home/airflow/.local/lib/python3.12/site-packages/airflow/example_dags/example_branch_datetime_operator.py took 0.093 seconds
