[2026-06-18T22:41:23.936+0000] {processor.py:186} INFO - Started process (PID=81) to work on /home/airflow/.local/lib/python3.12/site-packages/airflow/example_dags/example_trigger_target_dag.py
[2026-06-18T22:41:23.938+0000] {processor.py:914} INFO - Processing file /home/airflow/.local/lib/python3.12/site-packages/airflow/example_dags/example_trigger_target_dag.py for tasks to queue
[2026-06-18T22:41:23.945+0000] {logging_mixin.py:190} INFO - [2026-06-18T22:41:23.945+0000] {dagbag.py:588} INFO - Filling up the DagBag from /home/airflow/.local/lib/python3.12/site-packages/airflow/example_dags/example_trigger_target_dag.py
[2026-06-18T22:41:23.968+0000] {processor.py:925} INFO - DAG(s) 'example_trigger_target_dag' retrieved from /home/airflow/.local/lib/python3.12/site-packages/airflow/example_dags/example_trigger_target_dag.py
[2026-06-18T22:41:24.020+0000] {logging_mixin.py:190} INFO - [2026-06-18T22:41:24.019+0000] {dag.py:3239} INFO - Sync 1 DAGs
[2026-06-18T22:41:24.054+0000] {logging_mixin.py:190} INFO - [2026-06-18T22:41:24.053+0000] {dag.py:4180} INFO - Setting next_dagrun for example_trigger_target_dag to None, run_after=None
[2026-06-18T22:41:24.102+0000] {processor.py:208} INFO - Processing /home/airflow/.local/lib/python3.12/site-packages/airflow/example_dags/example_trigger_target_dag.py took 0.184 seconds
[2026-06-18T22:41:54.352+0000] {processor.py:186} INFO - Started process (PID=145) to work on /home/airflow/.local/lib/python3.12/site-packages/airflow/example_dags/example_trigger_target_dag.py
[2026-06-18T22:41:54.368+0000] {processor.py:914} INFO - Processing file /home/airflow/.local/lib/python3.12/site-packages/airflow/example_dags/example_trigger_target_dag.py for tasks to queue
[2026-06-18T22:41:54.371+0000] {logging_mixin.py:190} INFO - [2026-06-18T22:41:54.370+0000] {dagbag.py:588} INFO - Filling up the DagBag from /home/airflow/.local/lib/python3.12/site-packages/airflow/example_dags/example_trigger_target_dag.py
[2026-06-18T22:41:54.383+0000] {processor.py:925} INFO - DAG(s) 'example_trigger_target_dag' retrieved from /home/airflow/.local/lib/python3.12/site-packages/airflow/example_dags/example_trigger_target_dag.py
[2026-06-18T22:41:54.408+0000] {logging_mixin.py:190} INFO - [2026-06-18T22:41:54.407+0000] {dag.py:3239} INFO - Sync 1 DAGs
[2026-06-18T22:41:54.429+0000] {logging_mixin.py:190} INFO - [2026-06-18T22:41:54.429+0000] {dag.py:4180} INFO - Setting next_dagrun for example_trigger_target_dag to None, run_after=None
[2026-06-18T22:41:54.558+0000] {processor.py:208} INFO - Processing /home/airflow/.local/lib/python3.12/site-packages/airflow/example_dags/example_trigger_target_dag.py took 0.214 seconds
[2026-06-18T22:42:24.736+0000] {processor.py:186} INFO - Started process (PID=209) to work on /home/airflow/.local/lib/python3.12/site-packages/airflow/example_dags/example_trigger_target_dag.py
[2026-06-18T22:42:24.737+0000] {processor.py:914} INFO - Processing file /home/airflow/.local/lib/python3.12/site-packages/airflow/example_dags/example_trigger_target_dag.py for tasks to queue
[2026-06-18T22:42:24.739+0000] {logging_mixin.py:190} INFO - [2026-06-18T22:42:24.739+0000] {dagbag.py:588} INFO - Filling up the DagBag from /home/airflow/.local/lib/python3.12/site-packages/airflow/example_dags/example_trigger_target_dag.py
[2026-06-18T22:42:24.747+0000] {processor.py:925} INFO - DAG(s) 'example_trigger_target_dag' retrieved from /home/airflow/.local/lib/python3.12/site-packages/airflow/example_dags/example_trigger_target_dag.py
[2026-06-18T22:42:24.764+0000] {logging_mixin.py:190} INFO - [2026-06-18T22:42:24.764+0000] {dag.py:3239} INFO - Sync 1 DAGs
[2026-06-18T22:42:24.775+0000] {logging_mixin.py:190} INFO - [2026-06-18T22:42:24.775+0000] {dag.py:4180} INFO - Setting next_dagrun for example_trigger_target_dag to None, run_after=None
[2026-06-18T22:42:24.800+0000] {processor.py:208} INFO - Processing /home/airflow/.local/lib/python3.12/site-packages/airflow/example_dags/example_trigger_target_dag.py took 0.069 seconds
[2026-06-18T22:42:54.905+0000] {processor.py:186} INFO - Started process (PID=273) to work on /home/airflow/.local/lib/python3.12/site-packages/airflow/example_dags/example_trigger_target_dag.py
[2026-06-18T22:42:54.906+0000] {processor.py:914} INFO - Processing file /home/airflow/.local/lib/python3.12/site-packages/airflow/example_dags/example_trigger_target_dag.py for tasks to queue
[2026-06-18T22:42:54.909+0000] {logging_mixin.py:190} INFO - [2026-06-18T22:42:54.909+0000] {dagbag.py:588} INFO - Filling up the DagBag from /home/airflow/.local/lib/python3.12/site-packages/airflow/example_dags/example_trigger_target_dag.py
[2026-06-18T22:42:54.916+0000] {processor.py:925} INFO - DAG(s) 'example_trigger_target_dag' retrieved from /home/airflow/.local/lib/python3.12/site-packages/airflow/example_dags/example_trigger_target_dag.py
[2026-06-18T22:42:54.935+0000] {logging_mixin.py:190} INFO - [2026-06-18T22:42:54.935+0000] {dag.py:3239} INFO - Sync 1 DAGs
[2026-06-18T22:42:54.947+0000] {logging_mixin.py:190} INFO - [2026-06-18T22:42:54.947+0000] {dag.py:4180} INFO - Setting next_dagrun for example_trigger_target_dag to None, run_after=None
[2026-06-18T22:42:54.983+0000] {processor.py:208} INFO - Processing /home/airflow/.local/lib/python3.12/site-packages/airflow/example_dags/example_trigger_target_dag.py took 0.083 seconds
[2026-06-18T22:43:25.101+0000] {processor.py:186} INFO - Started process (PID=337) to work on /home/airflow/.local/lib/python3.12/site-packages/airflow/example_dags/example_trigger_target_dag.py
[2026-06-18T22:43:25.102+0000] {processor.py:914} INFO - Processing file /home/airflow/.local/lib/python3.12/site-packages/airflow/example_dags/example_trigger_target_dag.py for tasks to queue
[2026-06-18T22:43:25.104+0000] {logging_mixin.py:190} INFO - [2026-06-18T22:43:25.104+0000] {dagbag.py:588} INFO - Filling up the DagBag from /home/airflow/.local/lib/python3.12/site-packages/airflow/example_dags/example_trigger_target_dag.py
[2026-06-18T22:43:25.112+0000] {processor.py:925} INFO - DAG(s) 'example_trigger_target_dag' retrieved from /home/airflow/.local/lib/python3.12/site-packages/airflow/example_dags/example_trigger_target_dag.py
[2026-06-18T22:43:25.128+0000] {logging_mixin.py:190} INFO - [2026-06-18T22:43:25.127+0000] {dag.py:3239} INFO - Sync 1 DAGs
[2026-06-18T22:43:25.138+0000] {logging_mixin.py:190} INFO - [2026-06-18T22:43:25.138+0000] {dag.py:4180} INFO - Setting next_dagrun for example_trigger_target_dag to None, run_after=None
[2026-06-18T22:43:25.154+0000] {processor.py:208} INFO - Processing /home/airflow/.local/lib/python3.12/site-packages/airflow/example_dags/example_trigger_target_dag.py took 0.058 seconds
[2026-06-18T22:43:55.286+0000] {processor.py:186} INFO - Started process (PID=401) to work on /home/airflow/.local/lib/python3.12/site-packages/airflow/example_dags/example_trigger_target_dag.py
[2026-06-18T22:43:55.287+0000] {processor.py:914} INFO - Processing file /home/airflow/.local/lib/python3.12/site-packages/airflow/example_dags/example_trigger_target_dag.py for tasks to queue
[2026-06-18T22:43:55.290+0000] {logging_mixin.py:190} INFO - [2026-06-18T22:43:55.289+0000] {dagbag.py:588} INFO - Filling up the DagBag from /home/airflow/.local/lib/python3.12/site-packages/airflow/example_dags/example_trigger_target_dag.py
[2026-06-18T22:43:55.296+0000] {processor.py:925} INFO - DAG(s) 'example_trigger_target_dag' retrieved from /home/airflow/.local/lib/python3.12/site-packages/airflow/example_dags/example_trigger_target_dag.py
[2026-06-18T22:43:55.311+0000] {logging_mixin.py:190} INFO - [2026-06-18T22:43:55.311+0000] {dag.py:3239} INFO - Sync 1 DAGs
[2026-06-18T22:43:55.321+0000] {logging_mixin.py:190} INFO - [2026-06-18T22:43:55.321+0000] {dag.py:4180} INFO - Setting next_dagrun for example_trigger_target_dag to None, run_after=None
[2026-06-18T22:43:55.335+0000] {processor.py:208} INFO - Processing /home/airflow/.local/lib/python3.12/site-packages/airflow/example_dags/example_trigger_target_dag.py took 0.054 seconds
[2026-06-18T22:44:25.863+0000] {processor.py:186} INFO - Started process (PID=465) to work on /home/airflow/.local/lib/python3.12/site-packages/airflow/example_dags/example_trigger_target_dag.py
[2026-06-18T22:44:25.864+0000] {processor.py:914} INFO - Processing file /home/airflow/.local/lib/python3.12/site-packages/airflow/example_dags/example_trigger_target_dag.py for tasks to queue
[2026-06-18T22:44:25.866+0000] {logging_mixin.py:190} INFO - [2026-06-18T22:44:25.866+0000] {dagbag.py:588} INFO - Filling up the DagBag from /home/airflow/.local/lib/python3.12/site-packages/airflow/example_dags/example_trigger_target_dag.py
[2026-06-18T22:44:25.873+0000] {processor.py:925} INFO - DAG(s) 'example_trigger_target_dag' retrieved from /home/airflow/.local/lib/python3.12/site-packages/airflow/example_dags/example_trigger_target_dag.py
[2026-06-18T22:44:25.891+0000] {logging_mixin.py:190} INFO - [2026-06-18T22:44:25.891+0000] {dag.py:3239} INFO - Sync 1 DAGs
[2026-06-18T22:44:25.905+0000] {logging_mixin.py:190} INFO - [2026-06-18T22:44:25.905+0000] {dag.py:4180} INFO - Setting next_dagrun for example_trigger_target_dag to None, run_after=None
[2026-06-18T22:44:25.923+0000] {processor.py:208} INFO - Processing /home/airflow/.local/lib/python3.12/site-packages/airflow/example_dags/example_trigger_target_dag.py took 0.066 seconds
[2026-06-18T22:44:56.352+0000] {processor.py:186} INFO - Started process (PID=529) to work on /home/airflow/.local/lib/python3.12/site-packages/airflow/example_dags/example_trigger_target_dag.py
[2026-06-18T22:44:56.353+0000] {processor.py:914} INFO - Processing file /home/airflow/.local/lib/python3.12/site-packages/airflow/example_dags/example_trigger_target_dag.py for tasks to queue
[2026-06-18T22:44:56.355+0000] {logging_mixin.py:190} INFO - [2026-06-18T22:44:56.355+0000] {dagbag.py:588} INFO - Filling up the DagBag from /home/airflow/.local/lib/python3.12/site-packages/airflow/example_dags/example_trigger_target_dag.py
[2026-06-18T22:44:56.362+0000] {processor.py:925} INFO - DAG(s) 'example_trigger_target_dag' retrieved from /home/airflow/.local/lib/python3.12/site-packages/airflow/example_dags/example_trigger_target_dag.py
[2026-06-18T22:44:56.376+0000] {logging_mixin.py:190} INFO - [2026-06-18T22:44:56.376+0000] {dag.py:3239} INFO - Sync 1 DAGs
[2026-06-18T22:44:56.386+0000] {logging_mixin.py:190} INFO - [2026-06-18T22:44:56.386+0000] {dag.py:4180} INFO - Setting next_dagrun for example_trigger_target_dag to None, run_after=None
[2026-06-18T22:44:56.401+0000] {processor.py:208} INFO - Processing /home/airflow/.local/lib/python3.12/site-packages/airflow/example_dags/example_trigger_target_dag.py took 0.054 seconds
[2026-06-18T22:45:26.915+0000] {processor.py:186} INFO - Started process (PID=594) to work on /home/airflow/.local/lib/python3.12/site-packages/airflow/example_dags/example_trigger_target_dag.py
[2026-06-18T22:45:26.917+0000] {processor.py:914} INFO - Processing file /home/airflow/.local/lib/python3.12/site-packages/airflow/example_dags/example_trigger_target_dag.py for tasks to queue
[2026-06-18T22:45:26.919+0000] {logging_mixin.py:190} INFO - [2026-06-18T22:45:26.919+0000] {dagbag.py:588} INFO - Filling up the DagBag from /home/airflow/.local/lib/python3.12/site-packages/airflow/example_dags/example_trigger_target_dag.py
[2026-06-18T22:45:26.926+0000] {processor.py:925} INFO - DAG(s) 'example_trigger_target_dag' retrieved from /home/airflow/.local/lib/python3.12/site-packages/airflow/example_dags/example_trigger_target_dag.py
[2026-06-18T22:45:26.946+0000] {logging_mixin.py:190} INFO - [2026-06-18T22:45:26.946+0000] {dag.py:3239} INFO - Sync 1 DAGs
[2026-06-18T22:45:26.956+0000] {logging_mixin.py:190} INFO - [2026-06-18T22:45:26.956+0000] {dag.py:4180} INFO - Setting next_dagrun for example_trigger_target_dag to None, run_after=None
[2026-06-18T22:45:27.144+0000] {processor.py:208} INFO - Processing /home/airflow/.local/lib/python3.12/site-packages/airflow/example_dags/example_trigger_target_dag.py took 0.236 seconds
[2026-06-18T22:45:57.316+0000] {processor.py:186} INFO - Started process (PID=658) to work on /home/airflow/.local/lib/python3.12/site-packages/airflow/example_dags/example_trigger_target_dag.py
[2026-06-18T22:45:57.317+0000] {processor.py:914} INFO - Processing file /home/airflow/.local/lib/python3.12/site-packages/airflow/example_dags/example_trigger_target_dag.py for tasks to queue
[2026-06-18T22:45:57.320+0000] {logging_mixin.py:190} INFO - [2026-06-18T22:45:57.320+0000] {dagbag.py:588} INFO - Filling up the DagBag from /home/airflow/.local/lib/python3.12/site-packages/airflow/example_dags/example_trigger_target_dag.py
[2026-06-18T22:45:57.327+0000] {processor.py:925} INFO - DAG(s) 'example_trigger_target_dag' retrieved from /home/airflow/.local/lib/python3.12/site-packages/airflow/example_dags/example_trigger_target_dag.py
[2026-06-18T22:45:57.343+0000] {logging_mixin.py:190} INFO - [2026-06-18T22:45:57.343+0000] {dag.py:3239} INFO - Sync 1 DAGs
[2026-06-18T22:45:57.355+0000] {logging_mixin.py:190} INFO - [2026-06-18T22:45:57.355+0000] {dag.py:4180} INFO - Setting next_dagrun for example_trigger_target_dag to None, run_after=None
[2026-06-18T22:45:57.374+0000] {processor.py:208} INFO - Processing /home/airflow/.local/lib/python3.12/site-packages/airflow/example_dags/example_trigger_target_dag.py took 0.063 seconds
