[2026-06-18T22:41:26.020+0000] {processor.py:186} INFO - Started process (PID=93) to work on /home/airflow/.local/lib/python3.12/site-packages/airflow/example_dags/example_kubernetes_executor.py
[2026-06-18T22:41:26.022+0000] {processor.py:914} INFO - Processing file /home/airflow/.local/lib/python3.12/site-packages/airflow/example_dags/example_kubernetes_executor.py for tasks to queue
[2026-06-18T22:41:26.027+0000] {logging_mixin.py:190} INFO - [2026-06-18T22:41:26.027+0000] {dagbag.py:588} INFO - Filling up the DagBag from /home/airflow/.local/lib/python3.12/site-packages/airflow/example_dags/example_kubernetes_executor.py
[2026-06-18T22:41:26.060+0000] {processor.py:925} INFO - DAG(s) 'example_kubernetes_executor' retrieved from /home/airflow/.local/lib/python3.12/site-packages/airflow/example_dags/example_kubernetes_executor.py
[2026-06-18T22:41:26.215+0000] {logging_mixin.py:190} INFO - [2026-06-18T22:41:26.214+0000] {dag.py:3239} INFO - Sync 1 DAGs
[2026-06-18T22:41:26.263+0000] {logging_mixin.py:190} INFO - [2026-06-18T22:41:26.262+0000] {dag.py:4180} INFO - Setting next_dagrun for example_kubernetes_executor to None, run_after=None
[2026-06-18T22:41:26.327+0000] {processor.py:208} INFO - Processing /home/airflow/.local/lib/python3.12/site-packages/airflow/example_dags/example_kubernetes_executor.py took 0.319 seconds
[2026-06-18T22:41:56.389+0000] {processor.py:186} INFO - Started process (PID=157) to work on /home/airflow/.local/lib/python3.12/site-packages/airflow/example_dags/example_kubernetes_executor.py
[2026-06-18T22:41:56.397+0000] {processor.py:914} INFO - Processing file /home/airflow/.local/lib/python3.12/site-packages/airflow/example_dags/example_kubernetes_executor.py for tasks to queue
[2026-06-18T22:41:56.400+0000] {logging_mixin.py:190} INFO - [2026-06-18T22:41:56.400+0000] {dagbag.py:588} INFO - Filling up the DagBag from /home/airflow/.local/lib/python3.12/site-packages/airflow/example_dags/example_kubernetes_executor.py
[2026-06-18T22:41:56.416+0000] {processor.py:925} INFO - DAG(s) 'example_kubernetes_executor' retrieved from /home/airflow/.local/lib/python3.12/site-packages/airflow/example_dags/example_kubernetes_executor.py
[2026-06-18T22:41:56.463+0000] {logging_mixin.py:190} INFO - [2026-06-18T22:41:56.463+0000] {dag.py:3239} INFO - Sync 1 DAGs
[2026-06-18T22:41:56.480+0000] {logging_mixin.py:190} INFO - [2026-06-18T22:41:56.480+0000] {dag.py:4180} INFO - Setting next_dagrun for example_kubernetes_executor to None, run_after=None
[2026-06-18T22:41:56.570+0000] {processor.py:208} INFO - Processing /home/airflow/.local/lib/python3.12/site-packages/airflow/example_dags/example_kubernetes_executor.py took 0.190 seconds
[2026-06-18T22:42:26.765+0000] {processor.py:186} INFO - Started process (PID=221) to work on /home/airflow/.local/lib/python3.12/site-packages/airflow/example_dags/example_kubernetes_executor.py
[2026-06-18T22:42:26.766+0000] {processor.py:914} INFO - Processing file /home/airflow/.local/lib/python3.12/site-packages/airflow/example_dags/example_kubernetes_executor.py for tasks to queue
[2026-06-18T22:42:26.769+0000] {logging_mixin.py:190} INFO - [2026-06-18T22:42:26.768+0000] {dagbag.py:588} INFO - Filling up the DagBag from /home/airflow/.local/lib/python3.12/site-packages/airflow/example_dags/example_kubernetes_executor.py
[2026-06-18T22:42:26.781+0000] {processor.py:925} INFO - DAG(s) 'example_kubernetes_executor' retrieved from /home/airflow/.local/lib/python3.12/site-packages/airflow/example_dags/example_kubernetes_executor.py
[2026-06-18T22:42:26.817+0000] {logging_mixin.py:190} INFO - [2026-06-18T22:42:26.817+0000] {dag.py:3239} INFO - Sync 1 DAGs
[2026-06-18T22:42:26.830+0000] {logging_mixin.py:190} INFO - [2026-06-18T22:42:26.829+0000] {dag.py:4180} INFO - Setting next_dagrun for example_kubernetes_executor to None, run_after=None
[2026-06-18T22:42:26.863+0000] {processor.py:208} INFO - Processing /home/airflow/.local/lib/python3.12/site-packages/airflow/example_dags/example_kubernetes_executor.py took 0.104 seconds
[2026-06-18T22:42:57.862+0000] {processor.py:186} INFO - Started process (PID=285) to work on /home/airflow/.local/lib/python3.12/site-packages/airflow/example_dags/example_kubernetes_executor.py
[2026-06-18T22:42:57.864+0000] {processor.py:914} INFO - Processing file /home/airflow/.local/lib/python3.12/site-packages/airflow/example_dags/example_kubernetes_executor.py for tasks to queue
[2026-06-18T22:42:57.867+0000] {logging_mixin.py:190} INFO - [2026-06-18T22:42:57.867+0000] {dagbag.py:588} INFO - Filling up the DagBag from /home/airflow/.local/lib/python3.12/site-packages/airflow/example_dags/example_kubernetes_executor.py
[2026-06-18T22:42:57.883+0000] {processor.py:925} INFO - DAG(s) 'example_kubernetes_executor' retrieved from /home/airflow/.local/lib/python3.12/site-packages/airflow/example_dags/example_kubernetes_executor.py
[2026-06-18T22:42:57.923+0000] {logging_mixin.py:190} INFO - [2026-06-18T22:42:57.923+0000] {dag.py:3239} INFO - Sync 1 DAGs
[2026-06-18T22:42:57.939+0000] {logging_mixin.py:190} INFO - [2026-06-18T22:42:57.939+0000] {dag.py:4180} INFO - Setting next_dagrun for example_kubernetes_executor to None, run_after=None
[2026-06-18T22:42:57.964+0000] {processor.py:208} INFO - Processing /home/airflow/.local/lib/python3.12/site-packages/airflow/example_dags/example_kubernetes_executor.py took 0.109 seconds
[2026-06-18T22:43:28.742+0000] {processor.py:186} INFO - Started process (PID=349) to work on /home/airflow/.local/lib/python3.12/site-packages/airflow/example_dags/example_kubernetes_executor.py
[2026-06-18T22:43:28.743+0000] {processor.py:914} INFO - Processing file /home/airflow/.local/lib/python3.12/site-packages/airflow/example_dags/example_kubernetes_executor.py for tasks to queue
[2026-06-18T22:43:28.746+0000] {logging_mixin.py:190} INFO - [2026-06-18T22:43:28.746+0000] {dagbag.py:588} INFO - Filling up the DagBag from /home/airflow/.local/lib/python3.12/site-packages/airflow/example_dags/example_kubernetes_executor.py
[2026-06-18T22:43:28.757+0000] {processor.py:925} INFO - DAG(s) 'example_kubernetes_executor' retrieved from /home/airflow/.local/lib/python3.12/site-packages/airflow/example_dags/example_kubernetes_executor.py
[2026-06-18T22:43:28.798+0000] {logging_mixin.py:190} INFO - [2026-06-18T22:43:28.798+0000] {dag.py:3239} INFO - Sync 1 DAGs
[2026-06-18T22:43:28.815+0000] {logging_mixin.py:190} INFO - [2026-06-18T22:43:28.814+0000] {dag.py:4180} INFO - Setting next_dagrun for example_kubernetes_executor to None, run_after=None
[2026-06-18T22:43:28.839+0000] {processor.py:208} INFO - Processing /home/airflow/.local/lib/python3.12/site-packages/airflow/example_dags/example_kubernetes_executor.py took 0.103 seconds
[2026-06-18T22:43:58.971+0000] {processor.py:186} INFO - Started process (PID=413) to work on /home/airflow/.local/lib/python3.12/site-packages/airflow/example_dags/example_kubernetes_executor.py
[2026-06-18T22:43:58.972+0000] {processor.py:914} INFO - Processing file /home/airflow/.local/lib/python3.12/site-packages/airflow/example_dags/example_kubernetes_executor.py for tasks to queue
[2026-06-18T22:43:58.974+0000] {logging_mixin.py:190} INFO - [2026-06-18T22:43:58.974+0000] {dagbag.py:588} INFO - Filling up the DagBag from /home/airflow/.local/lib/python3.12/site-packages/airflow/example_dags/example_kubernetes_executor.py
[2026-06-18T22:43:58.984+0000] {processor.py:925} INFO - DAG(s) 'example_kubernetes_executor' retrieved from /home/airflow/.local/lib/python3.12/site-packages/airflow/example_dags/example_kubernetes_executor.py
[2026-06-18T22:43:59.018+0000] {logging_mixin.py:190} INFO - [2026-06-18T22:43:59.018+0000] {dag.py:3239} INFO - Sync 1 DAGs
[2026-06-18T22:43:59.031+0000] {logging_mixin.py:190} INFO - [2026-06-18T22:43:59.031+0000] {dag.py:4180} INFO - Setting next_dagrun for example_kubernetes_executor to None, run_after=None
[2026-06-18T22:43:59.050+0000] {processor.py:208} INFO - Processing /home/airflow/.local/lib/python3.12/site-packages/airflow/example_dags/example_kubernetes_executor.py took 0.084 seconds
[2026-06-18T22:44:29.413+0000] {processor.py:186} INFO - Started process (PID=477) to work on /home/airflow/.local/lib/python3.12/site-packages/airflow/example_dags/example_kubernetes_executor.py
[2026-06-18T22:44:29.414+0000] {processor.py:914} INFO - Processing file /home/airflow/.local/lib/python3.12/site-packages/airflow/example_dags/example_kubernetes_executor.py for tasks to queue
[2026-06-18T22:44:29.416+0000] {logging_mixin.py:190} INFO - [2026-06-18T22:44:29.416+0000] {dagbag.py:588} INFO - Filling up the DagBag from /home/airflow/.local/lib/python3.12/site-packages/airflow/example_dags/example_kubernetes_executor.py
[2026-06-18T22:44:29.429+0000] {processor.py:925} INFO - DAG(s) 'example_kubernetes_executor' retrieved from /home/airflow/.local/lib/python3.12/site-packages/airflow/example_dags/example_kubernetes_executor.py
[2026-06-18T22:44:29.463+0000] {logging_mixin.py:190} INFO - [2026-06-18T22:44:29.463+0000] {dag.py:3239} INFO - Sync 1 DAGs
[2026-06-18T22:44:29.475+0000] {logging_mixin.py:190} INFO - [2026-06-18T22:44:29.474+0000] {dag.py:4180} INFO - Setting next_dagrun for example_kubernetes_executor to None, run_after=None
[2026-06-18T22:44:29.495+0000] {processor.py:208} INFO - Processing /home/airflow/.local/lib/python3.12/site-packages/airflow/example_dags/example_kubernetes_executor.py took 0.087 seconds
[2026-06-18T22:45:00.110+0000] {processor.py:186} INFO - Started process (PID=541) to work on /home/airflow/.local/lib/python3.12/site-packages/airflow/example_dags/example_kubernetes_executor.py
[2026-06-18T22:45:00.111+0000] {processor.py:914} INFO - Processing file /home/airflow/.local/lib/python3.12/site-packages/airflow/example_dags/example_kubernetes_executor.py for tasks to queue
[2026-06-18T22:45:00.114+0000] {logging_mixin.py:190} INFO - [2026-06-18T22:45:00.114+0000] {dagbag.py:588} INFO - Filling up the DagBag from /home/airflow/.local/lib/python3.12/site-packages/airflow/example_dags/example_kubernetes_executor.py
[2026-06-18T22:45:00.127+0000] {processor.py:925} INFO - DAG(s) 'example_kubernetes_executor' retrieved from /home/airflow/.local/lib/python3.12/site-packages/airflow/example_dags/example_kubernetes_executor.py
[2026-06-18T22:45:00.161+0000] {logging_mixin.py:190} INFO - [2026-06-18T22:45:00.161+0000] {dag.py:3239} INFO - Sync 1 DAGs
[2026-06-18T22:45:00.172+0000] {logging_mixin.py:190} INFO - [2026-06-18T22:45:00.172+0000] {dag.py:4180} INFO - Setting next_dagrun for example_kubernetes_executor to None, run_after=None
[2026-06-18T22:45:00.189+0000] {processor.py:208} INFO - Processing /home/airflow/.local/lib/python3.12/site-packages/airflow/example_dags/example_kubernetes_executor.py took 0.084 seconds
[2026-06-18T22:45:30.897+0000] {processor.py:186} INFO - Started process (PID=607) to work on /home/airflow/.local/lib/python3.12/site-packages/airflow/example_dags/example_kubernetes_executor.py
[2026-06-18T22:45:30.898+0000] {processor.py:914} INFO - Processing file /home/airflow/.local/lib/python3.12/site-packages/airflow/example_dags/example_kubernetes_executor.py for tasks to queue
[2026-06-18T22:45:30.901+0000] {logging_mixin.py:190} INFO - [2026-06-18T22:45:30.901+0000] {dagbag.py:588} INFO - Filling up the DagBag from /home/airflow/.local/lib/python3.12/site-packages/airflow/example_dags/example_kubernetes_executor.py
[2026-06-18T22:45:30.915+0000] {processor.py:925} INFO - DAG(s) 'example_kubernetes_executor' retrieved from /home/airflow/.local/lib/python3.12/site-packages/airflow/example_dags/example_kubernetes_executor.py
[2026-06-18T22:45:30.955+0000] {logging_mixin.py:190} INFO - [2026-06-18T22:45:30.955+0000] {dag.py:3239} INFO - Sync 1 DAGs
[2026-06-18T22:45:30.968+0000] {logging_mixin.py:190} INFO - [2026-06-18T22:45:30.968+0000] {dag.py:4180} INFO - Setting next_dagrun for example_kubernetes_executor to None, run_after=None
[2026-06-18T22:45:30.985+0000] {processor.py:208} INFO - Processing /home/airflow/.local/lib/python3.12/site-packages/airflow/example_dags/example_kubernetes_executor.py took 0.094 seconds
[2026-06-18T22:46:01.103+0000] {processor.py:186} INFO - Started process (PID=671) to work on /home/airflow/.local/lib/python3.12/site-packages/airflow/example_dags/example_kubernetes_executor.py
[2026-06-18T22:46:01.105+0000] {processor.py:914} INFO - Processing file /home/airflow/.local/lib/python3.12/site-packages/airflow/example_dags/example_kubernetes_executor.py for tasks to queue
[2026-06-18T22:46:01.107+0000] {logging_mixin.py:190} INFO - [2026-06-18T22:46:01.107+0000] {dagbag.py:588} INFO - Filling up the DagBag from /home/airflow/.local/lib/python3.12/site-packages/airflow/example_dags/example_kubernetes_executor.py
[2026-06-18T22:46:01.119+0000] {processor.py:925} INFO - DAG(s) 'example_kubernetes_executor' retrieved from /home/airflow/.local/lib/python3.12/site-packages/airflow/example_dags/example_kubernetes_executor.py
[2026-06-18T22:46:01.154+0000] {logging_mixin.py:190} INFO - [2026-06-18T22:46:01.154+0000] {dag.py:3239} INFO - Sync 1 DAGs
[2026-06-18T22:46:01.168+0000] {logging_mixin.py:190} INFO - [2026-06-18T22:46:01.168+0000] {dag.py:4180} INFO - Setting next_dagrun for example_kubernetes_executor to None, run_after=None
[2026-06-18T22:46:01.189+0000] {processor.py:208} INFO - Processing /home/airflow/.local/lib/python3.12/site-packages/airflow/example_dags/example_kubernetes_executor.py took 0.090 seconds
