[2026-06-18T22:41:26.332+0000] {processor.py:186} INFO - Started process (PID=94) to work on /home/airflow/.local/lib/python3.12/site-packages/airflow/example_dags/tutorial.py
[2026-06-18T22:41:26.335+0000] {processor.py:914} INFO - Processing file /home/airflow/.local/lib/python3.12/site-packages/airflow/example_dags/tutorial.py for tasks to queue
[2026-06-18T22:41:26.341+0000] {logging_mixin.py:190} INFO - [2026-06-18T22:41:26.340+0000] {dagbag.py:588} INFO - Filling up the DagBag from /home/airflow/.local/lib/python3.12/site-packages/airflow/example_dags/tutorial.py
[2026-06-18T22:41:26.366+0000] {processor.py:925} INFO - DAG(s) 'tutorial' retrieved from /home/airflow/.local/lib/python3.12/site-packages/airflow/example_dags/tutorial.py
[2026-06-18T22:41:26.435+0000] {logging_mixin.py:190} INFO - [2026-06-18T22:41:26.433+0000] {dag.py:3239} INFO - Sync 1 DAGs
[2026-06-18T22:41:26.558+0000] {logging_mixin.py:190} INFO - [2026-06-18T22:41:26.555+0000] {dag.py:4180} INFO - Setting next_dagrun for tutorial to 2026-06-17 00:00:00+00:00, run_after=2026-06-18 00:00:00+00:00
[2026-06-18T22:41:26.651+0000] {processor.py:208} INFO - Processing /home/airflow/.local/lib/python3.12/site-packages/airflow/example_dags/tutorial.py took 0.339 seconds
[2026-06-18T22:41:57.415+0000] {processor.py:186} INFO - Started process (PID=158) to work on /home/airflow/.local/lib/python3.12/site-packages/airflow/example_dags/tutorial.py
[2026-06-18T22:41:57.427+0000] {processor.py:914} INFO - Processing file /home/airflow/.local/lib/python3.12/site-packages/airflow/example_dags/tutorial.py for tasks to queue
[2026-06-18T22:41:57.431+0000] {logging_mixin.py:190} INFO - [2026-06-18T22:41:57.431+0000] {dagbag.py:588} INFO - Filling up the DagBag from /home/airflow/.local/lib/python3.12/site-packages/airflow/example_dags/tutorial.py
[2026-06-18T22:41:57.444+0000] {processor.py:925} INFO - DAG(s) 'tutorial' retrieved from /home/airflow/.local/lib/python3.12/site-packages/airflow/example_dags/tutorial.py
[2026-06-18T22:41:57.476+0000] {logging_mixin.py:190} INFO - [2026-06-18T22:41:57.476+0000] {dag.py:3239} INFO - Sync 1 DAGs
[2026-06-18T22:41:57.508+0000] {logging_mixin.py:190} INFO - [2026-06-18T22:41:57.508+0000] {dag.py:4180} INFO - Setting next_dagrun for tutorial to 2026-06-17 00:00:00+00:00, run_after=2026-06-18 00:00:00+00:00
[2026-06-18T22:41:57.543+0000] {processor.py:208} INFO - Processing /home/airflow/.local/lib/python3.12/site-packages/airflow/example_dags/tutorial.py took 0.139 seconds
[2026-06-18T22:42:27.775+0000] {processor.py:186} INFO - Started process (PID=222) to work on /home/airflow/.local/lib/python3.12/site-packages/airflow/example_dags/tutorial.py
[2026-06-18T22:42:27.777+0000] {processor.py:914} INFO - Processing file /home/airflow/.local/lib/python3.12/site-packages/airflow/example_dags/tutorial.py for tasks to queue
[2026-06-18T22:42:27.780+0000] {logging_mixin.py:190} INFO - [2026-06-18T22:42:27.779+0000] {dagbag.py:588} INFO - Filling up the DagBag from /home/airflow/.local/lib/python3.12/site-packages/airflow/example_dags/tutorial.py
[2026-06-18T22:42:27.787+0000] {processor.py:925} INFO - DAG(s) 'tutorial' retrieved from /home/airflow/.local/lib/python3.12/site-packages/airflow/example_dags/tutorial.py
[2026-06-18T22:42:27.806+0000] {logging_mixin.py:190} INFO - [2026-06-18T22:42:27.806+0000] {dag.py:3239} INFO - Sync 1 DAGs
[2026-06-18T22:42:27.827+0000] {logging_mixin.py:190} INFO - [2026-06-18T22:42:27.827+0000] {dag.py:4180} INFO - Setting next_dagrun for tutorial to 2026-06-17 00:00:00+00:00, run_after=2026-06-18 00:00:00+00:00
[2026-06-18T22:42:27.850+0000] {processor.py:208} INFO - Processing /home/airflow/.local/lib/python3.12/site-packages/airflow/example_dags/tutorial.py took 0.080 seconds
[2026-06-18T22:42:58.009+0000] {processor.py:186} INFO - Started process (PID=286) to work on /home/airflow/.local/lib/python3.12/site-packages/airflow/example_dags/tutorial.py
[2026-06-18T22:42:58.011+0000] {processor.py:914} INFO - Processing file /home/airflow/.local/lib/python3.12/site-packages/airflow/example_dags/tutorial.py for tasks to queue
[2026-06-18T22:42:58.014+0000] {logging_mixin.py:190} INFO - [2026-06-18T22:42:58.014+0000] {dagbag.py:588} INFO - Filling up the DagBag from /home/airflow/.local/lib/python3.12/site-packages/airflow/example_dags/tutorial.py
[2026-06-18T22:42:58.025+0000] {processor.py:925} INFO - DAG(s) 'tutorial' retrieved from /home/airflow/.local/lib/python3.12/site-packages/airflow/example_dags/tutorial.py
[2026-06-18T22:42:58.047+0000] {logging_mixin.py:190} INFO - [2026-06-18T22:42:58.047+0000] {dag.py:3239} INFO - Sync 1 DAGs
[2026-06-18T22:42:58.068+0000] {logging_mixin.py:190} INFO - [2026-06-18T22:42:58.067+0000] {dag.py:4180} INFO - Setting next_dagrun for tutorial to 2026-06-17 00:00:00+00:00, run_after=2026-06-18 00:00:00+00:00
[2026-06-18T22:42:58.093+0000] {processor.py:208} INFO - Processing /home/airflow/.local/lib/python3.12/site-packages/airflow/example_dags/tutorial.py took 0.091 seconds
[2026-06-18T22:43:28.852+0000] {processor.py:186} INFO - Started process (PID=350) to work on /home/airflow/.local/lib/python3.12/site-packages/airflow/example_dags/tutorial.py
[2026-06-18T22:43:28.854+0000] {processor.py:914} INFO - Processing file /home/airflow/.local/lib/python3.12/site-packages/airflow/example_dags/tutorial.py for tasks to queue
[2026-06-18T22:43:28.856+0000] {logging_mixin.py:190} INFO - [2026-06-18T22:43:28.856+0000] {dagbag.py:588} INFO - Filling up the DagBag from /home/airflow/.local/lib/python3.12/site-packages/airflow/example_dags/tutorial.py
[2026-06-18T22:43:28.864+0000] {processor.py:925} INFO - DAG(s) 'tutorial' retrieved from /home/airflow/.local/lib/python3.12/site-packages/airflow/example_dags/tutorial.py
[2026-06-18T22:43:28.883+0000] {logging_mixin.py:190} INFO - [2026-06-18T22:43:28.883+0000] {dag.py:3239} INFO - Sync 1 DAGs
[2026-06-18T22:43:28.903+0000] {logging_mixin.py:190} INFO - [2026-06-18T22:43:28.902+0000] {dag.py:4180} INFO - Setting next_dagrun for tutorial to 2026-06-17 00:00:00+00:00, run_after=2026-06-18 00:00:00+00:00
[2026-06-18T22:43:28.922+0000] {processor.py:208} INFO - Processing /home/airflow/.local/lib/python3.12/site-packages/airflow/example_dags/tutorial.py took 0.076 seconds
[2026-06-18T22:43:59.093+0000] {processor.py:186} INFO - Started process (PID=414) to work on /home/airflow/.local/lib/python3.12/site-packages/airflow/example_dags/tutorial.py
[2026-06-18T22:43:59.094+0000] {processor.py:914} INFO - Processing file /home/airflow/.local/lib/python3.12/site-packages/airflow/example_dags/tutorial.py for tasks to queue
[2026-06-18T22:43:59.096+0000] {logging_mixin.py:190} INFO - [2026-06-18T22:43:59.096+0000] {dagbag.py:588} INFO - Filling up the DagBag from /home/airflow/.local/lib/python3.12/site-packages/airflow/example_dags/tutorial.py
[2026-06-18T22:43:59.103+0000] {processor.py:925} INFO - DAG(s) 'tutorial' retrieved from /home/airflow/.local/lib/python3.12/site-packages/airflow/example_dags/tutorial.py
[2026-06-18T22:43:59.123+0000] {logging_mixin.py:190} INFO - [2026-06-18T22:43:59.123+0000] {dag.py:3239} INFO - Sync 1 DAGs
[2026-06-18T22:43:59.143+0000] {logging_mixin.py:190} INFO - [2026-06-18T22:43:59.143+0000] {dag.py:4180} INFO - Setting next_dagrun for tutorial to 2026-06-17 00:00:00+00:00, run_after=2026-06-18 00:00:00+00:00
[2026-06-18T22:43:59.162+0000] {processor.py:208} INFO - Processing /home/airflow/.local/lib/python3.12/site-packages/airflow/example_dags/tutorial.py took 0.074 seconds
[2026-06-18T22:44:29.510+0000] {processor.py:186} INFO - Started process (PID=478) to work on /home/airflow/.local/lib/python3.12/site-packages/airflow/example_dags/tutorial.py
[2026-06-18T22:44:29.512+0000] {processor.py:914} INFO - Processing file /home/airflow/.local/lib/python3.12/site-packages/airflow/example_dags/tutorial.py for tasks to queue
[2026-06-18T22:44:29.514+0000] {logging_mixin.py:190} INFO - [2026-06-18T22:44:29.514+0000] {dagbag.py:588} INFO - Filling up the DagBag from /home/airflow/.local/lib/python3.12/site-packages/airflow/example_dags/tutorial.py
[2026-06-18T22:44:29.521+0000] {processor.py:925} INFO - DAG(s) 'tutorial' retrieved from /home/airflow/.local/lib/python3.12/site-packages/airflow/example_dags/tutorial.py
[2026-06-18T22:44:29.539+0000] {logging_mixin.py:190} INFO - [2026-06-18T22:44:29.539+0000] {dag.py:3239} INFO - Sync 1 DAGs
[2026-06-18T22:44:29.557+0000] {logging_mixin.py:190} INFO - [2026-06-18T22:44:29.557+0000] {dag.py:4180} INFO - Setting next_dagrun for tutorial to 2026-06-17 00:00:00+00:00, run_after=2026-06-18 00:00:00+00:00
[2026-06-18T22:44:29.579+0000] {processor.py:208} INFO - Processing /home/airflow/.local/lib/python3.12/site-packages/airflow/example_dags/tutorial.py took 0.074 seconds
[2026-06-18T22:45:00.231+0000] {processor.py:186} INFO - Started process (PID=542) to work on /home/airflow/.local/lib/python3.12/site-packages/airflow/example_dags/tutorial.py
[2026-06-18T22:45:00.233+0000] {processor.py:914} INFO - Processing file /home/airflow/.local/lib/python3.12/site-packages/airflow/example_dags/tutorial.py for tasks to queue
[2026-06-18T22:45:00.235+0000] {logging_mixin.py:190} INFO - [2026-06-18T22:45:00.235+0000] {dagbag.py:588} INFO - Filling up the DagBag from /home/airflow/.local/lib/python3.12/site-packages/airflow/example_dags/tutorial.py
[2026-06-18T22:45:00.242+0000] {processor.py:925} INFO - DAG(s) 'tutorial' retrieved from /home/airflow/.local/lib/python3.12/site-packages/airflow/example_dags/tutorial.py
[2026-06-18T22:45:00.260+0000] {logging_mixin.py:190} INFO - [2026-06-18T22:45:00.260+0000] {dag.py:3239} INFO - Sync 1 DAGs
[2026-06-18T22:45:00.277+0000] {logging_mixin.py:190} INFO - [2026-06-18T22:45:00.277+0000] {dag.py:4180} INFO - Setting next_dagrun for tutorial to 2026-06-17 00:00:00+00:00, run_after=2026-06-18 00:00:00+00:00
[2026-06-18T22:45:00.294+0000] {processor.py:208} INFO - Processing /home/airflow/.local/lib/python3.12/site-packages/airflow/example_dags/tutorial.py took 0.069 seconds
[2026-06-18T22:45:30.917+0000] {processor.py:186} INFO - Started process (PID=608) to work on /home/airflow/.local/lib/python3.12/site-packages/airflow/example_dags/tutorial.py
[2026-06-18T22:45:30.919+0000] {processor.py:914} INFO - Processing file /home/airflow/.local/lib/python3.12/site-packages/airflow/example_dags/tutorial.py for tasks to queue
[2026-06-18T22:45:30.922+0000] {logging_mixin.py:190} INFO - [2026-06-18T22:45:30.921+0000] {dagbag.py:588} INFO - Filling up the DagBag from /home/airflow/.local/lib/python3.12/site-packages/airflow/example_dags/tutorial.py
[2026-06-18T22:45:30.930+0000] {processor.py:925} INFO - DAG(s) 'tutorial' retrieved from /home/airflow/.local/lib/python3.12/site-packages/airflow/example_dags/tutorial.py
[2026-06-18T22:45:30.952+0000] {logging_mixin.py:190} INFO - [2026-06-18T22:45:30.951+0000] {dag.py:3239} INFO - Sync 1 DAGs
[2026-06-18T22:45:30.972+0000] {logging_mixin.py:190} INFO - [2026-06-18T22:45:30.972+0000] {dag.py:4180} INFO - Setting next_dagrun for tutorial to 2026-06-17 00:00:00+00:00, run_after=2026-06-18 00:00:00+00:00
[2026-06-18T22:45:30.990+0000] {processor.py:208} INFO - Processing /home/airflow/.local/lib/python3.12/site-packages/airflow/example_dags/tutorial.py took 0.078 seconds
[2026-06-18T22:46:01.118+0000] {processor.py:186} INFO - Started process (PID=672) to work on /home/airflow/.local/lib/python3.12/site-packages/airflow/example_dags/tutorial.py
[2026-06-18T22:46:01.119+0000] {processor.py:914} INFO - Processing file /home/airflow/.local/lib/python3.12/site-packages/airflow/example_dags/tutorial.py for tasks to queue
[2026-06-18T22:46:01.122+0000] {logging_mixin.py:190} INFO - [2026-06-18T22:46:01.121+0000] {dagbag.py:588} INFO - Filling up the DagBag from /home/airflow/.local/lib/python3.12/site-packages/airflow/example_dags/tutorial.py
[2026-06-18T22:46:01.129+0000] {processor.py:925} INFO - DAG(s) 'tutorial' retrieved from /home/airflow/.local/lib/python3.12/site-packages/airflow/example_dags/tutorial.py
[2026-06-18T22:46:01.147+0000] {logging_mixin.py:190} INFO - [2026-06-18T22:46:01.147+0000] {dag.py:3239} INFO - Sync 1 DAGs
[2026-06-18T22:46:01.166+0000] {logging_mixin.py:190} INFO - [2026-06-18T22:46:01.166+0000] {dag.py:4180} INFO - Setting next_dagrun for tutorial to 2026-06-17 00:00:00+00:00, run_after=2026-06-18 00:00:00+00:00
[2026-06-18T22:46:01.188+0000] {processor.py:208} INFO - Processing /home/airflow/.local/lib/python3.12/site-packages/airflow/example_dags/tutorial.py took 0.075 seconds
