[2026-06-18T22:41:26.017+0000] {processor.py:186} INFO - Started process (PID=92) to work on /home/airflow/.local/lib/python3.12/site-packages/airflow/example_dags/tutorial_dag.py
[2026-06-18T22:41:26.019+0000] {processor.py:914} INFO - Processing file /home/airflow/.local/lib/python3.12/site-packages/airflow/example_dags/tutorial_dag.py for tasks to queue
[2026-06-18T22:41:26.025+0000] {logging_mixin.py:190} INFO - [2026-06-18T22:41:26.024+0000] {dagbag.py:588} INFO - Filling up the DagBag from /home/airflow/.local/lib/python3.12/site-packages/airflow/example_dags/tutorial_dag.py
[2026-06-18T22:41:26.043+0000] {processor.py:925} INFO - DAG(s) 'tutorial_dag' retrieved from /home/airflow/.local/lib/python3.12/site-packages/airflow/example_dags/tutorial_dag.py
[2026-06-18T22:41:26.105+0000] {logging_mixin.py:190} INFO - [2026-06-18T22:41:26.105+0000] {dag.py:3239} INFO - Sync 1 DAGs
[2026-06-18T22:41:26.177+0000] {logging_mixin.py:190} INFO - [2026-06-18T22:41:26.176+0000] {dag.py:4180} INFO - Setting next_dagrun for tutorial_dag to None, run_after=None
[2026-06-18T22:41:26.237+0000] {processor.py:208} INFO - Processing /home/airflow/.local/lib/python3.12/site-packages/airflow/example_dags/tutorial_dag.py took 0.230 seconds
[2026-06-18T22:41:56.386+0000] {processor.py:186} INFO - Started process (PID=156) to work on /home/airflow/.local/lib/python3.12/site-packages/airflow/example_dags/tutorial_dag.py
[2026-06-18T22:41:56.397+0000] {processor.py:914} INFO - Processing file /home/airflow/.local/lib/python3.12/site-packages/airflow/example_dags/tutorial_dag.py for tasks to queue
[2026-06-18T22:41:56.400+0000] {logging_mixin.py:190} INFO - [2026-06-18T22:41:56.400+0000] {dagbag.py:588} INFO - Filling up the DagBag from /home/airflow/.local/lib/python3.12/site-packages/airflow/example_dags/tutorial_dag.py
[2026-06-18T22:41:56.411+0000] {processor.py:925} INFO - DAG(s) 'tutorial_dag' retrieved from /home/airflow/.local/lib/python3.12/site-packages/airflow/example_dags/tutorial_dag.py
[2026-06-18T22:41:56.434+0000] {logging_mixin.py:190} INFO - [2026-06-18T22:41:56.434+0000] {dag.py:3239} INFO - Sync 1 DAGs
[2026-06-18T22:41:56.451+0000] {logging_mixin.py:190} INFO - [2026-06-18T22:41:56.451+0000] {dag.py:4180} INFO - Setting next_dagrun for tutorial_dag to None, run_after=None
[2026-06-18T22:41:56.567+0000] {processor.py:208} INFO - Processing /home/airflow/.local/lib/python3.12/site-packages/airflow/example_dags/tutorial_dag.py took 0.189 seconds
[2026-06-18T22:42:26.652+0000] {processor.py:186} INFO - Started process (PID=220) to work on /home/airflow/.local/lib/python3.12/site-packages/airflow/example_dags/tutorial_dag.py
[2026-06-18T22:42:26.653+0000] {processor.py:914} INFO - Processing file /home/airflow/.local/lib/python3.12/site-packages/airflow/example_dags/tutorial_dag.py for tasks to queue
[2026-06-18T22:42:26.656+0000] {logging_mixin.py:190} INFO - [2026-06-18T22:42:26.656+0000] {dagbag.py:588} INFO - Filling up the DagBag from /home/airflow/.local/lib/python3.12/site-packages/airflow/example_dags/tutorial_dag.py
[2026-06-18T22:42:26.664+0000] {processor.py:925} INFO - DAG(s) 'tutorial_dag' retrieved from /home/airflow/.local/lib/python3.12/site-packages/airflow/example_dags/tutorial_dag.py
[2026-06-18T22:42:26.683+0000] {logging_mixin.py:190} INFO - [2026-06-18T22:42:26.682+0000] {dag.py:3239} INFO - Sync 1 DAGs
[2026-06-18T22:42:26.695+0000] {logging_mixin.py:190} INFO - [2026-06-18T22:42:26.694+0000] {dag.py:4180} INFO - Setting next_dagrun for tutorial_dag to None, run_after=None
[2026-06-18T22:42:26.720+0000] {processor.py:208} INFO - Processing /home/airflow/.local/lib/python3.12/site-packages/airflow/example_dags/tutorial_dag.py took 0.075 seconds
[2026-06-18T22:42:57.680+0000] {processor.py:186} INFO - Started process (PID=284) to work on /home/airflow/.local/lib/python3.12/site-packages/airflow/example_dags/tutorial_dag.py
[2026-06-18T22:42:57.681+0000] {processor.py:914} INFO - Processing file /home/airflow/.local/lib/python3.12/site-packages/airflow/example_dags/tutorial_dag.py for tasks to queue
[2026-06-18T22:42:57.685+0000] {logging_mixin.py:190} INFO - [2026-06-18T22:42:57.684+0000] {dagbag.py:588} INFO - Filling up the DagBag from /home/airflow/.local/lib/python3.12/site-packages/airflow/example_dags/tutorial_dag.py
[2026-06-18T22:42:57.696+0000] {processor.py:925} INFO - DAG(s) 'tutorial_dag' retrieved from /home/airflow/.local/lib/python3.12/site-packages/airflow/example_dags/tutorial_dag.py
[2026-06-18T22:42:57.742+0000] {logging_mixin.py:190} INFO - [2026-06-18T22:42:57.741+0000] {dag.py:3239} INFO - Sync 1 DAGs
[2026-06-18T22:42:57.772+0000] {logging_mixin.py:190} INFO - [2026-06-18T22:42:57.772+0000] {dag.py:4180} INFO - Setting next_dagrun for tutorial_dag to None, run_after=None
[2026-06-18T22:42:57.807+0000] {processor.py:208} INFO - Processing /home/airflow/.local/lib/python3.12/site-packages/airflow/example_dags/tutorial_dag.py took 0.134 seconds
[2026-06-18T22:43:28.742+0000] {processor.py:186} INFO - Started process (PID=348) to work on /home/airflow/.local/lib/python3.12/site-packages/airflow/example_dags/tutorial_dag.py
[2026-06-18T22:43:28.743+0000] {processor.py:914} INFO - Processing file /home/airflow/.local/lib/python3.12/site-packages/airflow/example_dags/tutorial_dag.py for tasks to queue
[2026-06-18T22:43:28.746+0000] {logging_mixin.py:190} INFO - [2026-06-18T22:43:28.746+0000] {dagbag.py:588} INFO - Filling up the DagBag from /home/airflow/.local/lib/python3.12/site-packages/airflow/example_dags/tutorial_dag.py
[2026-06-18T22:43:28.753+0000] {processor.py:925} INFO - DAG(s) 'tutorial_dag' retrieved from /home/airflow/.local/lib/python3.12/site-packages/airflow/example_dags/tutorial_dag.py
[2026-06-18T22:43:28.774+0000] {logging_mixin.py:190} INFO - [2026-06-18T22:43:28.774+0000] {dag.py:3239} INFO - Sync 1 DAGs
[2026-06-18T22:43:28.789+0000] {logging_mixin.py:190} INFO - [2026-06-18T22:43:28.788+0000] {dag.py:4180} INFO - Setting next_dagrun for tutorial_dag to None, run_after=None
[2026-06-18T22:43:28.815+0000] {processor.py:208} INFO - Processing /home/airflow/.local/lib/python3.12/site-packages/airflow/example_dags/tutorial_dag.py took 0.079 seconds
[2026-06-18T22:43:58.877+0000] {processor.py:186} INFO - Started process (PID=412) to work on /home/airflow/.local/lib/python3.12/site-packages/airflow/example_dags/tutorial_dag.py
[2026-06-18T22:43:58.878+0000] {processor.py:914} INFO - Processing file /home/airflow/.local/lib/python3.12/site-packages/airflow/example_dags/tutorial_dag.py for tasks to queue
[2026-06-18T22:43:58.881+0000] {logging_mixin.py:190} INFO - [2026-06-18T22:43:58.880+0000] {dagbag.py:588} INFO - Filling up the DagBag from /home/airflow/.local/lib/python3.12/site-packages/airflow/example_dags/tutorial_dag.py
[2026-06-18T22:43:58.888+0000] {processor.py:925} INFO - DAG(s) 'tutorial_dag' retrieved from /home/airflow/.local/lib/python3.12/site-packages/airflow/example_dags/tutorial_dag.py
[2026-06-18T22:43:58.907+0000] {logging_mixin.py:190} INFO - [2026-06-18T22:43:58.907+0000] {dag.py:3239} INFO - Sync 1 DAGs
[2026-06-18T22:43:58.920+0000] {logging_mixin.py:190} INFO - [2026-06-18T22:43:58.920+0000] {dag.py:4180} INFO - Setting next_dagrun for tutorial_dag to None, run_after=None
[2026-06-18T22:43:58.937+0000] {processor.py:208} INFO - Processing /home/airflow/.local/lib/python3.12/site-packages/airflow/example_dags/tutorial_dag.py took 0.065 seconds
[2026-06-18T22:44:29.413+0000] {processor.py:186} INFO - Started process (PID=476) to work on /home/airflow/.local/lib/python3.12/site-packages/airflow/example_dags/tutorial_dag.py
[2026-06-18T22:44:29.414+0000] {processor.py:914} INFO - Processing file /home/airflow/.local/lib/python3.12/site-packages/airflow/example_dags/tutorial_dag.py for tasks to queue
[2026-06-18T22:44:29.416+0000] {logging_mixin.py:190} INFO - [2026-06-18T22:44:29.416+0000] {dagbag.py:588} INFO - Filling up the DagBag from /home/airflow/.local/lib/python3.12/site-packages/airflow/example_dags/tutorial_dag.py
[2026-06-18T22:44:29.424+0000] {processor.py:925} INFO - DAG(s) 'tutorial_dag' retrieved from /home/airflow/.local/lib/python3.12/site-packages/airflow/example_dags/tutorial_dag.py
[2026-06-18T22:44:29.445+0000] {logging_mixin.py:190} INFO - [2026-06-18T22:44:29.445+0000] {dag.py:3239} INFO - Sync 1 DAGs
[2026-06-18T22:44:29.458+0000] {logging_mixin.py:190} INFO - [2026-06-18T22:44:29.457+0000] {dag.py:4180} INFO - Setting next_dagrun for tutorial_dag to None, run_after=None
[2026-06-18T22:44:29.475+0000] {processor.py:208} INFO - Processing /home/airflow/.local/lib/python3.12/site-packages/airflow/example_dags/tutorial_dag.py took 0.067 seconds
[2026-06-18T22:45:00.110+0000] {processor.py:186} INFO - Started process (PID=540) to work on /home/airflow/.local/lib/python3.12/site-packages/airflow/example_dags/tutorial_dag.py
[2026-06-18T22:45:00.111+0000] {processor.py:914} INFO - Processing file /home/airflow/.local/lib/python3.12/site-packages/airflow/example_dags/tutorial_dag.py for tasks to queue
[2026-06-18T22:45:00.115+0000] {logging_mixin.py:190} INFO - [2026-06-18T22:45:00.114+0000] {dagbag.py:588} INFO - Filling up the DagBag from /home/airflow/.local/lib/python3.12/site-packages/airflow/example_dags/tutorial_dag.py
[2026-06-18T22:45:00.122+0000] {processor.py:925} INFO - DAG(s) 'tutorial_dag' retrieved from /home/airflow/.local/lib/python3.12/site-packages/airflow/example_dags/tutorial_dag.py
[2026-06-18T22:45:00.141+0000] {logging_mixin.py:190} INFO - [2026-06-18T22:45:00.140+0000] {dag.py:3239} INFO - Sync 1 DAGs
[2026-06-18T22:45:00.152+0000] {logging_mixin.py:190} INFO - [2026-06-18T22:45:00.152+0000] {dag.py:4180} INFO - Setting next_dagrun for tutorial_dag to None, run_after=None
[2026-06-18T22:45:00.169+0000] {processor.py:208} INFO - Processing /home/airflow/.local/lib/python3.12/site-packages/airflow/example_dags/tutorial_dag.py took 0.064 seconds
[2026-06-18T22:45:30.815+0000] {processor.py:186} INFO - Started process (PID=606) to work on /home/airflow/.local/lib/python3.12/site-packages/airflow/example_dags/tutorial_dag.py
[2026-06-18T22:45:30.816+0000] {processor.py:914} INFO - Processing file /home/airflow/.local/lib/python3.12/site-packages/airflow/example_dags/tutorial_dag.py for tasks to queue
[2026-06-18T22:45:30.819+0000] {logging_mixin.py:190} INFO - [2026-06-18T22:45:30.818+0000] {dagbag.py:588} INFO - Filling up the DagBag from /home/airflow/.local/lib/python3.12/site-packages/airflow/example_dags/tutorial_dag.py
[2026-06-18T22:45:30.826+0000] {processor.py:925} INFO - DAG(s) 'tutorial_dag' retrieved from /home/airflow/.local/lib/python3.12/site-packages/airflow/example_dags/tutorial_dag.py
[2026-06-18T22:45:30.846+0000] {logging_mixin.py:190} INFO - [2026-06-18T22:45:30.846+0000] {dag.py:3239} INFO - Sync 1 DAGs
[2026-06-18T22:45:30.859+0000] {logging_mixin.py:190} INFO - [2026-06-18T22:45:30.859+0000] {dag.py:4180} INFO - Setting next_dagrun for tutorial_dag to None, run_after=None
[2026-06-18T22:45:30.879+0000] {processor.py:208} INFO - Processing /home/airflow/.local/lib/python3.12/site-packages/airflow/example_dags/tutorial_dag.py took 0.070 seconds
[2026-06-18T22:46:01.021+0000] {processor.py:186} INFO - Started process (PID=670) to work on /home/airflow/.local/lib/python3.12/site-packages/airflow/example_dags/tutorial_dag.py
[2026-06-18T22:46:01.023+0000] {processor.py:914} INFO - Processing file /home/airflow/.local/lib/python3.12/site-packages/airflow/example_dags/tutorial_dag.py for tasks to queue
[2026-06-18T22:46:01.026+0000] {logging_mixin.py:190} INFO - [2026-06-18T22:46:01.025+0000] {dagbag.py:588} INFO - Filling up the DagBag from /home/airflow/.local/lib/python3.12/site-packages/airflow/example_dags/tutorial_dag.py
[2026-06-18T22:46:01.034+0000] {processor.py:925} INFO - DAG(s) 'tutorial_dag' retrieved from /home/airflow/.local/lib/python3.12/site-packages/airflow/example_dags/tutorial_dag.py
[2026-06-18T22:46:01.053+0000] {logging_mixin.py:190} INFO - [2026-06-18T22:46:01.053+0000] {dag.py:3239} INFO - Sync 1 DAGs
[2026-06-18T22:46:01.065+0000] {logging_mixin.py:190} INFO - [2026-06-18T22:46:01.065+0000] {dag.py:4180} INFO - Setting next_dagrun for tutorial_dag to None, run_after=None
[2026-06-18T22:46:01.084+0000] {processor.py:208} INFO - Processing /home/airflow/.local/lib/python3.12/site-packages/airflow/example_dags/tutorial_dag.py took 0.067 seconds
