[2026-06-29T15:28:21.845+0000] {local_task_job_runner.py:123} INFO - ::group::Pre task execution logs
[2026-06-29T15:28:21.905+0000] {taskinstance.py:2612} INFO - Dependencies all met for dep_context=non-requeueable deps ti=<TaskInstance: extract_raw_data_pipeline.extract_raw_data scheduled__2026-06-29T07:58:00+00:00 [queued]>
[2026-06-29T15:28:21.936+0000] {taskinstance.py:2612} INFO - Dependencies all met for dep_context=requeueable deps ti=<TaskInstance: extract_raw_data_pipeline.extract_raw_data scheduled__2026-06-29T07:58:00+00:00 [queued]>
[2026-06-29T15:28:21.939+0000] {taskinstance.py:2865} INFO - Starting attempt 1 of 1
[2026-06-29T15:28:21.984+0000] {taskinstance.py:2888} INFO - Executing <Task(PythonOperator): extract_raw_data> on 2026-06-29 07:58:00+00:00
[2026-06-29T15:28:22.002+0000] {warnings.py:112} WARNING - /home/***/.local/lib/python3.12/site-packages/***/task/task_runner/standard_task_runner.py:70: DeprecationWarning: This process (pid=357) is multi-threaded, use of fork() may lead to deadlocks in the child.
  pid = os.fork()

[2026-06-29T15:28:22.011+0000] {standard_task_runner.py:72} INFO - Started process 361 to run task
[2026-06-29T15:28:22.008+0000] {standard_task_runner.py:104} INFO - Running: ['***', 'tasks', 'run', 'extract_raw_data_pipeline', 'extract_raw_data', 'scheduled__2026-06-29T07:58:00+00:00', '--job-id', '46', '--raw', '--subdir', 'DAGS_FOLDER/driven_data_pipeline.py', '--cfg-path', '/tmp/tmpvag2jn1y']
[2026-06-29T15:28:22.019+0000] {standard_task_runner.py:105} INFO - Job 46: Subtask extract_raw_data
[2026-06-29T15:28:22.321+0000] {task_command.py:467} INFO - Running <TaskInstance: extract_raw_data_pipeline.extract_raw_data scheduled__2026-06-29T07:58:00+00:00 [running]> on host 504dcc4e7b72
[2026-06-29T15:28:22.551+0000] {taskinstance.py:3131} INFO - Exporting env vars: AIRFLOW_CTX_DAG_OWNER='***' AIRFLOW_CTX_DAG_ID='extract_raw_data_pipeline' AIRFLOW_CTX_TASK_ID='extract_raw_data' AIRFLOW_CTX_EXECUTION_DATE='2026-06-29T07:58:00+00:00' AIRFLOW_CTX_TRY_NUMBER='1' AIRFLOW_CTX_DAG_RUN_ID='scheduled__2026-06-29T07:58:00+00:00'
[2026-06-29T15:28:22.555+0000] {taskinstance.py:731} INFO - ::endgroup::
[2026-06-29T15:28:22.595+0000] {driven_data_pipeline.py:146} INFO - Started batch processing for 2026-06-29.
[2026-06-29T15:28:22.597+0000] {driven_data_pipeline.py:33} INFO - Created synthetic data for MX country code.
[2026-06-29T15:28:22.941+0000] {driven_data_pipeline.py:100} INFO - Written 240 records to the CSV file.
[2026-06-29T15:28:23.081+0000] {driven_data_pipeline.py:118} INFO - Added UUID to the dataset.
[2026-06-29T15:28:23.135+0000] {driven_data_pipeline.py:139} INFO - Updated accessed timestamp.
[2026-06-29T15:28:23.137+0000] {python.py:240} INFO - Done. Returned value was: None
[2026-06-29T15:28:23.160+0000] {taskinstance.py:340} INFO - ::group::Post task execution logs
[2026-06-29T15:28:23.162+0000] {taskinstance.py:352} INFO - Marking task as SUCCESS. dag_id=extract_raw_data_pipeline, task_id=extract_raw_data, run_id=scheduled__2026-06-29T07:58:00+00:00, execution_date=20260629T075800, start_date=20260629T152821, end_date=20260629T152823
[2026-06-29T15:28:23.219+0000] {local_task_job_runner.py:266} INFO - Task exited with return code 0
[2026-06-29T15:28:23.272+0000] {taskinstance.py:3900} INFO - 1 downstream tasks scheduled from follow-on schedule check
[2026-06-29T15:28:23.277+0000] {local_task_job_runner.py:245} INFO - ::endgroup::
