[2026-06-18T22:41:20.803+0000] {processor.py:186} INFO - Started process (PID=62) to work on /opt/airflow/dags/batch_generator2.py
[2026-06-18T22:41:20.806+0000] {processor.py:914} INFO - Processing file /opt/airflow/dags/batch_generator2.py for tasks to queue
[2026-06-18T22:41:20.816+0000] {logging_mixin.py:190} INFO - [2026-06-18T22:41:20.814+0000] {dagbag.py:588} INFO - Filling up the DagBag from /opt/airflow/dags/batch_generator2.py
[2026-06-18T22:41:20.899+0000] {logging_mixin.py:190} INFO - [2026-06-18T22:41:20.886+0000] {dagbag.py:387} ERROR - Failed to import: /opt/airflow/dags/batch_generator2.py
Traceback (most recent call last):
  File "/home/airflow/.local/lib/python3.12/site-packages/airflow/models/dagbag.py", line 383, in parse
    loader.exec_module(new_module)
  File "<frozen importlib._bootstrap_external>", line 995, in exec_module
  File "<frozen importlib._bootstrap>", line 488, in _call_with_frames_removed
  File "/opt/airflow/dags/batch_generator2.py", line 5, in <module>
    import polars as pl
ModuleNotFoundError: No module named 'polars'
[2026-06-18T22:41:20.904+0000] {processor.py:927} WARNING - No viable dags retrieved from /opt/airflow/dags/batch_generator2.py
[2026-06-18T22:41:20.953+0000] {processor.py:208} INFO - Processing /opt/airflow/dags/batch_generator2.py took 0.167 seconds
[2026-06-18T22:41:51.066+0000] {processor.py:186} INFO - Started process (PID=126) to work on /opt/airflow/dags/batch_generator2.py
[2026-06-18T22:41:51.152+0000] {processor.py:914} INFO - Processing file /opt/airflow/dags/batch_generator2.py for tasks to queue
[2026-06-18T22:41:51.158+0000] {logging_mixin.py:190} INFO - [2026-06-18T22:41:51.157+0000] {dagbag.py:588} INFO - Filling up the DagBag from /opt/airflow/dags/batch_generator2.py
[2026-06-18T22:41:51.271+0000] {logging_mixin.py:190} INFO - [2026-06-18T22:41:51.266+0000] {dagbag.py:387} ERROR - Failed to import: /opt/airflow/dags/batch_generator2.py
Traceback (most recent call last):
  File "/home/airflow/.local/lib/python3.12/site-packages/airflow/models/dagbag.py", line 383, in parse
    loader.exec_module(new_module)
  File "<frozen importlib._bootstrap_external>", line 995, in exec_module
  File "<frozen importlib._bootstrap>", line 488, in _call_with_frames_removed
  File "/opt/airflow/dags/batch_generator2.py", line 5, in <module>
    import polars as pl
ModuleNotFoundError: No module named 'polars'
[2026-06-18T22:41:51.274+0000] {processor.py:927} WARNING - No viable dags retrieved from /opt/airflow/dags/batch_generator2.py
[2026-06-18T22:41:51.462+0000] {processor.py:208} INFO - Processing /opt/airflow/dags/batch_generator2.py took 0.401 seconds
[2026-06-18T22:42:22.441+0000] {processor.py:186} INFO - Started process (PID=196) to work on /opt/airflow/dags/batch_generator2.py
[2026-06-18T22:42:22.442+0000] {processor.py:914} INFO - Processing file /opt/airflow/dags/batch_generator2.py for tasks to queue
[2026-06-18T22:42:22.445+0000] {logging_mixin.py:190} INFO - [2026-06-18T22:42:22.445+0000] {dagbag.py:588} INFO - Filling up the DagBag from /opt/airflow/dags/batch_generator2.py
[2026-06-18T22:42:22.472+0000] {logging_mixin.py:190} INFO - [2026-06-18T22:42:22.465+0000] {dagbag.py:387} ERROR - Failed to import: /opt/airflow/dags/batch_generator2.py
Traceback (most recent call last):
  File "/home/airflow/.local/lib/python3.12/site-packages/airflow/models/dagbag.py", line 383, in parse
    loader.exec_module(new_module)
  File "<frozen importlib._bootstrap_external>", line 995, in exec_module
  File "<frozen importlib._bootstrap>", line 488, in _call_with_frames_removed
  File "/opt/airflow/dags/batch_generator2.py", line 5, in <module>
    import polars as pl
ModuleNotFoundError: No module named 'polars'
[2026-06-18T22:42:22.474+0000] {processor.py:927} WARNING - No viable dags retrieved from /opt/airflow/dags/batch_generator2.py
[2026-06-18T22:42:22.502+0000] {processor.py:208} INFO - Processing /opt/airflow/dags/batch_generator2.py took 0.068 seconds
[2026-06-18T22:42:52.677+0000] {processor.py:186} INFO - Started process (PID=260) to work on /opt/airflow/dags/batch_generator2.py
[2026-06-18T22:42:52.679+0000] {processor.py:914} INFO - Processing file /opt/airflow/dags/batch_generator2.py for tasks to queue
[2026-06-18T22:42:52.681+0000] {logging_mixin.py:190} INFO - [2026-06-18T22:42:52.681+0000] {dagbag.py:588} INFO - Filling up the DagBag from /opt/airflow/dags/batch_generator2.py
[2026-06-18T22:42:52.705+0000] {logging_mixin.py:190} INFO - [2026-06-18T22:42:52.700+0000] {dagbag.py:387} ERROR - Failed to import: /opt/airflow/dags/batch_generator2.py
Traceback (most recent call last):
  File "/home/airflow/.local/lib/python3.12/site-packages/airflow/models/dagbag.py", line 383, in parse
    loader.exec_module(new_module)
  File "<frozen importlib._bootstrap_external>", line 995, in exec_module
  File "<frozen importlib._bootstrap>", line 488, in _call_with_frames_removed
  File "/opt/airflow/dags/batch_generator2.py", line 5, in <module>
    import polars as pl
ModuleNotFoundError: No module named 'polars'
[2026-06-18T22:42:52.708+0000] {processor.py:927} WARNING - No viable dags retrieved from /opt/airflow/dags/batch_generator2.py
[2026-06-18T22:42:52.823+0000] {processor.py:208} INFO - Processing /opt/airflow/dags/batch_generator2.py took 0.152 seconds
[2026-06-18T22:43:23.154+0000] {processor.py:186} INFO - Started process (PID=324) to work on /opt/airflow/dags/batch_generator2.py
[2026-06-18T22:43:23.155+0000] {processor.py:914} INFO - Processing file /opt/airflow/dags/batch_generator2.py for tasks to queue
[2026-06-18T22:43:23.158+0000] {logging_mixin.py:190} INFO - [2026-06-18T22:43:23.158+0000] {dagbag.py:588} INFO - Filling up the DagBag from /opt/airflow/dags/batch_generator2.py
[2026-06-18T22:43:23.182+0000] {logging_mixin.py:190} INFO - [2026-06-18T22:43:23.178+0000] {dagbag.py:387} ERROR - Failed to import: /opt/airflow/dags/batch_generator2.py
Traceback (most recent call last):
  File "/home/airflow/.local/lib/python3.12/site-packages/airflow/models/dagbag.py", line 383, in parse
    loader.exec_module(new_module)
  File "<frozen importlib._bootstrap_external>", line 995, in exec_module
  File "<frozen importlib._bootstrap>", line 488, in _call_with_frames_removed
  File "/opt/airflow/dags/batch_generator2.py", line 5, in <module>
    import polars as pl
ModuleNotFoundError: No module named 'polars'
[2026-06-18T22:43:23.184+0000] {processor.py:927} WARNING - No viable dags retrieved from /opt/airflow/dags/batch_generator2.py
[2026-06-18T22:43:23.204+0000] {processor.py:208} INFO - Processing /opt/airflow/dags/batch_generator2.py took 0.055 seconds
[2026-06-18T22:43:53.281+0000] {processor.py:186} INFO - Started process (PID=388) to work on /opt/airflow/dags/batch_generator2.py
[2026-06-18T22:43:53.283+0000] {processor.py:914} INFO - Processing file /opt/airflow/dags/batch_generator2.py for tasks to queue
[2026-06-18T22:43:53.287+0000] {logging_mixin.py:190} INFO - [2026-06-18T22:43:53.287+0000] {dagbag.py:588} INFO - Filling up the DagBag from /opt/airflow/dags/batch_generator2.py
[2026-06-18T22:43:53.312+0000] {logging_mixin.py:190} INFO - [2026-06-18T22:43:53.307+0000] {dagbag.py:387} ERROR - Failed to import: /opt/airflow/dags/batch_generator2.py
Traceback (most recent call last):
  File "/home/airflow/.local/lib/python3.12/site-packages/airflow/models/dagbag.py", line 383, in parse
    loader.exec_module(new_module)
  File "<frozen importlib._bootstrap_external>", line 995, in exec_module
  File "<frozen importlib._bootstrap>", line 488, in _call_with_frames_removed
  File "/opt/airflow/dags/batch_generator2.py", line 5, in <module>
    import polars as pl
ModuleNotFoundError: No module named 'polars'
[2026-06-18T22:43:53.314+0000] {processor.py:927} WARNING - No viable dags retrieved from /opt/airflow/dags/batch_generator2.py
[2026-06-18T22:43:53.336+0000] {processor.py:208} INFO - Processing /opt/airflow/dags/batch_generator2.py took 0.061 seconds
[2026-06-18T22:44:23.832+0000] {processor.py:186} INFO - Started process (PID=452) to work on /opt/airflow/dags/batch_generator2.py
[2026-06-18T22:44:23.833+0000] {processor.py:914} INFO - Processing file /opt/airflow/dags/batch_generator2.py for tasks to queue
[2026-06-18T22:44:23.837+0000] {logging_mixin.py:190} INFO - [2026-06-18T22:44:23.836+0000] {dagbag.py:588} INFO - Filling up the DagBag from /opt/airflow/dags/batch_generator2.py
[2026-06-18T22:44:23.864+0000] {logging_mixin.py:190} INFO - [2026-06-18T22:44:23.858+0000] {dagbag.py:387} ERROR - Failed to import: /opt/airflow/dags/batch_generator2.py
Traceback (most recent call last):
  File "/home/airflow/.local/lib/python3.12/site-packages/airflow/models/dagbag.py", line 383, in parse
    loader.exec_module(new_module)
  File "<frozen importlib._bootstrap_external>", line 995, in exec_module
  File "<frozen importlib._bootstrap>", line 488, in _call_with_frames_removed
  File "/opt/airflow/dags/batch_generator2.py", line 5, in <module>
    import polars as pl
ModuleNotFoundError: No module named 'polars'
[2026-06-18T22:44:23.866+0000] {processor.py:927} WARNING - No viable dags retrieved from /opt/airflow/dags/batch_generator2.py
[2026-06-18T22:44:23.889+0000] {processor.py:208} INFO - Processing /opt/airflow/dags/batch_generator2.py took 0.063 seconds
[2026-06-18T22:44:54.489+0000] {processor.py:186} INFO - Started process (PID=516) to work on /opt/airflow/dags/batch_generator2.py
[2026-06-18T22:44:54.491+0000] {processor.py:914} INFO - Processing file /opt/airflow/dags/batch_generator2.py for tasks to queue
[2026-06-18T22:44:54.495+0000] {logging_mixin.py:190} INFO - [2026-06-18T22:44:54.494+0000] {dagbag.py:588} INFO - Filling up the DagBag from /opt/airflow/dags/batch_generator2.py
[2026-06-18T22:44:54.525+0000] {logging_mixin.py:190} INFO - [2026-06-18T22:44:54.519+0000] {dagbag.py:387} ERROR - Failed to import: /opt/airflow/dags/batch_generator2.py
Traceback (most recent call last):
  File "/home/airflow/.local/lib/python3.12/site-packages/airflow/models/dagbag.py", line 383, in parse
    loader.exec_module(new_module)
  File "<frozen importlib._bootstrap_external>", line 995, in exec_module
  File "<frozen importlib._bootstrap>", line 488, in _call_with_frames_removed
  File "/opt/airflow/dags/batch_generator2.py", line 5, in <module>
    import polars as pl
ModuleNotFoundError: No module named 'polars'
[2026-06-18T22:44:54.528+0000] {processor.py:927} WARNING - No viable dags retrieved from /opt/airflow/dags/batch_generator2.py
[2026-06-18T22:44:54.554+0000] {processor.py:208} INFO - Processing /opt/airflow/dags/batch_generator2.py took 0.072 seconds
[2026-06-18T22:45:25.049+0000] {processor.py:186} INFO - Started process (PID=580) to work on /opt/airflow/dags/batch_generator2.py
[2026-06-18T22:45:25.050+0000] {processor.py:914} INFO - Processing file /opt/airflow/dags/batch_generator2.py for tasks to queue
[2026-06-18T22:45:25.053+0000] {logging_mixin.py:190} INFO - [2026-06-18T22:45:25.052+0000] {dagbag.py:588} INFO - Filling up the DagBag from /opt/airflow/dags/batch_generator2.py
[2026-06-18T22:45:25.079+0000] {logging_mixin.py:190} INFO - [2026-06-18T22:45:25.074+0000] {dagbag.py:387} ERROR - Failed to import: /opt/airflow/dags/batch_generator2.py
Traceback (most recent call last):
  File "/home/airflow/.local/lib/python3.12/site-packages/airflow/models/dagbag.py", line 383, in parse
    loader.exec_module(new_module)
  File "<frozen importlib._bootstrap_external>", line 995, in exec_module
  File "<frozen importlib._bootstrap>", line 488, in _call_with_frames_removed
  File "/opt/airflow/dags/batch_generator2.py", line 5, in <module>
    import polars as pl
ModuleNotFoundError: No module named 'polars'
[2026-06-18T22:45:25.080+0000] {processor.py:927} WARNING - No viable dags retrieved from /opt/airflow/dags/batch_generator2.py
[2026-06-18T22:45:25.100+0000] {processor.py:208} INFO - Processing /opt/airflow/dags/batch_generator2.py took 0.056 seconds
[2026-06-18T22:45:55.342+0000] {processor.py:186} INFO - Started process (PID=645) to work on /opt/airflow/dags/batch_generator2.py
[2026-06-18T22:45:55.343+0000] {processor.py:914} INFO - Processing file /opt/airflow/dags/batch_generator2.py for tasks to queue
[2026-06-18T22:45:55.345+0000] {logging_mixin.py:190} INFO - [2026-06-18T22:45:55.345+0000] {dagbag.py:588} INFO - Filling up the DagBag from /opt/airflow/dags/batch_generator2.py
[2026-06-18T22:45:55.372+0000] {logging_mixin.py:190} INFO - [2026-06-18T22:45:55.367+0000] {dagbag.py:387} ERROR - Failed to import: /opt/airflow/dags/batch_generator2.py
Traceback (most recent call last):
  File "/home/airflow/.local/lib/python3.12/site-packages/airflow/models/dagbag.py", line 383, in parse
    loader.exec_module(new_module)
  File "<frozen importlib._bootstrap_external>", line 995, in exec_module
  File "<frozen importlib._bootstrap>", line 488, in _call_with_frames_removed
  File "/opt/airflow/dags/batch_generator2.py", line 5, in <module>
    import polars as pl
ModuleNotFoundError: No module named 'polars'
[2026-06-18T22:45:55.374+0000] {processor.py:927} WARNING - No viable dags retrieved from /opt/airflow/dags/batch_generator2.py
[2026-06-18T22:45:55.396+0000] {processor.py:208} INFO - Processing /opt/airflow/dags/batch_generator2.py took 0.059 seconds
