[2026-06-29T16:10:03.059+0000] {local_task_job_runner.py:123} INFO - ::group::Pre task execution logs
[2026-06-29T16:10:03.080+0000] {taskinstance.py:2612} INFO - Dependencies all met for dep_context=non-requeueable deps ti=<TaskInstance: extract_raw_data_pipeline.create_raw_chema manual__2026-06-29T16:10:01.317181+00:00 [queued]>
[2026-06-29T16:10:03.088+0000] {taskinstance.py:2612} INFO - Dependencies all met for dep_context=requeueable deps ti=<TaskInstance: extract_raw_data_pipeline.create_raw_chema manual__2026-06-29T16:10:01.317181+00:00 [queued]>
[2026-06-29T16:10:03.090+0000] {taskinstance.py:2865} INFO - Starting attempt 1 of 1
[2026-06-29T16:10:03.105+0000] {taskinstance.py:2888} INFO - Executing <Task(SQLExecuteQueryOperator): create_raw_chema> on 2026-06-29 16:10:01.317181+00:00
[2026-06-29T16:10:03.112+0000] {warnings.py:112} WARNING - /home/***/.local/lib/python3.12/site-packages/***/task/task_runner/standard_task_runner.py:70: DeprecationWarning: This process (pid=367) is multi-threaded, use of fork() may lead to deadlocks in the child.
  pid = os.fork()

[2026-06-29T16:10:03.115+0000] {standard_task_runner.py:72} INFO - Started process 375 to run task
[2026-06-29T16:10:03.116+0000] {standard_task_runner.py:104} INFO - Running: ['***', 'tasks', 'run', 'extract_raw_data_pipeline', 'create_raw_chema', 'manual__2026-06-29T16:10:01.317181+00:00', '--job-id', '55', '--raw', '--subdir', 'DAGS_FOLDER/driven_data_pipeline.py', '--cfg-path', '/tmp/tmpwxzndckv']
[2026-06-29T16:10:03.118+0000] {standard_task_runner.py:105} INFO - Job 55: Subtask create_raw_chema
[2026-06-29T16:10:03.213+0000] {task_command.py:467} INFO - Running <TaskInstance: extract_raw_data_pipeline.create_raw_chema manual__2026-06-29T16:10:01.317181+00:00 [running]> on host 296d79d10479
[2026-06-29T16:10:03.308+0000] {taskinstance.py:3131} INFO - Exporting env vars: AIRFLOW_CTX_DAG_OWNER='***' AIRFLOW_CTX_DAG_ID='extract_raw_data_pipeline' AIRFLOW_CTX_TASK_ID='create_raw_chema' AIRFLOW_CTX_EXECUTION_DATE='2026-06-29T16:10:01.317181+00:00' AIRFLOW_CTX_TRY_NUMBER='1' AIRFLOW_CTX_DAG_RUN_ID='manual__2026-06-29T16:10:01.317181+00:00'
[2026-06-29T16:10:03.310+0000] {taskinstance.py:731} INFO - ::endgroup::
[2026-06-29T16:10:03.331+0000] {sql.py:266} INFO - Executing: CREATE SCHEMA IF NOT EXISTS driven_raw;
[2026-06-29T16:10:03.347+0000] {base.py:84} INFO - Retrieving connection 'postgres_conn'
[2026-06-29T16:10:03.365+0000] {base.py:84} INFO - Retrieving connection 'postgres_conn'
[2026-06-29T16:10:03.370+0000] {sql.py:509} INFO - Running statement: CREATE SCHEMA IF NOT EXISTS driven_raw;, parameters: None
[2026-06-29T16:10:03.389+0000] {taskinstance.py:340} INFO - ::group::Post task execution logs
[2026-06-29T16:10:03.390+0000] {taskinstance.py:352} INFO - Marking task as SUCCESS. dag_id=extract_raw_data_pipeline, task_id=create_raw_chema, run_id=manual__2026-06-29T16:10:01.317181+00:00, execution_date=20260629T161001, start_date=20260629T161003, end_date=20260629T161003
[2026-06-29T16:10:03.454+0000] {local_task_job_runner.py:266} INFO - Task exited with return code 0
[2026-06-29T16:10:03.479+0000] {taskinstance.py:3900} INFO - 0 downstream tasks scheduled from follow-on schedule check
[2026-06-29T16:10:03.485+0000] {local_task_job_runner.py:245} INFO - ::endgroup::
